Component: ARM Compiler 5.06 update 7 (build 960) Tool: armlink [4d3601]

==============================================================================

Section Cross References

    startup_stm32f407xx.o(STACK) refers (Special) to heapauxi.o(.text) for __use_two_region_memory
    startup_stm32f407xx.o(HEAP) refers (Special) to heapauxi.o(.text) for __use_two_region_memory
    startup_stm32f407xx.o(RESET) refers (Special) to heapauxi.o(.text) for __use_two_region_memory
    startup_stm32f407xx.o(RESET) refers to startup_stm32f407xx.o(STACK) for __initial_sp
    startup_stm32f407xx.o(RESET) refers to startup_stm32f407xx.o(.text) for Reset_Handler
    startup_stm32f407xx.o(RESET) refers to stm32f4xx_it.o(i.NMI_Handler) for NMI_Handler
    startup_stm32f407xx.o(RESET) refers to stm32f4xx_it.o(i.HardFault_Handler) for HardFault_Handler
    startup_stm32f407xx.o(RESET) refers to stm32f4xx_it.o(i.MemManage_Handler) for MemManage_Handler
    startup_stm32f407xx.o(RESET) refers to stm32f4xx_it.o(i.BusFault_Handler) for BusFault_Handler
    startup_stm32f407xx.o(RESET) refers to stm32f4xx_it.o(i.UsageFault_Handler) for UsageFault_Handler
    startup_stm32f407xx.o(RESET) refers to port.o(.emb_text) for SVC_Handler
    startup_stm32f407xx.o(RESET) refers to stm32f4xx_it.o(i.DebugMon_Handler) for DebugMon_Handler
    startup_stm32f407xx.o(RESET) refers to stm32f4xx_it.o(i.SysTick_Handler) for SysTick_Handler
    startup_stm32f407xx.o(RESET) refers to stm32f4xx_it.o(i.EXTI0_IRQHandler) for EXTI0_IRQHandler
    startup_stm32f407xx.o(RESET) refers to stm32f4xx_it.o(i.EXTI3_IRQHandler) for EXTI3_IRQHandler
    startup_stm32f407xx.o(RESET) refers to stm32f4xx_it.o(i.EXTI4_IRQHandler) for EXTI4_IRQHandler
    startup_stm32f407xx.o(RESET) refers to stm32f4xx_it.o(i.CAN1_RX0_IRQHandler) for CAN1_RX0_IRQHandler
    startup_stm32f407xx.o(RESET) refers to stm32f4xx_it.o(i.EXTI9_5_IRQHandler) for EXTI9_5_IRQHandler
    startup_stm32f407xx.o(RESET) refers to rm_usart.o(i.USART1_IRQHandler) for USART1_IRQHandler
    startup_stm32f407xx.o(RESET) refers to remote_control.o(i.USART3_IRQHandler) for USART3_IRQHandler
    startup_stm32f407xx.o(RESET) refers to stm32f4xx_it.o(i.TIM8_UP_TIM13_IRQHandler) for TIM8_UP_TIM13_IRQHandler
    startup_stm32f407xx.o(RESET) refers to bsp_i2c.o(i.DMA1_Stream7_IRQHandler) for DMA1_Stream7_IRQHandler
    startup_stm32f407xx.o(RESET) refers to stm32f4xx_it.o(i.DMA2_Stream1_IRQHandler) for DMA2_Stream1_IRQHandler
    startup_stm32f407xx.o(RESET) refers to ins_task.o(i.DMA2_Stream2_IRQHandler) for DMA2_Stream2_IRQHandler
    startup_stm32f407xx.o(RESET) refers to stm32f4xx_it.o(i.CAN2_RX0_IRQHandler) for CAN2_RX0_IRQHandler
    startup_stm32f407xx.o(RESET) refers to stm32f4xx_it.o(i.OTG_FS_IRQHandler) for OTG_FS_IRQHandler
    startup_stm32f407xx.o(RESET) refers to stm32f4xx_it.o(i.DMA2_Stream5_IRQHandler) for DMA2_Stream5_IRQHandler
    startup_stm32f407xx.o(RESET) refers to stm32f4xx_it.o(i.DMA2_Stream6_IRQHandler) for DMA2_Stream6_IRQHandler
    startup_stm32f407xx.o(RESET) refers to stm32f4xx_it.o(i.DMA2_Stream7_IRQHandler) for DMA2_Stream7_IRQHandler
    startup_stm32f407xx.o(RESET) refers to referee_usart_task.o(i.USART6_IRQHandler) for USART6_IRQHandler
    startup_stm32f407xx.o(.text) refers (Special) to heapauxi.o(.text) for __use_two_region_memory
    startup_stm32f407xx.o(.text) refers to system_stm32f4xx.o(i.SystemInit) for SystemInit
    startup_stm32f407xx.o(.text) refers to __main.o(!!!main) for __main
    startup_stm32f407xx.o(.text) refers to startup_stm32f407xx.o(HEAP) for Heap_Mem
    startup_stm32f407xx.o(.text) refers to startup_stm32f407xx.o(STACK) for Stack_Mem
    main.o(i.SystemClock_Config) refers to rt_memclr_w.o(.text) for __aeabi_memclr4
    main.o(i.SystemClock_Config) refers to stm32f4xx_hal_rcc.o(i.HAL_RCC_OscConfig) for HAL_RCC_OscConfig
    main.o(i.SystemClock_Config) refers to main.o(i.Error_Handler) for Error_Handler
    main.o(i.SystemClock_Config) refers to stm32f4xx_hal_rcc.o(i.HAL_RCC_ClockConfig) for HAL_RCC_ClockConfig
    main.o(i.SystemClock_Config) refers to stm32f4xx_hal_rcc_ex.o(i.HAL_RCCEx_PeriphCLKConfig) for HAL_RCCEx_PeriphCLKConfig
    main.o(i.main) refers to stm32f4xx_hal.o(i.HAL_Init) for HAL_Init
    main.o(i.main) refers to main.o(i.SystemClock_Config) for SystemClock_Config
    main.o(i.main) refers to gpio.o(i.MX_GPIO_Init) for MX_GPIO_Init
    main.o(i.main) refers to dma.o(i.MX_DMA_Init) for MX_DMA_Init
    main.o(i.main) refers to adc.o(i.MX_ADC1_Init) for MX_ADC1_Init
    main.o(i.main) refers to adc.o(i.MX_ADC3_Init) for MX_ADC3_Init
    main.o(i.main) refers to can.o(i.MX_CAN1_Init) for MX_CAN1_Init
    main.o(i.main) refers to can.o(i.MX_CAN2_Init) for MX_CAN2_Init
    main.o(i.main) refers to i2c.o(i.MX_I2C1_Init) for MX_I2C1_Init
    main.o(i.main) refers to spi.o(i.MX_SPI1_Init) for MX_SPI1_Init
    main.o(i.main) refers to tim.o(i.MX_TIM4_Init) for MX_TIM4_Init
    main.o(i.main) refers to tim.o(i.MX_TIM5_Init) for MX_TIM5_Init
[...]
    0x08001038   0x08001038   0x000000e4   Code   RO        13287    .text               c_w.l(bigflt0.o)
    0x0800111c   0x0800111c   0x00000002   Code   RO        13340    .text               c_w.l(use_no_semi.o)
    0x0800111e   0x0800111e   0x00000000   Code   RO        13342    .text               c_w.l(indicate_semi.o)
    0x0800111e   0x0800111e   0x0000004a   Code   RO        13343    .text               c_w.l(sys_stackheap_outer.o)
    0x08001168   0x08001168   0x00000012   Code   RO        13351    .text               c_w.l(exit.o)
    0x0800117a   0x0800117a   0x0000000a   Code   RO        13353    .text               c_w.l(defsig_exit.o)
    0x08001184   0x08001184   0x0000000e   Code   RO        13355    .text               c_w.l(defsig_fpe_outer.o)
    0x08001192   0x08001192   0x00000002   PAD
    0x08001194   0x08001194   0x00000080   Code   RO        13361    .text               c_w.l(strcmpv7m.o)
    0x08001214   0x08001214   0x0000000c   Code   RO        13373    .text               c_w.l(sys_exit.o)
    0x08001220   0x08001220   0x00000032   Code   RO        13386    .text               c_w.l(defsig_general.o)
    0x08001252   0x08001252   0x00000002   PAD
    0x08001254   0x08001254   0x000000ac   Code   RO        13388    .text               c_w.l(defsig_fpe_inner.o)
    0x08001300   0x08001300   0x0000000e   Code   RO        13408    .text               c_w.l(sys_wrch.o)
    0x0800130e   0x0800130e   0x0000003e   Code   RO        13290    CL$$btod_d2e        c_w.l(btod.o)
    0x0800134c   0x0800134c   0x00000046   Code   RO        13292    CL$$btod_d2e_denorm_low  c_w.l(btod.o)
    0x08001392   0x08001392   0x00000060   Code   RO        13291    CL$$btod_d2e_norm_op1  c_w.l(btod.o)
    0x080013f2   0x080013f2   0x00000338   Code   RO        13300    CL$$btod_div_common  c_w.l(btod.o)
    0x0800172a   0x0800172a   0x000000dc   Code   RO        13297    CL$$btod_e2e        c_w.l(btod.o)
    0x08001806   0x08001806   0x0000002a   Code   RO        13294    CL$$btod_ediv       c_w.l(btod.o)
    0x08001830   0x08001830   0x0000002a   Code   RO        13293    CL$$btod_emul       c_w.l(btod.o)
    0x0800185a   0x0800185a   0x00000244   Code   RO        13299    CL$$btod_mult_common  c_w.l(btod.o)
    0x08001a9e   0x08001a9e   0x0000002e   Code   RO         5409    i.ABSLimit          pid.o
    0x08001acc   0x08001acc   0x00000160   Code   RO         7226    i.ADC_Init          stm32f4xx_hal_adc.o
    0x08001c2c   0x08001c2c   0x00000018   Code   RO         4794    i.AHRS_asinf        ahrs_middleware.o
    0x08001c44   0x08001c44   0x00000020   Code   RO         4795    i.AHRS_atan2f       ahrs_middleware.o
    0x08001c64   0x08001c64   0x00000018   Code   RO         4796    i.AHRS_cosf         ahrs_middleware.o
    0x08001c7c   0x08001c7c   0x0000001a   Code   RO        12384    i.AHRS_fabs         AHRS.lib(ahrs.o)
    0x08001c96   0x08001c96   0x00000002   PAD
    0x08001c98   0x08001c98   0x00000010   Code   RO         4797    i.AHRS_get_height   ahrs_middleware.o
    0x08001ca8   0x08001ca8   0x0000000c   Code   RO         4798    i.AHRS_get_latitude  ahrs_middleware.o
    0x08001cb4   0x08001cb4   0x0000029c   Code   RO        12385    i.AHRS_init         AHRS.lib(ahrs.o)
    0x08001f50   0x08001f50   0x00000024   Code   RO         4799    i.AHRS_invSqrt      ahrs_middleware.o
    0x08001f74   0x08001f74   0x00000018   Code   RO         4800    i.AHRS_sinf         ahrs_middleware.o
    0x08001f8c   0x08001f8c   0x0000013a   Code   RO        12386    i.AHRS_update       AHRS.lib(ahrs.o)
    0x080020c6   0x080020c6   0x00000002   PAD
    0x080020c8   0x080020c8   0x00000104   Code   RO         3451    i.AUTO_PID          gimbal_behaviour.o
    0x080021cc   0x080021cc   0x00000168   Code   RO         2802    i.Angle_Error_Compare  chassis_task.o
    0x08002334   0x08002334   0x000000c4   Code   RO         4244    i.Arc_Draw          rm_cilent_ui.o
    0x080023f8   0x080023f8   0x00000014   Code   RO         4609    i.BMI088_ACCEL_NS_H  bmi088middleware.o
    0x0800240c   0x0800240c   0x00000014   Code   RO         4610    i.BMI088_ACCEL_NS_L  bmi088middleware.o
    0x08002420   0x08002420   0x00000002   Code   RO         4611    i.BMI088_GPIO_init  bmi088middleware.o
    0x08002422   0x08002422   0x00000002   PAD
    0x08002424   0x08002424   0x00000014   Code   RO         4612    i.BMI088_GYRO_NS_H  bmi088middleware.o
    0x08002438   0x08002438   0x00000014   Code   RO         4613    i.BMI088_GYRO_NS_L  bmi088middleware.o
    0x0800244c   0x0800244c   0x00000090   Code   RO         4473    i.BMI088_accel_read_over  bmi088driver.o
    0x080024dc   0x080024dc   0x00000002   Code   RO         4614    i.BMI088_com_init   bmi088middleware.o
    0x080024de   0x080024de   0x0000000c   Code   RO         4615    i.BMI088_delay_ms   bmi088middleware.o
    0x080024ea   0x080024ea   0x0000000c   Code   RO         4616    i.BMI088_delay_us   bmi088middleware.o
    0x080024f6   0x080024f6   0x00000002   PAD
    0x080024f8   0x080024f8   0x00000068   Code   RO         4474    i.BMI088_gyro_read_over  bmi088driver.o
    0x08002560   0x08002560   0x00000034   Code   RO         4475    i.BMI088_init       bmi088driver.o
    0x08002594   0x08002594   0x0000017c   Code   RO         4476    i.BMI088_read       bmi088driver.o
    0x08002710   0x08002710   0x00000026   Code   RO         4479    i.BMI088_read_muli_reg  bmi088driver.o
    0x08002736   0x08002736   0x00000018   Code   RO         4480    i.BMI088_read_single_reg  bmi088driver.o
    0x0800274e   0x0800274e   0x00000002   PAD
    0x08002750   0x08002750   0x00000020   Code   RO         4617    i.BMI088_read_write_byte  bmi088middleware.o
    0x08002770   0x08002770   0x00000034   Code   RO         4481    i.BMI088_temperature_read_over  bmi088driver.o
    0x080027a4   0x080027a4   0x00000014   Code   RO         4482    i.BMI088_write_single_reg  bmi088driver.o
    0x080027b8   0x080027b8   0x00000004   Code   RO         1732    i.BusFault_Handler  stm32f4xx_it.o
    0x080027bc   0x080027bc   0x00000010   Code   RO         1733    i.CAN1_RX0_IRQHandler  stm32f4xx_it.o
    0x080027cc   0x080027cc   0x00000010   Code   RO         1734    i.CAN2_RX0_IRQHandler  stm32f4xx_it.o
    0x080027dc   0x080027dc   0x00000038   Code   RO         3193    i.CAN_CMD_cap       can_receive.o
    0x08002814   0x08002814   0x00000050   Code   RO         3194    i.CAN_cmd_chassis   can_receive.o
    0x08002864   0x08002864   0x00000050   Code   RO         3195    i.CAN_cmd_gimbal    can_receive.o
    0x080028b4   0x080028b4   0x00000050   Code   RO         3196    i.CAN_cmd_shoot     can_receive.o
    0x08002904   0x08002904   0x000000d8   Code   RO         4245    i.Char_Draw         rm_cilent_ui.o
    0x080029dc   0x080029dc   0x000000f0   Code   RO         4246    i.Char_ReFresh      rm_cilent_ui.o
    0x08002acc   0x08002acc   0x0000007c   Code   RO         2390    i.DMA1_Stream7_IRQHandler  bsp_i2c.o
    0x08002b48   0x08002b48   0x00000010   Code   RO         1735    i.DMA2_Stream1_IRQHandler  stm32f4xx_it.o
    0x08002b58   0x08002b58   0x00000880   Code   RO         3546    i.DMA2_Stream2_IRQHandler  ins_task.o
    0x080033d8   0x080033d8   0x00000010   Code   RO         1736    i.DMA2_Stream5_IRQHandler  stm32f4xx_it.o
    0x080033e8   0x080033e8   0x00000010   Code   RO         1737    i.DMA2_Stream6_IRQHandler  stm32f4xx_it.o
    0x080033f8   0x080033f8   0x00000010   Code   RO         1738    i.DMA2_Stream7_IRQHandler  stm32f4xx_it.o
    0x08003408   0x08003408   0x00000034   Code   RO         6548    i.DMA_CalcBaseAndBitshift  stm32f4xx_hal_dma.o
    0x0800343c   0x0800343c   0x000000aa   Code   RO         6549    i.DMA_CheckFifoParam  stm32f4xx_hal_dma.o
    0x080034e6   0x080034e6   0x00000002   Code   RO         1739    i.DebugMon_Handler  stm32f4xx_it.o
    0x080034e8   0x080034e8   0x0000000a   Code   RO         1740    i.EXTI0_IRQHandler  stm32f4xx_it.o
    0x080034f2   0x080034f2   0x0000000a   Code   RO         1741    i.EXTI3_IRQHandler  stm32f4xx_it.o
    0x080034fc   0x080034fc   0x0000000a   Code   RO         1742    i.EXTI4_IRQHandler  stm32f4xx_it.o
    0x08003506   0x08003506   0x0000000a   Code   RO         1743    i.EXTI9_5_IRQHandler  stm32f4xx_it.o
    0x08003510   0x08003510   0x00000002   Code   RO           13    i.Error_Handler     main.o
    0x08003512   0x08003512   0x00000002   PAD
    0x08003514   0x08003514   0x00000050   Code   RO         3297    i.FPS_Calculate     gimbal_task.o
    0x08003564   0x08003564   0x00000044   Code   RO         3452    i.Fiter             gimbal_behaviour.o
    0x080035a8   0x080035a8   0x000000a4   Code   RO         3298    i.GIMBAL_Control_loop  gimbal_task.o
    0x0800364c   0x0800364c   0x00000090   Code   RO         3299    i.GIMBAL_Feedback_Update  gimbal_task.o
    0x080036dc   0x080036dc   0x00000288   Code   RO         3300    i.GIMBAL_Init       gimbal_task.o
    0x08003964   0x08003964   0x00000104   Code   RO         3301    i.GIMBAL_Mode_Change_Control_Transit  gimbal_task.o
    0x08003a68   0x08003a68   0x000000bc   Code   RO         3302    i.GIMBAL_PID_Calc   gimbal_task.o
    0x08003b24   0x08003b24   0x00000030   Code   RO         3303    i.GIMBAL_PID_Init   gimbal_task.o
    0x08003b54   0x08003b54   0x000000e8   Code   RO         3304    i.GIMBAL_Set_Contorl  gimbal_task.o
    0x08003c3c   0x08003c3c   0x00000012   Code   RO         3305    i.GIMBAL_Set_Mode   gimbal_task.o
    0x08003c4e   0x08003c4e   0x00000002   PAD
    0x08003c50   0x08003c50   0x000000fc   Code   RO         3306    i.GIMBAL_absolute_angle_limit  gimbal_task.o
    0x08003d4c   0x08003d4c   0x00000124   Code   RO         3307    i.GIMBAL_relative_angle_limit  gimbal_task.o
    0x08003e70   0x08003e70   0x00000014   Code   RO         3308    i.GIMBAL_relative_angle_limit_yaw  gimbal_task.o
    0x08003e84   0x08003e84   0x00000034   Code   RO         4249    i.Get_CRC16_Check_Sum_UI  rm_cilent_ui.o
    0x08003eb8   0x08003eb8   0x00000024   Code   RO         4250    i.Get_CRC8_Check_Sum_UI  rm_cilent_ui.o
    0x08003edc   0x08003edc   0x00000020   Code   RO         3309    i.Get_FPS           gimbal_task.o
    0x08003efc   0x08003efc   0x00000034   Code   RO         3310    i.Gimbal_PID_clear  gimbal_task.o
    0x08003f30   0x08003f30   0x0000018c   Code   RO         7228    i.HAL_ADC_ConfigChannel  stm32f4xx_hal_adc.o
    0x080040bc   0x080040bc   0x00000008   Code   RO         7235    i.HAL_ADC_GetValue  stm32f4xx_hal_adc.o
    0x080040c4   0x080040c4   0x00000068   Code   RO         7237    i.HAL_ADC_Init      stm32f4xx_hal_adc.o
    0x0800412c   0x0800412c   0x000000ac   Code   RO          755    i.HAL_ADC_MspInit   adc.o
    0x080041d8   0x080041d8   0x000000c2   Code   RO         7241    i.HAL_ADC_PollForConversion  stm32f4xx_hal_adc.o
    0x0800429a   0x0800429a   0x00000002   PAD
    0x0800429c   0x0800429c   0x0000013c   Code   RO         7243    i.HAL_ADC_Start     stm32f4xx_hal_adc.o
    0x080043d8   0x080043d8   0x0000002a   Code   RO         7499    i.HAL_CAN_ActivateNotification  stm32f4xx_hal_can.o
    0x08004402   0x08004402   0x00000156   Code   RO         7500    i.HAL_CAN_AddTxMessage  stm32f4xx_hal_can.o
    0x08004558   0x08004558   0x00000124   Code   RO         7501    i.HAL_CAN_ConfigFilter  stm32f4xx_hal_can.o
    0x0800467c   0x0800467c   0x00000002   Code   RO         7504    i.HAL_CAN_ErrorCallback  stm32f4xx_hal_can.o
    0x0800467e   0x0800467e   0x0000017c   Code   RO         7507    i.HAL_CAN_GetRxMessage  stm32f4xx_hal_can.o
    0x080047fa   0x080047fa   0x0000024e   Code   RO         7511    i.HAL_CAN_IRQHandler  stm32f4xx_hal_can.o
    0x08004a48   0x08004a48   0x00000174   Code   RO         7512    i.HAL_CAN_Init      stm32f4xx_hal_can.o
    0x08004bbc   0x08004bbc   0x00000160   Code   RO          803    i.HAL_CAN_MspInit   can.o
    0x08004d1c   0x08004d1c   0x00000002   Code   RO         7519    i.HAL_CAN_RxFifo0FullCallback  stm32f4xx_hal_can.o
    0x08004d1e   0x08004d1e   0x00000002   PAD
    0x08004d20   0x08004d20   0x00000300   Code   RO         3197    i.HAL_CAN_RxFifo0MsgPendingCallback  can_receive.o
    0x08005020   0x08005020   0x00000002   Code   RO         7521    i.HAL_CAN_RxFifo1FullCallback  stm32f4xx_hal_can.o
    0x08005022   0x08005022   0x00000002   Code   RO         7522    i.HAL_CAN_RxFifo1MsgPendingCallback  stm32f4xx_hal_can.o
    0x08005024   0x08005024   0x00000002   Code   RO         7523    i.HAL_CAN_SleepCallback  stm32f4xx_hal_can.o
    0x08005026   0x08005026   0x0000005e   Code   RO         7524    i.HAL_CAN_Start     stm32f4xx_hal_can.o
    0x08005084   0x08005084   0x00000002   Code   RO         7526    i.HAL_CAN_TxMailbox0AbortCallback  stm32f4xx_hal_can.o
    0x08005086   0x08005086   0x00000002   Code   RO         7527    i.HAL_CAN_TxMailbox0CompleteCallback  stm32f4xx_hal_can.o
    0x08005088   0x08005088   0x00000002   Code   RO         7528    i.HAL_CAN_TxMailbox1AbortCallback  stm32f4xx_hal_can.o
    0x0800508a   0x0800508a   0x00000002   Code   RO         7529    i.HAL_CAN_TxMailbox1CompleteCallback  stm32f4xx_hal_can.o
    0x0800508c   0x0800508c   0x00000002   Code   RO         7530    i.HAL_CAN_TxMailbox2AbortCallback  stm32f4xx_hal_can.o
    0x0800508e   0x0800508e   0x00000002   Code   RO         7531    i.HAL_CAN_TxMailbox2CompleteCallback  stm32f4xx_hal_can.o
    0x08005090   0x08005090   0x00000002   Code   RO         7533    i.HAL_CAN_WakeUpFromRxMsgCallback  stm32f4xx_hal_can.o
    0x08005092   0x08005092   0x00000024   Code   RO         7736    i.HAL_CRC_Init      stm32f4xx_hal_crc.o
    0x080050b6   0x080050b6   0x00000002   PAD
    0x080050b8   0x080050b8   0x00000034   Code   RO          852    i.HAL_CRC_MspInit   crc.o
    0x080050ec   0x080050ec   0x00000028   Code   RO         6552    i.HAL_DMA_Abort_IT  stm32f4xx_hal_dma.o
    0x08005114   0x08005114   0x00000240   Code   RO         6556    i.HAL_DMA_IRQHandler  stm32f4xx_hal_dma.o
    0x08005354   0x08005354   0x000000ec   Code   RO         6557    i.HAL_DMA_Init      stm32f4xx_hal_dma.o
    0x08005440   0x08005440   0x000000a8   Code   RO         3547    i.HAL_GPIO_EXTI_Callback  ins_task.o
    0x080054e8   0x080054e8   0x0000001c   Code   RO         6443    i.HAL_GPIO_EXTI_IRQHandler  stm32f4xx_hal_gpio.o
    0x08005504   0x08005504   0x00000200   Code   RO         6444    i.HAL_GPIO_Init     stm32f4xx_hal_gpio.o
    0x08005704   0x08005704   0x0000000c   Code   RO         6448    i.HAL_GPIO_WritePin  stm32f4xx_hal_gpio.o
    0x08005710   0x08005710   0x0000000c   Code   RO         6981    i.HAL_GetTick       stm32f4xx_hal.o
    0x0800571c   0x0800571c   0x000001b8   Code   RO         7803    i.HAL_I2C_Init      stm32f4xx_hal_i2c.o
    0x080058d4   0x080058d4   0x000002f4   Code   RO         7821    i.HAL_I2C_Mem_Read  stm32f4xx_hal_i2c.o
    0x08005bc8   0x08005bc8   0x00000164   Code   RO         7824    i.HAL_I2C_Mem_Write  stm32f4xx_hal_i2c.o
    0x08005d2c   0x08005d2c   0x00000208   Code   RO          921    i.HAL_I2C_MspInit   i2c.o
    0x08005f34   0x08005f34   0x00000018   Code   RO         6987    i.HAL_IncTick       stm32f4xx_hal.o
    0x08005f4c   0x08005f4c   0x0000003c   Code   RO         6988    i.HAL_Init          stm32f4xx_hal.o
    0x08005f88   0x08005f88   0x0000004c   Code   RO         6989    i.HAL_InitTick      stm32f4xx_hal.o
    0x08005fd4   0x08005fd4   0x00000054   Code   RO         1910    i.HAL_MspInit       stm32f4xx_hal_msp.o
    0x08006028   0x08006028   0x00000020   Code   RO         6833    i.HAL_NVIC_EnableIRQ  stm32f4xx_hal_cortex.o
    0x08006048   0x08006048   0x0000007c   Code   RO         6839    i.HAL_NVIC_SetPriority  stm32f4xx_hal_cortex.o
    0x080060c4   0x080060c4   0x00000028   Code   RO         6840    i.HAL_NVIC_SetPriorityGrouping  stm32f4xx_hal_cortex.o
    0x080060ec   0x080060ec   0x00000002   Code   RO         5697    i.HAL_PCDEx_LPM_Callback  stm32f4xx_hal_pcd_ex.o
    0x080060ee   0x080060ee   0x0000000e   Code   RO         1388    i.HAL_PCD_ConnectCallback  usbd_conf.o
    0x080060fc   0x080060fc   0x00000020   Code   RO         1389    i.HAL_PCD_DataInStageCallback  usbd_conf.o
    0x0800611c   0x0800611c   0x00000020   Code   RO         1390    i.HAL_PCD_DataOutStageCallback  usbd_conf.o
    0x0800613c   0x0800613c   0x0000000e   Code   RO         1391    i.HAL_PCD_DisconnectCallback  usbd_conf.o
    0x0800614a   0x0800614a   0x0000007c   Code   RO         5481    i.HAL_PCD_EP_ClrStall  stm32f4xx_hal_pcd.o
    0x080061c6   0x080061c6   0x0000008c   Code   RO         5484    i.HAL_PCD_EP_Open   stm32f4xx_hal_pcd.o
    0x08006252   0x08006252   0x00000058   Code   RO         5485    i.HAL_PCD_EP_Receive  stm32f4xx_hal_pcd.o
    0x080062aa   0x080062aa   0x0000008a   Code   RO         5486    i.HAL_PCD_EP_SetStall  stm32f4xx_hal_pcd.o
    0x08006334   0x08006334   0x0000005a   Code   RO         5487    i.HAL_PCD_EP_Transmit  stm32f4xx_hal_pcd.o
    0x0800638e   0x0800638e   0x0000053e   Code   RO         5489    i.HAL_PCD_IRQHandler  stm32f4xx_hal_pcd.o
    0x080068cc   0x080068cc   0x00000012   Code   RO         1392    i.HAL_PCD_ISOINIncompleteCallback  usbd_conf.o
    0x080068de   0x080068de   0x00000012   Code   RO         1393    i.HAL_PCD_ISOOUTIncompleteCallback  usbd_conf.o
    0x080068f0   0x080068f0   0x00000030   Code   RO         1396    i.HAL_PCD_ResetCallback  usbd_conf.o
    0x08006920   0x08006920   0x0000000e   Code   RO         1397    i.HAL_PCD_ResumeCallback  usbd_conf.o
    0x0800692e   0x0800692e   0x0000000e   Code   RO         1398    i.HAL_PCD_SOFCallback  usbd_conf.o
    0x0800693c   0x0800693c   0x00000036   Code   RO         5498    i.HAL_PCD_SetAddress  stm32f4xx_hal_pcd.o
    0x08006972   0x08006972   0x00000012   Code   RO         1399    i.HAL_PCD_SetupStageCallback  usbd_conf.o
    0x08006984   0x08006984   0x00000034   Code   RO         1400    i.HAL_PCD_SuspendCallback  usbd_conf.o
    0x080069b8   0x080069b8   0x000001a0   Code   RO         6150    i.HAL_RCCEx_PeriphCLKConfig  stm32f4xx_hal_rcc_ex.o
    0x08006b58   0x08006b58   0x00000180   Code   RO         6045    i.HAL_RCC_ClockConfig  stm32f4xx_hal_rcc.o
    0x08006cd8   0x08006cd8   0x0000000c   Code   RO         6050    i.HAL_RCC_GetHCLKFreq  stm32f4xx_hal_rcc.o
    0x08006ce4   0x08006ce4   0x00000020   Code   RO         6052    i.HAL_RCC_GetPCLK1Freq  stm32f4xx_hal_rcc.o
    0x08006d04   0x08006d04   0x00000020   Code   RO         6053    i.HAL_RCC_GetPCLK2Freq  stm32f4xx_hal_rcc.o
    0x08006d24   0x08006d24   0x000000b0   Code   RO         6054    i.HAL_RCC_GetSysClockFreq  stm32f4xx_hal_rcc.o
    0x08006dd4   0x08006dd4   0x00000448   Code   RO         6057    i.HAL_RCC_OscConfig  stm32f4xx_hal_rcc.o
    0x0800721c   0x0800721c   0x00000034   Code   RO         8281    i.HAL_RNG_Init      stm32f4xx_hal_rng.o
    0x08007250   0x08007250   0x00000034   Code   RO          975    i.HAL_RNG_MspInit   rng.o
    0x08007284   0x08007284   0x000000d8   Code   RO         8382    i.HAL_RTC_Init      stm32f4xx_hal_rtc.o
    0x0800735c   0x0800735c   0x00000018   Code   RO         1017    i.HAL_RTC_MspInit   rtc.o
    0x08007374   0x08007374   0x0000003a   Code   RO         8390    i.HAL_RTC_WaitForSynchro  stm32f4xx_hal_rtc.o
    0x080073ae   0x080073ae   0x0000008c   Code   RO         8751    i.HAL_SPI_Init      stm32f4xx_hal_spi.o
    0x0800743a   0x0800743a   0x00000002   PAD
    0x0800743c   0x0800743c   0x000001cc   Code   RO         1059    i.HAL_SPI_MspInit   spi.o
    0x08007608   0x08007608   0x0000022a   Code   RO         8760    i.HAL_SPI_TransmitReceive  stm32f4xx_hal_spi.o
    0x08007832   0x08007832   0x00000034   Code   RO         6844    i.HAL_SYSTICK_Config  stm32f4xx_hal_cortex.o
    0x08007866   0x08007866   0x00000002   Code   RO         9750    i.HAL_TIMEx_BreakCallback  stm32f4xx_hal_tim_ex.o
    0x08007868   0x08007868   0x00000002   Code   RO         9751    i.HAL_TIMEx_CommutCallback  stm32f4xx_hal_tim_ex.o
    0x0800786a   0x0800786a   0x00000074   Code   RO         9753    i.HAL_TIMEx_ConfigBreakDeadTime  stm32f4xx_hal_tim_ex.o
    0x080078de   0x080078de   0x00000054   Code   RO         9768    i.HAL_TIMEx_MasterConfigSynchronization  stm32f4xx_hal_tim_ex.o
    0x08007932   0x08007932   0x00000034   Code   RO         9064    i.HAL_TIM_Base_Init  stm32f4xx_hal_tim.o
    0x08007966   0x08007966   0x00000002   PAD
    0x08007968   0x08007968   0x00000130   Code   RO         1107    i.HAL_TIM_Base_MspInit  tim.o
    0x08007a98   0x08007a98   0x0000002a   Code   RO         9067    i.HAL_TIM_Base_Start  stm32f4xx_hal_tim.o
    0x08007ac2   0x08007ac2   0x0000002a   Code   RO         9069    i.HAL_TIM_Base_Start_IT  stm32f4xx_hal_tim.o
    0x08007aec   0x08007aec   0x00000108   Code   RO         9073    i.HAL_TIM_ConfigClockSource  stm32f4xx_hal_tim.o
    0x08007bf4   0x08007bf4   0x00000002   Code   RO         9093    i.HAL_TIM_IC_CaptureCallback  stm32f4xx_hal_tim.o
    0x08007bf6   0x08007bf6   0x00000196   Code   RO         9107    i.HAL_TIM_IRQHandler  stm32f4xx_hal_tim.o
    0x08007d8c   0x08007d8c   0x000002c0   Code   RO         1108    i.HAL_TIM_MspPostInit  tim.o
    0x0800804c   0x0800804c   0x00000002   Code   RO         9110    i.HAL_TIM_OC_DelayElapsedCallback  stm32f4xx_hal_tim.o
    0x0800804e   0x0800804e   0x00000108   Code   RO         9131    i.HAL_TIM_PWM_ConfigChannel  stm32f4xx_hal_tim.o
    0x08008156   0x08008156   0x00000034   Code   RO         9134    i.HAL_TIM_PWM_Init  stm32f4xx_hal_tim.o
    0x0800818a   0x0800818a   0x00000002   Code   RO         9136    i.HAL_TIM_PWM_MspInit  stm32f4xx_hal_tim.o
    0x0800818c   0x0800818c   0x00000002   Code   RO         9137    i.HAL_TIM_PWM_PulseFinishedCallback  stm32f4xx_hal_tim.o
    0x0800818e   0x0800818e   0x00000002   PAD
    0x08008190   0x08008190   0x00000058   Code   RO         9139    i.HAL_TIM_PWM_Start  stm32f4xx_hal_tim.o
    0x080081e8   0x080081e8   0x0000010c   Code   RO         2803    i.HAL_TIM_PeriodElapsedCallback  chassis_task.o
    0x080082f4   0x080082f4   0x00000002   Code   RO         9150    i.HAL_TIM_TriggerCallback  stm32f4xx_hal_tim.o
    0x080082f6   0x080082f6   0x00000002   Code   RO        10022    i.HAL_UART_ErrorCallback  stm32f4xx_hal_uart.o
    0x080082f8   0x080082f8   0x0000014c   Code   RO        10025    i.HAL_UART_IRQHandler  stm32f4xx_hal_uart.o
    0x08008444   0x08008444   0x00000072   Code   RO        10026    i.HAL_UART_Init     stm32f4xx_hal_uart.o
    0x080084b6   0x080084b6   0x00000002   PAD
    0x080084b8   0x080084b8   0x0000034c   Code   RO         1185    i.HAL_UART_MspInit  usart.o
    0x08008804   0x08008804   0x00000002   Code   RO        10032    i.HAL_UART_RxCpltCallback  stm32f4xx_hal_uart.o
    0x08008806   0x08008806   0x000000d6   Code   RO        10034    i.HAL_UART_Transmit  stm32f4xx_hal_uart.o
    0x080088dc   0x080088dc   0x00000002   Code   RO        10037    i.HAL_UART_TxCpltCallback  stm32f4xx_hal_uart.o
    0x080088de   0x080088de   0x00000004   Code   RO         1744    i.HardFault_Handler  stm32f4xx_it.o
    0x080088e2   0x080088e2   0x0000003e   Code   RO         7846    i.I2C_IsAcknowledgeFailed  stm32f4xx_hal_i2c.o
    0x08008920   0x08008920   0x00000138   Code   RO         7856    i.I2C_RequestMemoryRead  stm32f4xx_hal_i2c.o
    0x08008a58   0x08008a58   0x000000cc   Code   RO         7857    i.I2C_RequestMemoryWrite  stm32f4xx_hal_i2c.o
    0x08008b24   0x08008b24   0x0000005c   Code   RO         7865    i.I2C_WaitOnBTFFlagUntilTimeout  stm32f4xx_hal_i2c.o
    0x08008b80   0x08008b80   0x00000086   Code   RO         7866    i.I2C_WaitOnFlagUntilTimeout  stm32f4xx_hal_i2c.o
    0x08008c06   0x08008c06   0x000000c4   Code   RO         7867    i.I2C_WaitOnMasterAddressFlagUntilTimeout  stm32f4xx_hal_i2c.o
    0x08008cca   0x08008cca   0x00000080   Code   RO         7868    i.I2C_WaitOnRXNEFlagUntilTimeout  stm32f4xx_hal_i2c.o
    0x08008d4a   0x08008d4a   0x0000005c   Code   RO         7870    i.I2C_WaitOnTXEFlagUntilTimeout  stm32f4xx_hal_i2c.o
    0x08008da6   0x08008da6   0x00000002   PAD
    0x08008da8   0x08008da8   0x0000007c   Code   RO         3548    i.INS_cali_gyro     ins_task.o
    0x08008e24   0x08008e24   0x00000048   Code   RO         3549    i.INS_set_cali_gyro  ins_task.o
    0x08008e6c   0x08008e6c   0x00000304   Code   RO         3550    i.INS_task          ins_task.o
    0x08009170   0x08009170   0x000000d8   Code   RO         2804    i.Judge_swing_mode  chassis_task.o
    0x08009248   0x08009248   0x00000086   Code   RO        12338    i.KalmanFilter      kalman.o
    0x080092ce   0x080092ce   0x000000a0   Code   RO         4251    i.Line_Draw         rm_cilent_ui.o
    0x0800936e   0x0800936e   0x00000002   PAD
    0x08009370   0x08009370   0x0000014c   Code   RO         3453    i.MOUSE_OF_AUTO     gimbal_behaviour.o
    0x080094bc   0x080094bc   0x00000070   Code   RO          756    i.MX_ADC1_Init      adc.o
    0x0800952c   0x0800952c   0x00000070   Code   RO          757    i.MX_ADC3_Init      adc.o
    0x0800959c   0x0800959c   0x00000044   Code   RO          804    i.MX_CAN1_Init      can.o
    0x080095e0   0x080095e0   0x00000044   Code   RO          805    i.MX_CAN2_Init      can.o
    0x08009624   0x08009624   0x00000020   Code   RO          853    i.MX_CRC_Init       crc.o
    0x08009644   0x08009644   0x000000c8   Code   RO          893    i.MX_DMA_Init       dma.o
    0x0800970c   0x0800970c   0x000000b0   Code   RO          553    i.MX_FREERTOS_Init  freertos.o
    0x080097bc   0x080097bc   0x00000254   Code   RO          398    i.MX_GPIO_Init      gpio.o
    0x08009a10   0x08009a10   0x0000003c   Code   RO          922    i.MX_I2C1_Init      i2c.o
    0x08009a4c   0x08009a4c   0x0000003c   Code   RO          923    i.MX_I2C2_Init      i2c.o
    0x08009a88   0x08009a88   0x0000003c   Code   RO          924    i.MX_I2C3_Init      i2c.o
    0x08009ac4   0x08009ac4   0x00000020   Code   RO          976    i.MX_RNG_Init       rng.o
    0x08009ae4   0x08009ae4   0x00000034   Code   RO         1018    i.MX_RTC_Init       rtc.o
    0x08009b18   0x08009b18   0x00000048   Code   RO         1060    i.MX_SPI1_Init      spi.o
    0x08009b60   0x08009b60   0x00000048   Code   RO         1061    i.MX_SPI2_Init      spi.o
    0x08009ba8   0x08009ba8   0x0000006c   Code   RO         1109    i.MX_TIM10_Init     tim.o
    0x08009c14   0x08009c14   0x0000010c   Code   RO         1110    i.MX_TIM1_Init      tim.o
    0x08009d20   0x08009d20   0x000000a4   Code   RO         1111    i.MX_TIM3_Init      tim.o
    0x08009dc4   0x08009dc4   0x000000a4   Code   RO         1112    i.MX_TIM4_Init      tim.o
    0x08009e68   0x08009e68   0x000000c4   Code   RO         1113    i.MX_TIM5_Init      tim.o
    0x08009f2c   0x08009f2c   0x00000070   Code   RO         1114    i.MX_TIM8_Init      tim.o
    0x08009f9c   0x08009f9c   0x00000038   Code   RO         1186    i.MX_USART1_UART_Init  usart.o
    0x08009fd4   0x08009fd4   0x0000003c   Code   RO         1187    i.MX_USART3_UART_Init  usart.o
    0x0800a010   0x0800a010   0x00000038   Code   RO         1188    i.MX_USART6_UART_Init  usart.o
    0x0800a048   0x0800a048   0x00000040   Code   RO         3454    i.Mean_Filtering_P  gimbal_behaviour.o
    0x0800a088   0x0800a088   0x00000040   Code   RO         3455    i.Mean_Filtering_Y  gimbal_behaviour.o
    0x0800a0c8   0x0800a0c8   0x00000004   Code   RO         1745    i.MemManage_Handler  stm32f4xx_it.o
    0x0800a0cc   0x0800a0cc   0x00000002   Code   RO         1746    i.NMI_Handler       stm32f4xx_it.o
    0x0800a0ce   0x0800a0ce   0x00000002   PAD
    0x0800a0d0   0x0800a0d0   0x00000010   Code   RO         1747    i.OTG_FS_IRQHandler  stm32f4xx_it.o
    0x0800a0e0   0x0800a0e0   0x0000008c   Code   RO         5503    i.PCD_EP_OutSetupPacket_int  stm32f4xx_hal_pcd.o
    0x0800a16c   0x0800a16c   0x00000180   Code   RO         5504    i.PCD_EP_OutXfrComplete_int  stm32f4xx_hal_pcd.o
    0x0800a2ec   0x0800a2ec   0x000000b6   Code   RO         5505    i.PCD_WriteEmptyTxFifo  stm32f4xx_hal_pcd.o
    0x0800a3a2   0x0800a3a2   0x00000002   PAD
    0x0800a3a4   0x0800a3a4   0x000003c0   Code   RO         5410    i.PID_Calc          pid.o
    0x0800a764   0x0800a764   0x00000078   Code   RO         5411    i.PID_Init          pid.o
    0x0800a7dc   0x0800a7dc   0x0000004c   Code   RO         5412    i.PID_clear         pid.o
    0x0800a828   0x0800a828   0x0000007c   Code   RO         2805    i.Power_Charge      chassis_task.o
    0x0800a8a4   0x0800a8a4   0x00000070   Code   RO         2806    i.RAND              chassis_task.o
    0x0800a914   0x0800a914   0x0000009c   Code   RO         2526    i.RC_Init           bsp_rc.o
    0x0800a9b0   0x0800a9b0   0x00000050   Code   RO         2527    i.RC_restart        bsp_rc.o
    0x0800aa00   0x0800aa00   0x00000018   Code   RO         2528    i.RC_unable         bsp_rc.o
    0x0800aa18   0x0800aa18   0x0000003e   Code   RO         8393    i.RTC_EnterInitMode  stm32f4xx_hal_rtc.o
    0x0800aa56   0x0800aa56   0x00000002   PAD
    0x0800aa58   0x0800aa58   0x00000078   Code   RO         3311    i.SERIO_Control     gimbal_task.o
    0x0800aad0   0x0800aad0   0x0000273c   Code   RO         2601    i.SPI1_DMA_enable   bsp_spi.o
    0x0800d20c   0x0800d20c   0x00000180   Code   RO         2602    i.SPI1_DMA_init     bsp_spi.o
    0x0800d38c   0x0800d38c   0x0000006c   Code   RO         8789    i.SPI_EndRxTxTransaction  stm32f4xx_hal_spi.o
    0x0800d3f8   0x0800d3f8   0x000000a8   Code   RO         8794    i.SPI_WaitFlagStateUntilTimeout  stm32f4xx_hal_spi.o
    0x0800d4a0   0x0800d4a0   0x00000284   Code   RO         3798    i.Shoot_Feedback_Update  shoot_task.o
    0x0800d724   0x0800d724   0x000000ec   Code   RO         3799    i.Shoot_Set_Mode    shoot_task.o
    0x0800d810   0x0800d810   0x00000020   Code   RO         2807    i.Sway              chassis_task.o
    0x0800d830   0x0800d830   0x00000054   Code   RO           14    i.SysTick_Config    main.o
    0x0800d884   0x0800d884   0x00000014   Code   RO         1748    i.SysTick_Handler   stm32f4xx_it.o
    0x0800d898   0x0800d898   0x000000d4   Code   RO           15    i.SystemClock_Config  main.o
    0x0800d96c   0x0800d96c   0x00000064   Code   RO         1935    i.SystemInit        system_stm32f4xx.o
    0x0800d9d0   0x0800d9d0   0x00000010   Code   RO         1749    i.TIM8_UP_TIM13_IRQHandler  stm32f4xx_it.o
    0x0800d9e0   0x0800d9e0   0x000000d8   Code   RO         9152    i.TIM_Base_SetConfig  stm32f4xx_hal_tim.o
    0x0800dab8   0x0800dab8   0x00000022   Code   RO         9153    i.TIM_CCxChannelCmd  stm32f4xx_hal_tim.o
    0x0800dada   0x0800dada   0x00000016   Code   RO         9163    i.TIM_ETR_SetConfig  stm32f4xx_hal_tim.o
    0x0800daf0   0x0800daf0   0x00000012   Code   RO         9164    i.TIM_ITRx_SetConfig  stm32f4xx_hal_tim.o
    0x0800db02   0x0800db02   0x00000002   PAD
    0x0800db04   0x0800db04   0x00000070   Code   RO         9165    i.TIM_OC1_SetConfig  stm32f4xx_hal_tim.o
    0x0800db74   0x0800db74   0x0000007c   Code   RO         9166    i.TIM_OC2_SetConfig  stm32f4xx_hal_tim.o
    0x0800dbf0   0x0800dbf0   0x00000078   Code   RO         9167    i.TIM_OC3_SetConfig  stm32f4xx_hal_tim.o
    0x0800dc68   0x0800dc68   0x00000054   Code   RO         9168    i.TIM_OC4_SetConfig  stm32f4xx_hal_tim.o
    0x0800dcbc   0x0800dcbc   0x00000026   Code   RO         9170    i.TIM_TI1_ConfigInputStage  stm32f4xx_hal_tim.o
    0x0800dce2   0x0800dce2   0x00000028   Code   RO         9172    i.TIM_TI2_ConfigInputStage  stm32f4xx_hal_tim.o
    0x0800dd0a   0x0800dd0a   0x00000014   Code   RO        10039    i.UART_DMAAbortOnError  stm32f4xx_hal_uart.o
    0x0800dd1e   0x0800dd1e   0x00000020   Code   RO        10049    i.UART_EndRxTransfer  stm32f4xx_hal_uart.o
    0x0800dd3e   0x0800dd3e   0x00000020   Code   RO        10050    i.UART_EndTransmit_IT  stm32f4xx_hal_uart.o
    0x0800dd5e   0x0800dd5e   0x000000a6   Code   RO        10052    i.UART_Receive_IT   stm32f4xx_hal_uart.o
    0x0800de04   0x0800de04   0x00000368   Code   RO        10053    i.UART_SetConfig    stm32f4xx_hal_uart.o
    0x0800e16c   0x0800e16c   0x00000068   Code   RO        10054    i.UART_Transmit_IT  stm32f4xx_hal_uart.o
    0x0800e1d4   0x0800e1d4   0x0000006c   Code   RO        10055    i.UART_WaitOnFlagUntilTimeout  stm32f4xx_hal_uart.o
    0x0800e240   0x0800e240   0x0000015c   Code   RO         4254    i.UI_ReFresh        rm_cilent_ui.o
    0x0800e39c   0x0800e39c   0x00000014   Code   RO         4255    i.UI_SendByte       rm_cilent_ui.o
    0x0800e3b0   0x0800e3b0   0x00000640   Code   RO         4189    i.UI_tasks          ui_update.o
    0x0800e9f0   0x0800e9f0   0x00000124   Code   RO         3898    i.USART1_IRQHandler  rm_usart.o
    0x0800eb14   0x0800eb14   0x00000134   Code   RO         3665    i.USART3_IRQHandler  remote_control.o
    0x0800ec48   0x0800ec48   0x0000011c   Code   RO         4034    i.USART6_IRQHandler  referee_usart_task.o
    0x0800ed64   0x0800ed64   0x00000016   Code   RO        11821    i.USBD_ClrClassConfig  usbd_core.o
    0x0800ed7a   0x0800ed7a   0x0000003e   Code   RO        11959    i.USBD_ClrFeature   usbd_ctlreq.o
    0x0800edb8   0x0800edb8   0x00000018   Code   RO        12054    i.USBD_CtlContinueRx  usbd_ioreq.o
    0x0800edd0   0x0800edd0   0x00000018   Code   RO        12055    i.USBD_CtlContinueSendData  usbd_ioreq.o
    0x0800ede8   0x0800ede8   0x00000018   Code   RO        11960    i.USBD_CtlError     usbd_ctlreq.o
    0x0800ee00   0x0800ee00   0x0000001a   Code   RO        12057    i.USBD_CtlReceiveStatus  usbd_ioreq.o
    0x0800ee1a   0x0800ee1a   0x00000022   Code   RO        12058    i.USBD_CtlSendData  usbd_ioreq.o
    0x0800ee3c   0x0800ee3c   0x0000001a   Code   RO        12059    i.USBD_CtlSendStatus  usbd_ioreq.o
    0x0800ee56   0x0800ee56   0x00000056   Code   RO        11961    i.USBD_GetConfig    usbd_ctlreq.o
    0x0800eeac   0x0800eeac   0x00000152   Code   RO        11962    i.USBD_GetDescriptor  usbd_ctlreq.o
    0x0800effe   0x0800effe   0x0000005a   Code   RO        11964    i.USBD_GetStatus    usbd_ctlreq.o
    0x0800f058   0x0800f058   0x0000002c   Code   RO         1401    i.USBD_Get_USB_Status  usbd_conf.o
    0x0800f084   0x0800f084   0x00000026   Code   RO         1402    i.USBD_LL_ClearStallEP  usbd_conf.o
    0x0800f0aa   0x0800f0aa   0x00000100   Code   RO        11824    i.USBD_LL_DataInStage  usbd_core.o
    0x0800f1aa   0x0800f1aa   0x000000a6   Code   RO        11825    i.USBD_LL_DataOutStage  usbd_core.o
    0x0800f250   0x0800f250   0x00000006   Code   RO        11826    i.USBD_LL_DevConnected  usbd_core.o
    0x0800f256   0x0800f256   0x0000001a   Code   RO        11827    i.USBD_LL_DevDisconnected  usbd_core.o
    0x0800f270   0x0800f270   0x00000038   Code   RO         1409    i.USBD_LL_IsStallEP  usbd_conf.o
    0x0800f2a8   0x0800f2a8   0x00000006   Code   RO        11828    i.USBD_LL_IsoINIncomplete  usbd_core.o
    0x0800f2ae   0x0800f2ae   0x00000006   Code   RO        11829    i.USBD_LL_IsoOUTIncomplete  usbd_core.o
    0x0800f2b4   0x0800f2b4   0x00000030   Code   RO         1410    i.USBD_LL_OpenEP    usbd_conf.o
    0x0800f2e4   0x0800f2e4   0x00000030   Code   RO         1411    i.USBD_LL_PrepareReceive  usbd_conf.o
    0x0800f314   0x0800f314   0x0000005c   Code   RO        11830    i.USBD_LL_Reset     usbd_core.o
    0x0800f370   0x0800f370   0x0000000e   Code   RO        11831    i.USBD_LL_Resume    usbd_core.o
    0x0800f37e   0x0800f37e   0x00000022   Code   RO        11832    i.USBD_LL_SOF       usbd_core.o
    0x0800f3a0   0x0800f3a0   0x00000008   Code   RO        11833    i.USBD_LL_SetSpeed  usbd_core.o
    0x0800f3a8   0x0800f3a8   0x00000026   Code   RO         1412    i.USBD_LL_SetUSBAddress  usbd_conf.o
    0x0800f3ce   0x0800f3ce   0x0000006e   Code   RO        11834    i.USBD_LL_SetupStage  usbd_core.o
    0x0800f43c   0x0800f43c   0x00000026   Code   RO         1413    i.USBD_LL_StallEP   usbd_conf.o
    0x0800f462   0x0800f462   0x00000014   Code   RO        11835    i.USBD_LL_Suspend   usbd_core.o
    0x0800f476   0x0800f476   0x00000030   Code   RO         1416    i.USBD_LL_Transmit  usbd_conf.o
    0x0800f4a6   0x0800f4a6   0x00000028   Code   RO        11966    i.USBD_ParseSetupRequest  usbd_ctlreq.o
    0x0800f4ce   0x0800f4ce   0x00000006   Code   RO        11837    i.USBD_RunTestMode  usbd_core.o
    0x0800f4d4   0x0800f4d4   0x0000005a   Code   RO        11967    i.USBD_SetAddress   usbd_ctlreq.o
    0x0800f52e   0x0800f52e   0x00000022   Code   RO        11838    i.USBD_SetClassConfig  usbd_core.o
    0x0800f550   0x0800f550   0x000000e8   Code   RO        11968    i.USBD_SetConfig    usbd_ctlreq.o
    0x0800f638   0x0800f638   0x00000018   Code   RO        11969    i.USBD_SetFeature   usbd_ctlreq.o
    0x0800f650   0x0800f650   0x000000a2   Code   RO        11970    i.USBD_StdDevReq    usbd_ctlreq.o
    0x0800f6f2   0x0800f6f2   0x00000238   Code   RO        11971    i.USBD_StdEPReq     usbd_ctlreq.o
    0x0800f92a   0x0800f92a   0x0000007e   Code   RO        11972    i.USBD_StdItfReq    usbd_ctlreq.o
    0x0800f9a8   0x0800f9a8   0x000000d0   Code   RO         5739    i.USB_ActivateEndpoint  stm32f4xx_ll_usb.o
    0x0800fa78   0x0800fa78   0x00000046   Code   RO         5741    i.USB_ActivateSetup  stm32f4xx_ll_usb.o
    0x0800fabe   0x0800fabe   0x00000002   PAD
    0x0800fac0   0x0800fac0   0x000001d8   Code   RO         5754    i.USB_EP0StartXfer  stm32f4xx_ll_usb.o
    0x0800fc98   0x0800fc98   0x00000070   Code   RO         5755    i.USB_EP0_OutStart  stm32f4xx_ll_usb.o
    0x0800fd08   0x0800fd08   0x0000008e   Code   RO         5756    i.USB_EPClearStall  stm32f4xx_ll_usb.o
    0x0800fd96   0x0800fd96   0x0000009a   Code   RO         5757    i.USB_EPSetStall    stm32f4xx_ll_usb.o
    0x0800fe30   0x0800fe30   0x00000344   Code   RO         5758    i.USB_EPStartXfer   stm32f4xx_ll_usb.o
    0x08010174   0x08010174   0x00000030   Code   RO         5761    i.USB_FlushTxFifo   stm32f4xx_ll_usb.o
    0x080101a4   0x080101a4   0x00000026   Code   RO         5763    i.USB_GetDevSpeed   stm32f4xx_ll_usb.o
    0x080101ca   0x080101ca   0x0000000a   Code   RO         5765    i.USB_GetMode       stm32f4xx_ll_usb.o
    0x080101d4   0x080101d4   0x00000014   Code   RO         5772    i.USB_ReadDevAllInEpInterrupt  stm32f4xx_ll_usb.o
    0x080101e8   0x080101e8   0x00000014   Code   RO         5773    i.USB_ReadDevAllOutEpInterrupt  stm32f4xx_ll_usb.o
    0x080101fc   0x080101fc   0x00000032   Code   RO         5774    i.USB_ReadDevInEPInterrupt  stm32f4xx_ll_usb.o
    0x0801022e   0x0801022e   0x0000001a   Code   RO         5775    i.USB_ReadDevOutEPInterrupt  stm32f4xx_ll_usb.o
    0x08010248   0x08010248   0x0000000a   Code   RO         5776    i.USB_ReadInterrupts  stm32f4xx_ll_usb.o
    0x08010252   0x08010252   0x00000022   Code   RO         5777    i.USB_ReadPacket    stm32f4xx_ll_usb.o
    0x08010274   0x08010274   0x0000002a   Code   RO         5780    i.USB_SetDevAddress  stm32f4xx_ll_usb.o
    0x0801029e   0x0801029e   0x00000002   PAD
    0x080102a0   0x080102a0   0x000000e8   Code   RO         5782    i.USB_SetTurnaroundTime  stm32f4xx_ll_usb.o
    0x08010388   0x08010388   0x0000003c   Code   RO         5785    i.USB_WritePacket   stm32f4xx_ll_usb.o
    0x080103c4   0x080103c4   0x00000004   Code   RO         1750    i.UsageFault_Handler  stm32f4xx_it.o
    0x080103c8   0x080103c8   0x00000078   Code   RO         3456    i.VISION_DATA_USE   gimbal_behaviour.o
    0x08010440   0x08010440   0x00000030   Code   RO        13336    i.__ARM_fpclassify  m_wm.l(fpclassify.o)
    0x08010470   0x08010470   0x00000026   Code   RO        13200    i.__ARM_fpclassifyf  m_wm.l(fpclassifyf.o)
    0x08010496   0x08010496   0x00000002   PAD
    0x08010498   0x08010498   0x00000010   Code   RO         6846    i.__NVIC_GetPriorityGrouping  stm32f4xx_hal_cortex.o
    0x080104a8   0x080104a8   0x00000028   Code   RO         6847    i.__NVIC_SetPriority  stm32f4xx_hal_cortex.o
    0x080104d0   0x080104d0   0x00000006   Code   RO         5126    i.__get_PRIMASK     fifo.o
    0x080104d6   0x080104d6   0x00000002   PAD
    0x080104d8   0x080104d8   0x0000012c   Code   RO        12939    i.__hardfp_asinf    m_wm.l(asinf.o)
    0x08010604   0x08010604   0x000002ac   Code   RO        12951    i.__hardfp_atan2f   m_wm.l(atan2f.o)
    0x080108b0   0x080108b0   0x00000014   Code   RO        12963    i.__hardfp_fabs     m_wm.l(fabs.o)
    0x080108c4   0x080108c4   0x00000004   PAD
    0x080108c8   0x080108c8   0x000000c8   Code   RO        12969    i.__hardfp_sin      m_wm.l(sin.o)
    0x08010990   0x08010990   0x0000003a   Code   RO        12993    i.__hardfp_sqrtf    m_wm.l(sqrtf_full.o)
    0x080109ca   0x080109ca   0x00000006   PAD
    0x080109d0   0x080109d0   0x00000438   Code   RO        13216    i.__ieee754_rem_pio2  m_wm.l(rred.o)
    0x08010e08   0x08010e08   0x00000170   Code   RO        13183    i.__kernel_cos      m_wm.l(cos_i.o)
    0x08010f78   0x08010f78   0x000000f8   Code   RO        13338    i.__kernel_poly     m_wm.l(poly.o)
    0x08011070   0x08011070   0x00000130   Code   RO        13224    i.__kernel_sin      m_wm.l(sin_i.o)
    0x080111a0   0x080111a0   0x00000014   Code   RO        13187    i.__mathlib_dbl_infnan  m_wm.l(dunder.o)
    0x080111b4   0x080111b4   0x00000004   PAD
    0x080111b8   0x080111b8   0x00000020   Code   RO        13189    i.__mathlib_dbl_invalid  m_wm.l(dunder.o)
    0x080111d8   0x080111d8   0x00000020   Code   RO        13192    i.__mathlib_dbl_underflow  m_wm.l(dunder.o)
    0x080111f8   0x080111f8   0x00000006   Code   RO        13203    i.__mathlib_flt_infnan  m_wm.l(funder.o)
    0x080111fe   0x080111fe   0x00000006   Code   RO        13204    i.__mathlib_flt_infnan2  m_wm.l(funder.o)
    0x08011204   0x08011204   0x00000010   Code   RO        13205    i.__mathlib_flt_invalid  m_wm.l(funder.o)
    0x08011214   0x08011214   0x00000010   Code   RO        13208    i.__mathlib_flt_underflow  m_wm.l(funder.o)
    0x08011224   0x08011224   0x00000006   Code   RO         5127    i.__set_PRIMASK     fifo.o
    0x0801122a   0x0801122a   0x0000000e   Code   RO        12858    i._is_digit         c_w.l(__printf_wp.o)
    0x08011238   0x08011238   0x00000030   Code   RO         4966    i.abs_limit         user_lib.o
    0x08011268   0x08011268   0x000001d0   Code   RO        12387    i.accel_comple_filter  AHRS.lib(ahrs.o)
    0x08011438   0x08011438   0x0000018c   Code   RO        12388    i.accel_update_kp_ki  AHRS.lib(ahrs.o)
    0x080115c4   0x080115c4   0x0000003c   Code   RO         1971    i.adcx_get_chx_value  bsp_adc.o
    0x08011600   0x08011600   0x0000016c   Code   RO        12389    i.angle_to_quat     AHRS.lib(ahrs.o)
    0x0801176c   0x0801176c   0x00000134   Code   RO         4483    i.bmi088_accel_init  bmi088driver.o
    0x080118a0   0x080118a0   0x000002fc   Code   RO         4484    i.bmi088_accel_self_test  bmi088driver.o
    0x08011b9c   0x08011b9c   0x000000f4   Code   RO         4485    i.bmi088_gyro_init  bmi088driver.o
    0x08011c90   0x08011c90   0x000000d0   Code   RO         4486    i.bmi088_gyro_self_test  bmi088driver.o
    0x08011d60   0x08011d60   0x00000010   Code   RO         2121    i.buzzer_off        bsp_buzzer.o
    0x08011d70   0x08011d70   0x00000014   Code   RO         2122    i.buzzer_on         bsp_buzzer.o
    0x08011d84   0x08011d84   0x000000ec   Code   RO         3042    i.cali_data_read    calibrate_task.o
    0x08011e70   0x08011e70   0x0000000e   Code   RO         3044    i.cali_gimbal_hook  calibrate_task.o
    0x08011e7e   0x08011e7e   0x00000002   PAD
    0x08011e80   0x08011e80   0x00000064   Code   RO         3045    i.cali_gyro_hook    calibrate_task.o
    0x08011ee4   0x08011ee4   0x00000046   Code   RO         3046    i.cali_head_hook    calibrate_task.o
    0x08011f2a   0x08011f2a   0x00000002   PAD
    0x08011f2c   0x08011f2c   0x000000b8   Code   RO         3047    i.cali_param_init   calibrate_task.o
    0x08011fe4   0x08011fe4   0x0000005c   Code   RO         2155    i.can_filter_init   bsp_can.o
    0x08012040   0x08012040   0x00000324   Code   RO         2808    i.chassic_mode_set  chassis_task.o
    0x08012364   0x08012364   0x000000ac   Code   RO         2971    i.chassis_behaviour_control_set  chassis_behaviour.o
    0x08012410   0x08012410   0x000000c0   Code   RO         2972    i.chassis_behaviour_mode_set  chassis_behaviour.o
    0x080124d0   0x080124d0   0x000004da   Code   RO         2809    i.chassis_control_loop  chassis_task.o
    0x080129aa   0x080129aa   0x00000002   PAD
    0x080129ac   0x080129ac   0x00000110   Code   RO         2810    i.chassis_feedback_update  chassis_task.o
    0x08012abc   0x08012abc   0x00000034   Code   RO         2973    i.chassis_infantry_follow_gimbal_yaw_control  chassis_behaviour.o
    0x08012af0   0x08012af0   0x0000016c   Code   RO         2811    i.chassis_init      chassis_task.o
    0x08012c5c   0x08012c5c   0x000000a0   Code   RO         2812    i.chassis_mode_change_control_transit  chassis_task.o
    0x08012cfc   0x08012cfc   0x00000044   Code   RO         2974    i.chassis_no_follow_yaw_control  chassis_behaviour.o
    0x08012d40   0x08012d40   0x0000002c   Code   RO         2975    i.chassis_no_move_control  chassis_behaviour.o
    0x08012d6c   0x08012d6c   0x0000005c   Code   RO         2976    i.chassis_open_set_control  chassis_behaviour.o
    0x08012dc8   0x08012dc8   0x00000420   Code   RO         2813    i.chassis_rc_to_control_vector  chassis_task.o
    0x080131e8   0x080131e8   0x00000534   Code   RO         2814    i.chassis_set_contorl  chassis_task.o
    0x0801371c   0x0801371c   0x00000012   Code   RO         2815    i.chassis_set_mode  chassis_task.o
    0x0801372e   0x0801372e   0x00000002   PAD
    0x08013730   0x08013730   0x00000088   Code   RO         2816    i.chassis_task      chassis_task.o
    0x080137b8   0x080137b8   0x00000050   Code   RO         2817    i.chassis_vector_to_mecanum_wheel_speed  chassis_task.o
    0x08013808   0x08013808   0x0000002c   Code   RO         2977    i.chassis_zero_force_control  chassis_behaviour.o
    0x08013834   0x08013834   0x00000030   Code   RO         2224    i.delay_init        bsp_delay.o
    0x08013864   0x08013864   0x00000050   Code   RO         2226    i.delay_us          bsp_delay.o
    0x080138b4   0x080138b4   0x00000018   Code   RO        12965    i.fabs              m_wm.l(fabs.o)
    0x080138cc   0x080138cc   0x0000003a   Code   RO         5145    i.fifo_s_get        fifo.o
    0x08013906   0x08013906   0x00000016   Code   RO         5148    i.fifo_s_init       fifo.o
    0x0801391c   0x0801391c   0x000000a0   Code   RO         5154    i.fifo_s_puts       fifo.o
    0x080139bc   0x080139bc   0x00000006   Code   RO         5156    i.fifo_s_used       fifo.o
    0x080139c2   0x080139c2   0x00000054   Code   RO         4967    i.first_order_filter_cali  user_lib.o
    0x08013a16   0x08013a16   0x00000002   PAD
    0x08013a18   0x08013a18   0x00000024   Code   RO         4968    i.first_order_filter_init  user_lib.o
    0x08013a3c   0x08013a3c   0x00000014   Code   RO         2266    i.flash_read        bsp_flash.o
    0x08013a50   0x08013a50   0x0000002a   Code   RO         4969    i.fp32_constrain    user_lib.o
    0x08013a7a   0x08013a7a   0x00000002   PAD
    0x08013a7c   0x08013a7c   0x000001ec   Code   RO         3800    i.fric_control_loop  shoot_task.o
    0x08013c68   0x08013c68   0x00000034   Code   RO         5067    i.get_CRC16_check_sum  crc8_crc16.o
    0x08013c9c   0x08013c9c   0x00000024   Code   RO         5068    i.get_CRC8_check_sum  crc8_crc16.o
    0x08013cc0   0x08013cc0   0x00000008   Code   RO         3551    i.get_INS_angle_point  ins_task.o
    0x08013cc8   0x08013cc8   0x000000e8   Code   RO        12390    i.get_angle         AHRS.lib(ahrs.o)
    0x08013db0   0x08013db0   0x00000008   Code   RO         3198    i.get_cap_measure_point  can_receive.o
    0x08013db8   0x08013db8   0x00000018   Code   RO         3199    i.get_chassis_motor_measure_point  can_receive.o
    0x08013dd0   0x08013dd0   0x0000000c   Code   RO         3049    i.get_control_temperature  calibrate_task.o
    0x08013ddc   0x08013ddc   0x00000008   Code   RO         3554    i.get_gyro_data_point  ins_task.o
    0x08013de4   0x08013de4   0x00000008   Code   RO         3200    i.get_pitch_gimbal_motor_measure_point  can_receive.o
    0x08013dec   0x08013dec   0x00000008   Code   RO         3312    i.get_pitch_motor_point  gimbal_task.o
    0x08013df4   0x08013df4   0x00000008   Code   RO         3666    i.get_remote_control_point  remote_control.o
    0x08013dfc   0x08013dfc   0x00000018   Code   RO         3201    i.get_shoot_motor_measure_point  can_receive.o
    0x08013e14   0x08013e14   0x0000005c   Code   RO         1974    i.get_temprate      bsp_adc.o
    0x08013e70   0x08013e70   0x00000008   Code   RO         3202    i.get_trigger_motor_measure_point  can_receive.o
    0x08013e78   0x08013e78   0x00000008   Code   RO         3203    i.get_yaw_gimbal_motor_measure_point  can_receive.o
    0x08013e80   0x08013e80   0x00000008   Code   RO         3313    i.get_yaw_motor_point  gimbal_task.o
    0x08013e88   0x08013e88   0x000002f4   Code   RO         3457    i.gimbal_auto_control_set  gimbal_behaviour.o
    0x0801417c   0x0801417c   0x00000350   Code   RO         3458    i.gimbal_behaviour_control_set  gimbal_behaviour.o
    0x080144cc   0x080144cc   0x00000120   Code   RO         3459    i.gimbal_behaviour_mode_set  gimbal_behaviour.o
    0x080145ec   0x080145ec   0x00000048   Code   RO         3460    i.gimbal_behavour_set  gimbal_behaviour.o
    0x08014634   0x08014634   0x000000e4   Code   RO         3314    i.gimbal_motor_absolute_angle_control  gimbal_task.o
    0x08014718   0x08014718   0x00000022   Code   RO         3315    i.gimbal_motor_raw_angle_control  gimbal_task.o
    0x0801473a   0x0801473a   0x00000002   PAD
    0x0801473c   0x0801473c   0x000000d4   Code   RO         3316    i.gimbal_motor_relative_angle_control  gimbal_task.o
    0x08014810   0x08014810   0x000000b4   Code   RO         3317    i.gimbal_task       gimbal_task.o
    0x080148c4   0x080148c4   0x00000054   Code   RO         3556    i.gyro_offset_calc  ins_task.o
    0x08014918   0x08014918   0x0000012c   Code   RO         3557    i.imu_cali_slove    ins_task.o
    0x08014a44   0x08014a44   0x00000168   Code   RO         3558    i.imu_cmd_spi_dma   ins_task.o
    0x08014bac   0x08014bac   0x0000000c   Code   RO         2362    i.imu_pwm_set       bsp_imu_pwm.o
    0x08014bb8   0x08014bb8   0x000000b8   Code   RO         3559    i.imu_temp_control  ins_task.o
    0x08014c70   0x08014c70   0x000000c0   Code   RO         3976    i.init_referee_struct_data  referee.o
    0x08014d30   0x08014d30   0x00000002   Code   RO         4714    i.ist8310_GPIO_init  ist8310driver_middleware.o
    0x08014d32   0x08014d32   0x00000002   PAD
    0x08014d34   0x08014d34   0x00000028   Code   RO         4716    i.ist8310_IIC_read_single_reg  ist8310driver_middleware.o
    0x08014d5c   0x08014d5c   0x00000028   Code   RO         4718    i.ist8310_IIC_write_single_reg  ist8310driver_middleware.o
    0x08014d84   0x08014d84   0x00000014   Code   RO         4719    i.ist8310_RST_H     ist8310driver_middleware.o
    0x08014d98   0x08014d98   0x00000014   Code   RO         4720    i.ist8310_RST_L     ist8310driver_middleware.o
    0x08014dac   0x08014dac   0x00000002   Code   RO         4721    i.ist8310_com_init  ist8310driver_middleware.o
    0x08014dae   0x08014dae   0x0000000c   Code   RO         4722    i.ist8310_delay_ms  ist8310driver_middleware.o
    0x08014dba   0x08014dba   0x00000002   PAD
    0x08014dbc   0x08014dbc   0x00000094   Code   RO         4679    i.ist8310_init      ist8310driver.o
    0x08014e50   0x08014e50   0x00000038   Code   RO        12339    i.kalmanCreate      kalman.o
    0x08014e88   0x08014e88   0x000000e0   Code   RO        12341    i.kalman_filter_init  kalman.o
    0x08014f68   0x08014f68   0x00000028   Code   RO         2460    i.laser_off         bsp_laser.o
    0x08014f90   0x08014f90   0x00000028   Code   RO         2461    i.laser_on          bsp_laser.o
    0x08014fb8   0x08014fb8   0x00000060   Code   RO         4974    i.loop_fp32_constrain  user_lib.o
    0x08015018   0x08015018   0x00000168   Code   RO           16    i.main              main.o
    0x08015180   0x08015180   0x0000000e   Code   RO        11313    i.makeFreeRtosPriority  cmsis_os.o
    0x0801518e   0x0801518e   0x00000002   PAD
    0x08015190   0x08015190   0x00000018   Code   RO         3318    i.motor_ecd_to_angle_change  gimbal_task.o
    0x080151a8   0x080151a8   0x00000018   Code   RO        11315    i.osDelay           cmsis_os.o
    0x080151c0   0x080151c0   0x0000000a   Code   RO        11318    i.osKernelStart     cmsis_os.o
    0x080151ca   0x080151ca   0x0000005e   Code   RO        11352    i.osThreadCreate    cmsis_os.o
    0x08015228   0x08015228   0x00000030   Code   RO        10810    i.pcTaskGetName     tasks.o
    0x08015258   0x08015258   0x000000a4   Code   RO        10811    i.prvAddCurrentTaskToDelayedList  tasks.o
    0x080152fc   0x080152fc   0x000000b4   Code   RO        10812    i.prvAddNewTaskToReadyList  tasks.o
    0x080153b0   0x080153b0   0x00000074   Code   RO        11160    i.prvCheckForValidListAndQueue  timers.o
    0x08015424   0x08015424   0x00000048   Code   RO        10813    i.prvCheckTasksWaitingTermination  tasks.o
    0x0801546c   0x0801546c   0x0000002a   Code   RO        10473    i.prvCopyDataFromQueue  queue.o
    0x08015496   0x08015496   0x0000007c   Code   RO        10474    i.prvCopyDataToQueue  queue.o
    0x08015512   0x08015512   0x00000050   Code   RO        10814    i.prvDeleteTCB      tasks.o
    0x08015562   0x08015562   0x00000002   PAD
    0x08015564   0x08015564   0x00000028   Code   RO        11161    i.prvGetNextExpireTime  timers.o
    0x0801558c   0x0801558c   0x0000007c   Code   RO        11692    i.prvHeapInit       heap_4.o
    0x08015608   0x08015608   0x00000028   Code   RO        10815    i.prvIdleTask       tasks.o
    0x08015630   0x08015630   0x00000026   Code   RO        10477    i.prvInitialiseNewQueue  queue.o
    0x08015656   0x08015656   0x000000b8   Code   RO        10816    i.prvInitialiseNewTask  tasks.o
    0x0801570e   0x0801570e   0x00000002   PAD
    0x08015710   0x08015710   0x00000068   Code   RO        10817    i.prvInitialiseTaskLists  tasks.o
    0x08015778   0x08015778   0x00000068   Code   RO        11693    i.prvInsertBlockIntoFreeList  heap_4.o
    0x080157e0   0x080157e0   0x00000058   Code   RO        11163    i.prvInsertTimerInActiveList  timers.o
    0x08015838   0x08015838   0x0000001a   Code   RO        10478    i.prvIsQueueEmpty   queue.o
    0x08015852   0x08015852   0x0000001e   Code   RO        10479    i.prvIsQueueFull    queue.o
    0x08015870   0x08015870   0x00000064   Code   RO        11164    i.prvProcessExpiredTimer  timers.o
    0x080158d4   0x080158d4   0x00000128   Code   RO        11165    i.prvProcessReceivedCommands  timers.o
    0x080159fc   0x080159fc   0x00000074   Code   RO        11166    i.prvProcessTimerOrBlockTask  timers.o
    0x08015a70   0x08015a70   0x00000034   Code   RO        10818    i.prvResetNextTaskUnblockTime  tasks.o
    0x08015aa4   0x08015aa4   0x0000002c   Code   RO        11167    i.prvSampleTimeNow  timers.o
    0x08015ad0   0x08015ad0   0x0000009e   Code   RO        10819    i.prvSearchForNameWithinSingleList  tasks.o
    0x08015b6e   0x08015b6e   0x00000002   PAD
    0x08015b70   0x08015b70   0x000000a0   Code   RO        11168    i.prvSwitchTimerLists  timers.o
    0x08015c10   0x08015c10   0x00000016   Code   RO        10820    i.prvTaskCheckFreeStackSpace  tasks.o
    0x08015c26   0x08015c26   0x00000002   PAD
    0x08015c28   0x08015c28   0x00000040   Code   RO        11742    i.prvTaskExitError  port.o
    0x08015c68   0x08015c68   0x0000001a   Code   RO        11169    i.prvTimerTask      timers.o
    0x08015c82   0x08015c82   0x0000007e   Code   RO        10480    i.prvUnlockQueue    queue.o
    0x08015d00   0x08015d00   0x0000013c   Code   RO        11694    i.pvPortMalloc      heap_4.o
    0x08015e3c   0x08015e3c   0x0000002c   Code   RO        11743    i.pxPortInitialiseStack  port.o
    0x08015e68   0x08015e68   0x00000084   Code   RO        12395    i.quat_normalization  AHRS.lib(ahrs.o)
    0x08015eec   0x08015eec   0x000001a4   Code   RO         3977    i.referee_data_solve  referee.o
    0x08016090   0x08016090   0x0000014c   Code   RO         4035    i.referee_unpack_fifo_data  referee_usart_task.o
    0x080161dc   0x080161dc   0x00000038   Code   RO         4036    i.referee_usart_task  referee_usart_task.o
    0x08016214   0x08016214   0x00000014   Code   RO         3667    i.remote_control_init  remote_control.o
    0x08016228   0x08016228   0x000000da   Code   RO         3668    i.sbus_to_rc        remote_control.o
    0x08016302   0x08016302   0x00000002   PAD
    0x08016304   0x08016304   0x00000058   Code   RO         3669    i.sbus_to_usart1    remote_control.o
    0x0801635c   0x0801635c   0x00000100   Code   RO         3801    i.shoot_bullet_control  shoot_task.o
    0x0801645c   0x0801645c   0x0000018c   Code   RO         3802    i.shoot_control_loop  shoot_task.o
    0x080165e8   0x080165e8   0x00000018   Code   RO         3803    i.shoot_fric_off    shoot_task.o
    0x08016600   0x08016600   0x00000100   Code   RO         3804    i.shoot_init        shoot_task.o
    0x08016700   0x08016700   0x00000230   Code   RO         3805    i.shoot_level       shoot_task.o
    0x08016930   0x08016930   0x00000020   Code   RO         3806    i.shoot_ready       shoot_task.o
    0x08016950   0x08016950   0x00000058   Code   RO         3807    i.shoot_task        shoot_task.o
    0x080169a8   0x080169a8   0x0000003e   Code   RO        12995    i.sqrtf             m_wm.l(sqrtf_full.o)
    0x080169e6   0x080169e6   0x00000002   PAD
    0x080169e8   0x080169e8   0x0000005c   Code   RO        12219    i.stm32_auto_pid_init  stm32.o
    0x08016a44   0x08016a44   0x00000054   Code   RO        12221    i.stm32_pid_auto_init_pitch  stm32.o
    0x08016a98   0x08016a98   0x0000005c   Code   RO        12222    i.stm32_pid_init    stm32.o
    0x08016af4   0x08016af4   0x0000005c   Code   RO        12223    i.stm32_pid_init_pitch  stm32.o
    0x08016b50   0x08016b50   0x0000005c   Code   RO        12224    i.stm32_pid_init_pitch_gyro  stm32.o
    0x08016bac   0x08016bac   0x00000034   Code   RO        12225    i.stm32_shoot_pid_init  stm32.o
    0x08016be0   0x08016be0   0x00000510   Code   RO        12226    i.stm32_step        stm32.o
    0x080170f0   0x080170f0   0x00000454   Code   RO        12228    i.stm32_step_pitch  stm32.o
    0x08017544   0x08017544   0x00000240   Code   RO        12230    i.stm32_step_shoot_0  stm32.o
    0x08017784   0x08017784   0x00000240   Code   RO        12231    i.stm32_step_shoot_1  stm32.o
    0x080179c4   0x080179c4   0x00000074   Code   RO        10823    i.ulTaskNotifyTake  tasks.o
    0x08017a38   0x08017a38   0x0000007a   Code   RO        12396    i.update_w          AHRS.lib(ahrs.o)
    0x08017ab2   0x08017ab2   0x00000002   PAD
    0x08017ab4   0x08017ab4   0x000000a8   Code   RO         2635    i.usart1_tx_dma_enable  bsp_usart.o
    0x08017b5c   0x08017b5c   0x00000074   Code   RO         2636    i.usart1_tx_dma_init  bsp_usart.o
    0x08017bd0   0x08017bd0   0x00000138   Code   RO         2637    i.usart6_init       bsp_usart.o
    0x08017d08   0x08017d08   0x00000028   Code   RO        10433    i.uxListRemove      list.o
    0x08017d30   0x08017d30   0x00000028   Code   RO        10825    i.uxTaskGetStackHighWaterMark  tasks.o
    0x08017d58   0x08017d58   0x00000018   Code   RO          554    i.vApplicationGetIdleTaskMemory  freertos.o
    0x08017d70   0x08017d70   0x00000018   Code   RO          555    i.vApplicationGetTimerTaskMemory  freertos.o
    0x08017d88   0x08017d88   0x0000001a   Code   RO        10434    i.vListInitialise   list.o
    0x08017da2   0x08017da2   0x00000006   Code   RO        10435    i.vListInitialiseItem  list.o
    0x08017da8   0x08017da8   0x00000034   Code   RO        10436    i.vListInsert       list.o
    0x08017ddc   0x08017ddc   0x00000018   Code   RO        10437    i.vListInsertEnd    list.o
    0x08017df4   0x08017df4   0x00000054   Code   RO        11745    i.vPortEnterCritical  port.o
    0x08017e48   0x08017e48   0x0000003c   Code   RO        11746    i.vPortExitCritical  port.o
    0x08017e84   0x08017e84   0x00000094   Code   RO        11695    i.vPortFree         heap_4.o
    0x08017f18   0x08017f18   0x00000028   Code   RO        11747    i.vPortSetupTimerInterrupt  port.o
    0x08017f40   0x08017f40   0x00000078   Code   RO        11748    i.vPortValidateInterruptPriority  port.o
    0x08017fb8   0x08017fb8   0x0000002c   Code   RO        10484    i.vQueueAddToRegistry  queue.o
    0x08017fe4   0x08017fe4   0x0000004a   Code   RO        10487    i.vQueueWaitForMessageRestricted  queue.o
    0x0801802e   0x0801802e   0x00000002   PAD
    0x08018030   0x08018030   0x0000005c   Code   RO        10829    i.vTaskDelay        tasks.o
    0x0801808c   0x0801808c   0x00000018   Code   RO        10833    i.vTaskInternalSetTimeOutState  tasks.o
    0x080180a4   0x080180a4   0x0000000c   Code   RO        10834    i.vTaskMissedYield  tasks.o
    0x080180b0   0x080180b0   0x000000f0   Code   RO        10835    i.vTaskNotifyGiveFromISR  tasks.o
    0x080181a0   0x080181a0   0x00000038   Code   RO        10836    i.vTaskPlaceOnEventList  tasks.o
    0x080181d8   0x080181d8   0x00000040   Code   RO        10837    i.vTaskPlaceOnEventListRestricted  tasks.o
    0x08018218   0x08018218   0x000000b8   Code   RO        10844    i.vTaskStartScheduler  tasks.o
    0x080182d0   0x080182d0   0x00000010   Code   RO        10846    i.vTaskSuspendAll   tasks.o
    0x080182e0   0x080182e0   0x0000008c   Code   RO        10847    i.vTaskSwitchContext  tasks.o
    0x0801836c   0x0801836c   0x00000040   Code   RO         5069    i.verify_CRC16_check_sum  crc8_crc16.o
    0x080183ac   0x080183ac   0x0000002e   Code   RO         5070    i.verify_CRC8_check_sum  crc8_crc16.o
    0x080183da   0x080183da   0x00000002   PAD
    0x080183dc   0x080183dc   0x000000a4   Code   RO         3899    i.vision_init       rm_usart.o
    0x08018480   0x08018480   0x000001c8   Code   RO         3900    i.vision_rx_decode  rm_usart.o
    0x08018648   0x08018648   0x00000168   Code   RO        11749    i.xPortStartScheduler  port.o
    0x080187b0   0x080187b0   0x00000034   Code   RO        11750    i.xPortSysTickHandler  port.o
    0x080187e4   0x080187e4   0x000000de   Code   RO        10491    i.xQueueGenericCreateStatic  queue.o
    0x080188c2   0x080188c2   0x00000002   PAD
    0x080188c4   0x080188c4   0x00000098   Code   RO        10492    i.xQueueGenericReset  queue.o
    0x0801895c   0x0801895c   0x000001a8   Code   RO        10493    i.xQueueGenericSend  queue.o
    0x08018b04   0x08018b04   0x000000f8   Code   RO        10494    i.xQueueGenericSendFromISR  queue.o
    0x08018bfc   0x08018bfc   0x00000168   Code   RO        10502    i.xQueueReceive     queue.o
    0x08018d64   0x08018d64   0x000000a8   Code   RO        10849    i.xTaskCheckForTimeOut  tasks.o
    0x08018e0c   0x08018e0c   0x00000064   Code   RO        10850    i.xTaskCreate       tasks.o
    0x08018e70   0x08018e70   0x000000b8   Code   RO        10851    i.xTaskCreateStatic  tasks.o
    0x08018f28   0x08018f28   0x000000a4   Code   RO        10855    i.xTaskGetHandle    tasks.o
    0x08018fcc   0x08018fcc   0x00000020   Code   RO        10856    i.xTaskGetSchedulerState  tasks.o
    0x08018fec   0x08018fec   0x0000000c   Code   RO        10857    i.xTaskGetTickCount  tasks.o
    0x08018ff8   0x08018ff8   0x00000148   Code   RO        10859    i.xTaskIncrementTick  tasks.o
    0x08019140   0x08019140   0x000000c8   Code   RO        10862    i.xTaskPriorityDisinherit  tasks.o
    0x08019208   0x08019208   0x00000098   Code   RO        10864    i.xTaskRemoveFromEventList  tasks.o
    0x080192a0   0x080192a0   0x00000104   Code   RO        10865    i.xTaskResumeAll    tasks.o
    0x080193a4   0x080193a4   0x00000078   Code   RO        11174    i.xTimerCreateTimerTask  timers.o
    0x0801941c   0x0801941c   0x00000084   Code   RO        11175    i.xTimerGenericCommand  timers.o
    0x080194a0   0x080194a0   0x0000002c   Code   RO        13315    locale$$code        c_w.l(lc_numeric_c.o)
    0x080194cc   0x080194cc   0x00000018   Code   RO        12893    x$fpl$basic         g_wm.l(basic.o)
    0x080194e4   0x080194e4   0x000002c4   Code   RO        12895    x$fpl$d2f           g_wm.l(d2f_clz.o)
    0x080197a8   0x080197a8   0x0000024c   Code   RO        12897    x$fpl$dadd          g_wm.l(daddsub_clz.o)
    0x080199f4   0x080199f4   0x00000018   Code   RO        13156    x$fpl$dcmpinf       g_wm.l(dcmpi.o)
    0x08019a0c   0x08019a0c   0x0000037c   Code   RO        12904    x$fpl$ddiv          g_wm.l(ddiv_clz.o)
    0x08019d88   0x08019d88   0x000000c8   Code   RO        13326    x$fpl$dfix          g_wm.l(dfix.o)
    0x08019e50   0x08019e50   0x000000dc   Code   RO        12907    x$fpl$dfixu         g_wm.l(dfixu.o)
    0x08019f2c   0x08019f2c   0x0000002e   Code   RO        12912    x$fpl$dflt          g_wm.l(dflt_clz.o)
    0x08019f5a   0x08019f5a   0x0000001a   Code   RO        12913    x$fpl$dfltn         g_wm.l(dflt_clz.o)
    0x08019f74   0x08019f74   0x00000026   Code   RO        12911    x$fpl$dfltu         g_wm.l(dflt_clz.o)
    0x08019f9a   0x08019f9a   0x00000002   PAD
    0x08019f9c   0x08019f9c   0x00000078   Code   RO        12917    x$fpl$dleqf         g_wm.l(dleqf.o)
    0x0801a014   0x0801a014   0x000001c0   Code   RO        12919    x$fpl$dmul          g_wm.l(dmul_clz.o)
    0x0801a1d4   0x0801a1d4   0x00000102   Code   RO        13158    x$fpl$dnaninf       g_wm.l(dnaninf.o)
    0x0801a2d6   0x0801a2d6   0x00000070   Code   RO        13160    x$fpl$drenorm       g_wm.l(drenorm_clz.o)
    0x0801a346   0x0801a346   0x0000000c   Code   RO        13162    x$fpl$dretinf       g_wm.l(dretinf.o)
    0x0801a352   0x0801a352   0x00000062   Code   RO        12921    x$fpl$drleqf        g_wm.l(drleqf.o)
    0x0801a3b4   0x0801a3b4   0x00000050   Code   RO        12898    x$fpl$drsb          g_wm.l(daddsub_clz.o)
    0x0801a404   0x0801a404   0x0000029c   Code   RO        12899    x$fpl$dsub          g_wm.l(daddsub_clz.o)
    0x0801a6a0   0x0801a6a0   0x0000017a   Code   RO        13164    x$fpl$dunder        g_wm.l(dunder_clz.o)
    0x0801a81a   0x0801a81a   0x00000002   PAD
    0x0801a81c   0x0801a81c   0x000001ec   Code   RO        13166    x$fpl$exception     g_wm.l(except.o)
    0x0801aa08   0x0801aa08   0x0000007a   Code   RO        12923    x$fpl$f2d           g_wm.l(f2d.o)
    0x0801aa82   0x0801aa82   0x000000f2   Code   RO        13168    x$fpl$fnaninf       g_wm.l(fnaninf.o)
    0x0801ab74   0x0801ab74   0x0000000a   Code   RO        13330    x$fpl$fpinit        g_wm.l(fpinit.o)
    0x0801ab7e   0x0801ab7e   0x0000000a   Code   RO        13170    x$fpl$fretinf       g_wm.l(fretinf.o)
    0x0801ab88   0x0801ab88   0x0000013c   Code   RO        13172    x$fpl$funder        g_wm.l(funder_clz.o)
    0x0801acc4   0x0801acc4   0x00000020   Code   RO        13332    x$fpl$ieeestatus    g_wm.l(istatus.o)
    0x0801ace4   0x0801ace4   0x00000004   Code   RO        12925    x$fpl$printf1       g_wm.l(printf1.o)
    0x0801ace8   0x0801ace8   0x000000b2   Code   RO        13334    x$fpl$retnan        g_wm.l(retnan.o)
    0x0801ad9a   0x0801ad9a   0x0000007e   Code   RO        13180    x$fpl$trapveneer    g_wm.l(trapv.o)
    0x0801ae18   0x0801ae18   0x00000000   Code   RO        13182    x$fpl$usenofp       g_wm.l(usenofp.o)
    0x0801ae18   0x0801ae18   0x000000a8   Data   RO          557    .constdata          freertos.o
    0x0801aec0   0x0801aec0   0x00000018   Data   RO         1936    .constdata          system_stm32f4xx.o
    0x0801aed8   0x0801aed8   0x00000054   Data   RO         2819    .constdata          chassis_task.o
    0x0801af2c   0x0801af2c   0x00000188   Data   RO         3320    .constdata          gimbal_task.o
    0x0801b0b4   0x0801b0b4   0x00000018   Data   RO         3561    .constdata          ins_task.o
    0x0801b0cc   0x0801b0cc   0x0000002c   Data   RO         3809    .constdata          shoot_task.o
    0x0801b0f8   0x0801b0f8   0x0000009e   Data   RO         4190    .constdata          ui_update.o
    0x0801b196   0x0801b196   0x00000302   Data   RO         4256    .constdata          rm_cilent_ui.o
    0x0801b498   0x0801b498   0x00000012   Data   RO         4491    .constdata          bmi088driver.o
    0x0801b4aa   0x0801b4aa   0x0000000c   Data   RO         4682    .constdata          ist8310driver.o
    0x0801b4b6   0x0801b4b6   0x00000302   Data   RO         5071    .constdata          crc8_crc16.o
    0x0801b7b8   0x0801b7b8   0x00000008   Data   RO         6563    .constdata          stm32f4xx_hal_dma.o
    0x0801b7c0   0x0801b7c0   0x0000000c   Data   RO        12397    .constdata          AHRS.lib(ahrs.o)
    0x0801b7cc   0x0801b7cc   0x00000804   Data   RO        12751    .constdata          arm_cortexM4lf_math.lib(arm_common_tables.o)
    0x0801bfd0   0x0801bfd0   0x00000011   Data   RO        12866    .constdata          c_w.l(__printf_flags_ss_wp.o)
    0x0801bfe1   0x0801bfe1   0x00000007   PAD
    0x0801bfe8   0x0801bfe8   0x00000030   Data   RO        13184    .constdata          m_wm.l(cos_i.o)
    0x0801c018   0x0801c018   0x000000c8   Data   RO        13218    .constdata          m_wm.l(rred.o)
    0x0801c0e0   0x0801c0e0   0x00000028   Data   RO        13225    .constdata          m_wm.l(sin_i.o)
    0x0801c108   0x0801c108   0x00000094   Data   RO        13288    .constdata          c_w.l(bigflt0.o)
    0x0801c19c   0x0801c19c   0x00000046   Data   RO          558    .conststring        freertos.o
    0x0801c1e2   0x0801c1e2   0x00000002   PAD
    0x0801c1e4   0x0801c1e4   0x00000020   Data   RO        13436    Region$$Table       anon$$obj.o
    0x0801c204   0x0801c204   0x0000001c   Data   RO        13314    locale$$data        c_w.l(lc_numeric_c.o)


    Execution Region RW_IRAM1 (Exec base: 0x20000000, Load base: 0x0801c220, Size: 0x0000d938, Max: 0x00020000, ABSOLUTE, COMPRESSED[0x00000118])

    Exec Addr    Load Addr    Size         Type   Attr      Idx    E Section Name        Object

    0x20000000   COMPRESSED   0x0000000c   Data   RW           18    .data               main.o
    0x2000000c   COMPRESSED   0x00000024   Data   RW          559    .data               freertos.o
    0x20000030   COMPRESSED   0x00000004   Data   RW          807    .data               can.o
    0x20000034   COMPRESSED   0x00000008   Data   RW          854    .data               crc.o
    0x2000003c   COMPRESSED   0x00000004   Data   RW         1937    .data               system_stm32f4xx.o
    0x20000040   COMPRESSED   0x00000004   Data   RW         1977    .data               bsp_adc.o
    0x20000044   COMPRESSED   0x00000008   Data   RW         2227    .data               bsp_delay.o
    0x2000004c   COMPRESSED   0x00000008   Data   RW         2462    .data               bsp_laser.o
    0x20000054   COMPRESSED   0x00000084   Data   RW         2820    .data               chassis_task.o
    0x200000d8   COMPRESSED   0x00000002   Data   RW         2978    .data               chassis_behaviour.o
    0x200000da   COMPRESSED   0x00000002   PAD
    0x200000dc   COMPRESSED   0x00000054   Data   RW         3053    .data               calibrate_task.o
    0x20000130   COMPRESSED   0x00000026   Data   RW         3205    .data               can_receive.o
    0x20000156   COMPRESSED   0x00000002   PAD
    0x20000158   COMPRESSED   0x000000fc   Data   RW         3321    .data               gimbal_task.o
    0x20000254   COMPRESSED   0x00000048   Data   RW         3463    .data               gimbal_behaviour.o
    0x2000029c   COMPRESSED   0x000000a0   Data   RW         3562    .data               ins_task.o
    0x2000033c   COMPRESSED   0x00000003   Data   RW         3673    .data               remote_control.o
    0x2000033f   COMPRESSED   0x00000001   PAD
    0x20000340   COMPRESSED   0x00000068   Data   RW         3810    .data               shoot_task.o
    0x200003a8   COMPRESSED   0x0000000a   Data   RW         3902    .data               rm_usart.o
    0x200003b2   COMPRESSED   0x0000002c   Data   RW         3979    .data               referee.o
    0x200003de   COMPRESSED   0x00000002   Data   RW         4038    .data               referee_usart_task.o
    0x200003e0   COMPRESSED   0x00000008   Data   RW         4191    .data               ui_update.o
    0x200003e8   COMPRESSED   0x00000004   Data   RW         4257    .data               rm_cilent_ui.o
    0x200003ec   COMPRESSED   0x0000002c   Data   RW         4492    .data               bmi088driver.o
    0x20000418   COMPRESSED   0x00000002   Data   RW         5072    .data               crc8_crc16.o
    0x2000041a   COMPRESSED   0x00000002   PAD
    0x2000041c   COMPRESSED   0x00000008   Data   RW         5416    .data               pid.o
    0x20000424   COMPRESSED   0x00000009   Data   RW         6995    .data               stm32f4xx_hal.o
    0x2000042d   COMPRESSED   0x00000003   PAD
    0x20000430   COMPRESSED   0x0000003c   Data   RW        10868    .data               tasks.o
    0x2000046c   COMPRESSED   0x00000014   Data   RW        11183    .data               timers.o
    0x20000480   COMPRESSED   0x00000018   Data   RW        11700    .data               heap_4.o
    0x20000498   COMPRESSED   0x0000000c   Data   RW        11751    .data               port.o
    0x200004a4   COMPRESSED   0x00000001   Data   RW        11973    .data               usbd_ctlreq.o
    0x200004a5   COMPRESSED   0x00000003   PAD
    0x200004a8   COMPRESSED   0x00000010   Data   RW        12398    .data               AHRS.lib(ahrs.o)
    0x200004b8        -       0x00000018   Zero   RW           17    .bss                main.o
    0x200004d0        -       0x000006a8   Zero   RW          556    .bss                freertos.o
    0x20000b78        -       0x00000090   Zero   RW          758    .bss                adc.o
    0x20000c08        -       0x00000050   Zero   RW          806    .bss                can.o
    0x20000c58        -       0x0000015c   Zero   RW          925    .bss                i2c.o
    0x20000db4        -       0x00000010   Zero   RW          977    .bss                rng.o
    0x20000dc4        -       0x00000020   Zero   RW         1019    .bss                rtc.o
    0x20000de4        -       0x00000170   Zero   RW         1062    .bss                spi.o
    0x20000f54        -       0x00000180   Zero   RW         1115    .bss                tim.o
    0x200010d4        -       0x000002a0   Zero   RW         1189    .bss                usart.o
    0x20001374        -       0x00000408   Zero   RW         1417    .bss                usbd_conf.o
    0x2000177c        -       0x00000010   Zero   RW         1976    .bss                bsp_adc.o
    0x2000178c        -       0x000004f8   Zero   RW         2818    .bss                chassis_task.o
    0x20001c84        -       0x00000101   Zero   RW         3051    .bss                calibrate_task.o
    0x20001d85   COMPRESSED   0x00000003   PAD
    0x20001d88        -       0x000000d8   Zero   RW         3204    .bss                can_receive.o
    0x20001e60        -       0x0000068c   Zero   RW         3319    .bss                gimbal_task.o
    0x200024ec        -       0x00000060   Zero   RW         3462    .bss                gimbal_behaviour.o
    0x2000254c        -       0x00000150   Zero   RW         3560    .bss                ins_task.o
    0x2000269c        -       0x00000072   Zero   RW         3672    .bss                remote_control.o
    0x2000270e   COMPRESSED   0x00000002   PAD
    0x20002710        -       0x000002dc   Zero   RW         3808    .bss                shoot_task.o
    0x200029ec        -       0x0000008c   Zero   RW         3901    .bss                rm_usart.o
    0x20002a78        -       0x00000072   Zero   RW         3978    .bss                referee.o
    0x20002aea   COMPRESSED   0x00000002   PAD
    0x20002aec        -       0x000008a1   Zero   RW         4037    .bss                referee_usart_task.o
    0x2000338d   COMPRESSED   0x00000003   PAD
    0x20003390        -       0x00000040   Zero   RW        10505    .bss                queue.o
    0x200033d0        -       0x000000f0   Zero   RW        10867    .bss                tasks.o
    0x200034c0        -       0x00000110   Zero   RW        11182    .bss                timers.o
    0x200035d0        -       0x00006000   Zero   RW        11699    .bss                heap_4.o
    0x200095d0        -       0x00000220   Zero   RW        12232    .bss                stm32.o
    0x200097f0        -       0x000000e4   Zero   RW        12872    .bss                c_w.l(rand.o)
    0x200098d4        -       0x00000060   Zero   RW        13233    .bss                c_w.l(libspace.o)
    0x20009934   COMPRESSED   0x00000004   PAD
    0x20009938        -       0x00002000   Zero   RW            2    HEAP                startup_stm32f407xx.o
    0x2000b938        -       0x00002000   Zero   RW            1    STACK               startup_stm32f407xx.o


==============================================================================

Image component sizes


      Code (inc. data)   RO Data    RW Data    ZI Data      Debug   Object Name

       396         42          0          0        144       2394   adc.o
       168          4          0          0          0       5684   ahrs_middleware.o
      2338         40         18         44          0      10947   bmi088driver.o
       140         28          0          0          0       5060   bmi088middleware.o
       152         20          0          4         16     615724   bsp_adc.o
        36         12          0          0          0       1017   bsp_buzzer.o
        92          8          0          0          0        606   bsp_can.o
       128         20          0          8          0       1376   bsp_delay.o
        20          0          0          0          0       1013   bsp_flash.o
       124         14          0          0          0        530   bsp_i2c.o
        12          4          0          0          0        514   bsp_imu_pwm.o
        80         24          0          8          0       1242   bsp_laser.o
       260         28          0          0          0       2035   bsp_rc.o
     10428        170          0          0          0       5686   bsp_spi.o
       596         50          0          0          0     612120   bsp_usart.o
       616         34          0         84        257      17388   calibrate_task.o
       488         44          0          4         80       2462   can.o
      1144        122          0         38        216       9850   can_receive.o
       664         34          0          2          0      18877   chassis_behaviour.o
      6576        494         84        132       1272      50972   chassis_task.o
       142          0          0          0          0      22207   cmsis_os.o
        84         18          0          8          0       1523   crc.o
       198         16        770          2          0       3889   crc8_crc16.o
       200          6          0          0          0        878   dma.o
         0          0          0          0          0      17924   event_groups.o
       258          0          0          0          0       9399   fifo.o
       224         44        238         36       1704     785109   freertos.o
      2872        294          0         72         96      19877   gimbal_behaviour.o
      3244        340        392        252       1676      24257   gimbal_task.o
       596         30          0          0          0     662323   gpio.o
       692         62          0         24      24576       4931   heap_4.o
       700         80          0          0        348       3144   i2c.o
      4256        328         24        160        336      13408   ins_task.o
       148          6         12          0          0       2047   ist8310driver.o
       136         22          0          0          0       4175   ist8310driver_middleware.o
       414          6          0          0          0       2199   kalman.o
       148          0          0          0          0       3722   list.o
       658         56          0         12         24     766093   main.o
      1202         20          0          8          0       3524   pid.o
      1014         92          0         12          0      12357   port.o
      1910         20          0          0         64      15020   queue.o
       612        146          0         44        114       8101   referee.o
       672         50          0          2       2209       4112   referee_usart_task.o
       642         46          0          3        114       5556   remote_control.o
      1268         24        770          4          0       9218   rm_cilent_ui.o
       912         82          0         10        140      30021   rm_usart.o
        84         18          0          0         16       1523   rng.o
        76         16          0          0         32       1475   rtc.o
      2984        392         44        104        732       8891   shoot_task.o
       604         54          0          0        368       2628   spi.o
        64         26        392          0      16384        856   startup_stm32f407xx.o
      4060        312          0          0        544      11362   stm32.o
       172         32          0          9          0       4077   stm32f4xx_hal.o
      1370         54          0          0          0       5302   stm32f4xx_hal_adc.o
      2136          6          0          0          0      14843   stm32f4xx_hal_can.o
       304         22          0          0          0      34631   stm32f4xx_hal_cortex.o
        36          0          0          0          0       1091   stm32f4xx_hal_crc.o
      1074         16          8          0          0       4699   stm32f4xx_hal_dma.o
       552         50          0          0          0       3055   stm32f4xx_hal_gpio.o
      2772         46          0          0          0      11918   stm32f4xx_hal_i2c.o
        84          6          0          0          0        870   stm32f4xx_hal_msp.o
      2682         18          0          0          0      10067   stm32f4xx_hal_pcd.o
         2          0          0          0          0       1033   stm32f4xx_hal_pcd_ex.o
      1732         84          0          0          0       5716   stm32f4xx_hal_rcc.o
       416         20          0          0          0       1456   stm32f4xx_hal_rcc_ex.o
        52          0          0          0          0       1123   stm32f4xx_hal_rng.o
       336          4          0          0          0       2724   stm32f4xx_hal_rtc.o
       970          8          0          0          0       4637   stm32f4xx_hal_spi.o
      2028         90          0          0          0      17297   stm32f4xx_hal_tim.o
       204          0          0          0          0       3393   stm32f4xx_hal_tim_ex.o
      2000         12          0          0          0      10043   stm32f4xx_hal_uart.o
       208         48          0          0          0      11712   stm32f4xx_it.o
      2584         64          0          0          0      15397   stm32f4xx_ll_usb.o
       100         18         24          4          0       1203   system_stm32f4xx.o
      3688        418          0         60        240      31473   tasks.o
      2020        160          0          0        384       6831   tim.o
      1238        124          0         20        272      27495   timers.o
      1600         96        158          8          0       4469   ui_update.o
      1016         94          0          0        672       3731   usart.o
         0          0          0          0          0     571880   usb_device.o
       632          6          0          0       1032      12873   usbd_conf.o
       806          0          0          0          0      11303   usbd_core.o
      1842         28          0          1          0      10027   usbd_ctlreq.o
       134          0          0          0          0       4120   usbd_ioreq.o
       306          4          0          0          0       3907   user_lib.o

    ----------------------------------------------------------------------
     90708       5326       2968       1192      54072    4681642   Object Totals
         0          0         32          0          0          0   (incl. Generated)
        80          0          2         13         10          0   (incl. Padding)

    ----------------------------------------------------------------------

      Code (inc. data)   RO Data    RW Data    ZI Data      Debug   Library Member Name

      2718         84         12         16          0       9922   ahrs.o
         0          0       2052          0          0       4636   arm_common_tables.o
       120         12          0          0          0      16970   arm_cos_f32.o
         8          0          0          0          0        843   arm_mat_init_f32.o
       276          0          0          0          0       1516   arm_mat_trans_f32.o
       116         12          0          0          0        658   arm_sin_f32.o
        44          6          0          0          0         84   __2sprintf.o
        90          0          0          0          0          0   __dczerorl2.o
         8          0          0          0          0         68   __main.o
       392          4         17          0          0         92   __printf_flags_ss_wp.o
        14          0          0          0          0         68   __printf_wp.o
         0          0          0          0          0          0   __rtentry.o
        12          0          0          0          0          0   __rtentry2.o
         6          0          0          0          0          0   __rtentry4.o
        52          8          0          0          0          0   __scatter.o
        28          0          0          0          0          0   __scatter_zi.o
        48          4          0          0          0         84   _fptrap.o
        48          6          0          0          0         96   _printf_char_common.o
         6          0          0          0          0          0   _printf_f.o
      1054          0          0          0          0        216   _printf_fp_dec.o
       128         16          0          0          0         84   _printf_fp_infnan.o
         0          0          0          0          0          0   _printf_percent.o
         4          0          0          0          0          0   _printf_percent_end.o
        22          0          0          0          0        100   _rserrno.o
        10          0          0          0          0         68   _sputc.o
        16          0          0          0          0         68   aeabi_memset.o
       228          4        148          0          0         96   bigflt0.o
      1936        128          0          0          0        672   btod.o
        10          0          0          0          0         68   defsig_exit.o
       172        110          0          0          0         76   defsig_fpe_inner.o
        14          0          0          0          0         80   defsig_fpe_outer.o
        50          0          0          0          0         88   defsig_general.o
        18          0          0          0          0         80   exit.o
         6          0          0          0          0        152   heapauxi.o
         0          0          0          0          0          0   indicate_semi.o
        44         10         28          0          0         76   lc_numeric_c.o
         2          0          0          0          0          0   libinit.o
        26          0          0          0          0          0   libinit2.o
         2          0          0          0          0          0   libshutdown.o
         2          0          0          0          0          0   libshutdown2.o
         8          4          0          0         96         68   libspace.o
       138          0          0          0          0         80   lludiv10.o
       238          0          0          0          0        100   lludivv7m.o
       112         18          0          0        228        160   rand.o
         8          4          0          0          0         68   rt_errno_addr_intlibspace.o
         8          4          0          0          0         68   rt_locale_intlibspace.o
        68          0          0          0          0         68   rt_memclr.o
        78          0          0          0          0         80   rt_memclr_w.o
       138          0          0          0          0         68   rt_memcpy_v6.o
       100          0          0          0          0         80   rt_memcpy_w.o
         2          0          0          0          0          0   rtexit.o
        10          0          0          0          0          0   rtexit2.o
       128          0          0          0          0         68   strcmpv7m.o
        62          0          0          0          0         76   strlen.o
        12          4          0          0          0         68   sys_exit.o
        74          0          0          0          0         80   sys_stackheap_outer.o
        14          0          0          0          0         76   sys_wrch.o
         2          0          0          0          0         68   use_no_semi.o
        24          0          0          0          0        164   basic.o
       708         16          0          0          0        140   d2f_clz.o
      1336         32          0          0          0        532   daddsub_clz.o
        24          0          0          0          0        116   dcmpi.o
       892        152          0          0          0        292   ddiv_clz.o
       200         16          0          0          0        184   dfix.o
       220         16          0          0          0        192   dfixu.o
       110          0          0          0          0        348   dflt_clz.o
       120          8          0          0          0        140   dleqf.o
       448         16          0          0          0        164   dmul_clz.o
       258          4          0          0          0        156   dnaninf.o
       112          0          0          0          0        160   drenorm_clz.o
        12          0          0          0          0        116   dretinf.o
        98          0          0          0          0        128   drleqf.o
       378          0          0          0          0        168   dunder_clz.o
       492         36          0          0          0        148   except.o
       122          8          0          0          0        132   f2d.o
       242          4          0          0          0        144   fnaninf.o
        10          0          0          0          0        116   fpinit.o
        10          0          0          0          0        116   fretinf.o
       316          0          0          0          0        132   funder_clz.o
        32          4          0          0          0        116   istatus.o
         4          0          0          0          0        116   printf1.o
       178          0          0          0          0        116   retnan.o
       126          0          0          0          0        148   trapv.o
         0          0          0          0          0          0   usenofp.o
       300         42          0          0          0        176   asinf.o
       684         90          0          0          0        208   atan2f.o
       368         46         48          0          0        200   cos_i.o
        84         16          0          0          0        372   dunder.o
        44          0          0          0          0        248   fabs.o
        48          0          0          0          0        124   fpclassify.o
        38          0          0          0          0        116   fpclassifyf.o
        44         12          0          0          0        464   funder.o
       248          0          0          0          0        152   poly.o
      1080        142        200          0          0        188   rred.o
       200         20          0          0          0        164   sin.o
       304         24         40          0          0        208   sin_i.o
       120          0          0          0          0        272   sqrtf_full.o

    ----------------------------------------------------------------------
     19004       1142       2552         16        328      45413   Library Totals
        40          0          7          0          4          0   (incl. Padding)

    ----------------------------------------------------------------------

      Code (inc. data)   RO Data    RW Data    ZI Data      Debug   Library Name

      2718         84         12         16          0       9922   AHRS.lib
       520         24       2052          0          0      24623   arm_cortexM4lf_math.lib
      5692        330        193          0        324       3692   c_w.l
      6472        312          0          0          0       4284   g_wm.l
      3562        392        288          0          0       2892   m_wm.l

    ----------------------------------------------------------------------
     19004       1142       2552         16        328      45413   Library Totals

    ----------------------------------------------------------------------

==============================================================================


      Code (inc. data)   RO Data    RW Data    ZI Data      Debug   

    109712       6468       5520       1208      54400    4667323   Grand Totals
    109712       6468       5520        280      54400    4667323   ELF Image Totals (compressed)
    109712       6468       5520        280          0          0   ROM Totals

==============================================================================

    Total RO  Size (Code + RO Data)               115232 ( 112.53kB)
    Total RW  Size (RW Data + ZI Data)             55608 (  54.30kB)
    Total ROM Size (Code + RO Data + RW Data)     115512 ( 112.80kB)

==============================================================================

