<html>
<body>
<pre>
<h1>µVision Build Log</h1>
<h2>Tool Versions:</h2>
IDE-Version: ¦ÌVision V5.32.0.0
Copyright (C) 2020 ARM Ltd and ARM Germany GmbH. All rights reserved.
License Information: Rjgawuie CuiJinghui, rjgawuie, LIC=BUURY-ITKCM-X7DRZ-JB4KD-0AQNG-RBD7S
 
Tool Versions:
Toolchain:       MDK-ARM Plus  Version: 5.32.0.0
Toolchain Path:  D:\Keil\ARM\ARMCC\Bin
C Compiler:      Armcc.exe V5.06 update 7 (build 960)
Assembler:       Armasm.exe V5.06 update 7 (build 960)
Linker/Locator:  ArmLink.exe V5.06 update 7 (build 960)
Library Manager: ArmAr.exe V5.06 update 7 (build 960)
Hex Converter:   FromElf.exe V5.06 update 7 (build 960)
CPU DLL:         SARMCM3.DLL V5.32.0.0
Dialog DLL:      DCM.DLL V1.17.3.0
Target DLL:      Segger\JL2CM3.dll V2.99.38.0
Dialog DLL:      TCM.DLL V1.46.0.0
 
<h2>Project:</h2>
C:\Users\CuiJinghui\Desktop\Missile_TypeA\MDK-ARM\Missile_TypeA.uvprojx
Project File Date:  06/14/2022

<h2>Output:</h2>
*** Using Compiler 'V5.06 update 7 (build 960)', folder: 'D:\Keil\ARM\ARMCC\Bin'
Rebuild target 'Missile_TypeA'
assembling startup_stm32f427xx.s...
compiling tim.c...
compiling freertos.c...
compiling sdio.c...
compiling usart.c...
compiling display.c...
compiling stm32f4xx_hal_msp.c...
compiling dma.c...
compiling spi.c...
compiling Moto.c...
compiling main.c...
compiling gpio.c...
compiling bsp_rc.c...
compiling stm32f4xx_hal_timebase_tim.c...
compiling can.c...
compiling chassis_task.c...
compiling stm32f4xx_it.c...
compiling PVD.c...
compiling Stepper.c...
compiling referee.c...
compiling remote_control.c...
compiling rctask.c...
compiling command.c...
compiling sys.c...
compiling fifo.c...
compiling CRC8_CRC16.c...
compiling bkp_sram.c...
compiling ffunicode.c...
compiling bsp_usart.c...
compiling pid.c...
compiling sdio_sdcard.c...
compiling TFT20_ILI9225.c...
compiling ff.c...
compiling referee_usart_task.c...
compiling CircleBuf.c...
compiling diskio.c...
compiling stm32f4xx_hal_can.c...
compiling stm32f4xx_hal.c...
compiling stm32f4xx_hal_flash.c...
compiling stm32f4xx_hal_cortex.c...
compiling stm32f4xx_hal_gpio.c...
compiling stm32f4xx_hal_dma.c...
compiling stm32f4xx_hal_flash_ramfunc.c...
compiling stm32f4xx_hal_flash_ex.c...
compiling stm32f4xx_hal_dma_ex.c...
compiling stm32f4xx_hal_pwr_ex.c...
compiling croutine.c...
compiling stm32f4xx_hal_rcc_ex.c...
compiling event_groups.c...
compiling list.c...
compiling queue.c...
compiling stm32f4xx_hal_pwr.c...
compiling RM_Cilent_UI.c...
compiling stream_buffer.c...
compiling timers.c...
compiling stm32f4xx_hal_rcc.c...
compiling tasks.c...
compiling heap_4.c...
compiling port.c...
compiling SentryRC_Task.c...
compiling stm32f4xx_hal_exti.c...
compiling stm32f4xx_hal_uart.c...
compiling stm32f4xx_hal_sd.c...
compiling system_stm32f4xx.c...
compiling stm32f4xx_ll_sdmmc.c...
compiling stm32f4xx_hal_tim_ex.c...
compiling cmsis_os2.c...
compiling stm32f4xx_hal_spi.c...
compiling stm32f4xx_hal_tim.c...
linking...
Program Size: Code=67274 RO-data=196598 RW-data=632 ZI-data=96768  
FromELF: creating hex file...
"Missile_TypeA\Missile_TypeA.axf" - 0 Error(s), 0 Warning(s).

<h2>Software Packages used:</h2>

Package Vendor: ARM
                http://www.keil.com/pack/ARM.CMSIS.5.7.0.pack
                ARM.CMSIS.5.7.0
                CMSIS (Cortex Microcontroller Software Interface Standard)
   * Component: CORE Version: 5.4.0

Package Vendor: Keil
                http://www.keil.com/pack/Keil.STM32F4xx_DFP.2.15.0.pack
                Keil.STM32F4xx_DFP.2.15.0
                STMicroelectronics STM32F4 Series Device Support, Drivers and Examples

<h2>Collection of Component include folders:</h2>
  .\RTE\_Missile_TypeA
  D:\Keil\ARM\PACK\ARM\CMSIS\5.7.0\CMSIS\Core\Include
  D:\Keil\ARM\PACK\Keil\STM32F4xx_DFP\2.15.0\Drivers\CMSIS\Device\ST\STM32F4xx\Include

<h2>Collection of Component Files used:</h2>

   * Component: ARM::CMSIS:CORE:5.4.0
Build Time Elapsed:  00:00:39
</pre>
</body>
</html>
