Component: ARM Compiler 5.06 update 7 (build 960) Tool: armlink [4d3601]

==============================================================================

Section Cross References

    startup_stm32f407xx.o(STACK) refers (Special) to heapauxi.o(.text) for __use_two_region_memory
    startup_stm32f407xx.o(HEAP) refers (Special) to heapauxi.o(.text) for __use_two_region_memory
    startup_stm32f407xx.o(RESET) refers (Special) to heapauxi.o(.text) for __use_two_region_memory
    startup_stm32f407xx.o(RESET) refers to startup_stm32f407xx.o(STACK) for __initial_sp
    startup_stm32f407xx.o(RESET) refers to startup_stm32f407xx.o(.text) for Reset_Handler
    startup_stm32f407xx.o(RESET) refers to stm32f4xx_it.o(i.NMI_Handler) for NMI_Handler
    startup_stm32f407xx.o(RESET) refers to stm32f4xx_it.o(i.HardFault_Handler) for HardFault_Handler
    startup_stm32f407xx.o(RESET) refers to stm32f4xx_it.o(i.MemManage_Handler) for MemManage_Handler
    startup_stm32f407xx.o(RESET) refers to stm32f4xx_it.o(i.BusFault_Handler) for BusFault_Handler
    startup_stm32f407xx.o(RESET) refers to stm32f4xx_it.o(i.UsageFault_Handler) for UsageFault_Handler
    startup_stm32f407xx.o(RESET) refers to port.o(.emb_text) for SVC_Handler
    startup_stm32f407xx.o(RESET) refers to stm32f4xx_it.o(i.DebugMon_Handler) for DebugMon_Handler
    startup_stm32f407xx.o(RESET) refers to stm32f4xx_it.o(i.SysTick_Handler) for SysTick_Handler
    startup_stm32f407xx.o(RESET) refers to stm32f4xx_it.o(i.EXTI0_IRQHandler) for EXTI0_IRQHandler
    startup_stm32f407xx.o(RESET) refers to stm32f4xx_it.o(i.EXTI3_IRQHandler) for EXTI3_IRQHandler
    startup_stm32f407xx.o(RESET) refers to stm32f4xx_it.o(i.EXTI4_IRQHandler) for EXTI4_IRQHandler
    startup_stm32f407xx.o(RESET) refers to stm32f4xx_it.o(i.CAN1_RX0_IRQHandler) for CAN1_RX0_IRQHandler
    startup_stm32f407xx.o(RESET) refers to stm32f4xx_it.o(i.EXTI9_5_IRQHandler) for EXTI9_5_IRQHandler
    startup_stm32f407xx.o(RESET) refers to stm32f4xx_it.o(i.USART1_IRQHandler) for USART1_IRQHandler
    startup_stm32f407xx.o(RESET) refers to remote_control.o(i.USART3_IRQHandler) for USART3_IRQHandler
    startup_stm32f407xx.o(RESET) refers to bsp_i2c.o(i.DMA1_Stream7_IRQHandler) for DMA1_Stream7_IRQHandler
    startup_stm32f407xx.o(RESET) refers to stm32f4xx_it.o(i.DMA2_Stream1_IRQHandler) for DMA2_Stream1_IRQHandler
    startup_stm32f407xx.o(RESET) refers to ins_task.o(i.DMA2_Stream2_IRQHandler) for DMA2_Stream2_IRQHandler
    startup_stm32f407xx.o(RESET) refers to stm32f4xx_it.o(i.CAN2_RX0_IRQHandler) for CAN2_RX0_IRQHandler
    startup_stm32f407xx.o(RESET) refers to stm32f4xx_it.o(i.OTG_FS_IRQHandler) for OTG_FS_IRQHandler
    startup_stm32f407xx.o(RESET) refers to stm32f4xx_it.o(i.DMA2_Stream6_IRQHandler) for DMA2_Stream6_IRQHandler
    startup_stm32f407xx.o(RESET) refers to stm32f4xx_it.o(i.DMA2_Stream7_IRQHandler) for DMA2_Stream7_IRQHandler
    startup_stm32f407xx.o(RESET) refers to referee_usart_task.o(i.USART6_IRQHandler) for USART6_IRQHandler
    startup_stm32f407xx.o(.text) refers (Special) to heapauxi.o(.text) for __use_two_region_memory
    startup_stm32f407xx.o(.text) refers to system_stm32f4xx.o(i.SystemInit) for SystemInit
    startup_stm32f407xx.o(.text) refers to __main.o(!!!main) for __main
    startup_stm32f407xx.o(.text) refers to startup_stm32f407xx.o(HEAP) for Heap_Mem
    startup_stm32f407xx.o(.text) refers to startup_stm32f407xx.o(STACK) for Stack_Mem
    main.o(i.SystemClock_Config) refers to rt_memclr_w.o(.text) for __aeabi_memclr4
    main.o(i.SystemClock_Config) refers to stm32f4xx_hal_rcc.o(i.HAL_RCC_OscConfig) for HAL_RCC_OscConfig
    main.o(i.SystemClock_Config) refers to main.o(i.Error_Handler) for Error_Handler
    main.o(i.SystemClock_Config) refers to stm32f4xx_hal_rcc.o(i.HAL_RCC_ClockConfig) for HAL_RCC_ClockConfig
    main.o(i.SystemClock_Config) refers to stm32f4xx_hal_rcc_ex.o(i.HAL_RCCEx_PeriphCLKConfig) for HAL_RCCEx_PeriphCLKConfig
    main.o(i.main) refers to stm32f4xx_hal.o(i.HAL_Init) for HAL_Init
    main.o(i.main) refers to main.o(i.SystemClock_Config) for SystemClock_Config
    main.o(i.main) refers to gpio.o(i.MX_GPIO_Init) for MX_GPIO_Init
    main.o(i.main) refers to dma.o(i.MX_DMA_Init) for MX_DMA_Init
    main.o(i.main) refers to adc.o(i.MX_ADC1_Init) for MX_ADC1_Init
    main.o(i.main) refers to adc.o(i.MX_ADC3_Init) for MX_ADC3_Init
    main.o(i.main) refers to can.o(i.MX_CAN1_Init) for MX_CAN1_Init
    main.o(i.main) refers to can.o(i.MX_CAN2_Init) for MX_CAN2_Init
    main.o(i.main) refers to i2c.o(i.MX_I2C1_Init) for MX_I2C1_Init
    main.o(i.main) refers to spi.o(i.MX_SPI1_Init) for MX_SPI1_Init
    main.o(i.main) refers to tim.o(i.MX_TIM4_Init) for MX_TIM4_Init
    main.o(i.main) refers to tim.o(i.MX_TIM5_Init) for MX_TIM5_Init
    main.o(i.main) refers to usart.o(i.MX_USART3_UART_Init) for MX_USART3_UART_Init
    main.o(i.main) refers to tim.o(i.MX_TIM8_Init) for MX_TIM8_Init
    main.o(i.main) refers to crc.o(i.MX_CRC_Init) for MX_CRC_Init
[...]
    0x08005f04   0x08005f04   0x00000164   Code   RO         2764    i.HAL_I2C_Mem_Write  stm32f4xx_hal_i2c.o
    0x08006068   0x08006068   0x00000208   Code   RO          686    i.HAL_I2C_MspInit   i2c.o
    0x08006270   0x08006270   0x00000018   Code   RO         6215    i.HAL_IncTick       stm32f4xx_hal.o
    0x08006288   0x08006288   0x0000003c   Code   RO         6216    i.HAL_Init          stm32f4xx_hal.o
    0x080062c4   0x080062c4   0x0000004c   Code   RO         6217    i.HAL_InitTick      stm32f4xx_hal.o
    0x08006310   0x08006310   0x00000054   Code   RO         1441    i.HAL_MspInit       stm32f4xx_hal_msp.o
    0x08006364   0x08006364   0x00000020   Code   RO         6061    i.HAL_NVIC_EnableIRQ  stm32f4xx_hal_cortex.o
    0x08006384   0x08006384   0x0000007c   Code   RO         6067    i.HAL_NVIC_SetPriority  stm32f4xx_hal_cortex.o
    0x08006400   0x08006400   0x00000028   Code   RO         6068    i.HAL_NVIC_SetPriorityGrouping  stm32f4xx_hal_cortex.o
    0x08006428   0x08006428   0x00000002   Code   RO         1816    i.HAL_PCDEx_LPM_Callback  stm32f4xx_hal_pcd_ex.o
    0x0800642a   0x0800642a   0x0000000a   Code   RO         1817    i.HAL_PCDEx_SetRxFiFo  stm32f4xx_hal_pcd_ex.o
    0x08006434   0x08006434   0x0000004e   Code   RO         1818    i.HAL_PCDEx_SetTxFiFo  stm32f4xx_hal_pcd_ex.o
    0x08006482   0x08006482   0x0000000e   Code   RO          973    i.HAL_PCD_ConnectCallback  usbd_conf.o
    0x08006490   0x08006490   0x00000020   Code   RO          974    i.HAL_PCD_DataInStageCallback  usbd_conf.o
    0x080064b0   0x080064b0   0x00000020   Code   RO          975    i.HAL_PCD_DataOutStageCallback  usbd_conf.o
    0x080064d0   0x080064d0   0x0000000e   Code   RO          976    i.HAL_PCD_DisconnectCallback  usbd_conf.o
    0x080064de   0x080064de   0x0000006a   Code   RO         1474    i.HAL_PCD_EP_Close  stm32f4xx_hal_pcd.o
    0x08006548   0x08006548   0x0000007c   Code   RO         1475    i.HAL_PCD_EP_ClrStall  stm32f4xx_hal_pcd.o
    0x080065c4   0x080065c4   0x00000016   Code   RO         1477    i.HAL_PCD_EP_GetRxCount  stm32f4xx_hal_pcd.o
    0x080065da   0x080065da   0x0000008c   Code   RO         1478    i.HAL_PCD_EP_Open   stm32f4xx_hal_pcd.o
    0x08006666   0x08006666   0x00000058   Code   RO         1479    i.HAL_PCD_EP_Receive  stm32f4xx_hal_pcd.o
    0x080066be   0x080066be   0x0000008a   Code   RO         1480    i.HAL_PCD_EP_SetStall  stm32f4xx_hal_pcd.o
    0x08006748   0x08006748   0x0000005a   Code   RO         1481    i.HAL_PCD_EP_Transmit  stm32f4xx_hal_pcd.o
    0x080067a2   0x080067a2   0x0000053e   Code   RO         1483    i.HAL_PCD_IRQHandler  stm32f4xx_hal_pcd.o
    0x08006ce0   0x08006ce0   0x00000012   Code   RO          977    i.HAL_PCD_ISOINIncompleteCallback  usbd_conf.o
    0x08006cf2   0x08006cf2   0x00000012   Code   RO          978    i.HAL_PCD_ISOOUTIncompleteCallback  usbd_conf.o
    0x08006d04   0x08006d04   0x00000166   Code   RO         1486    i.HAL_PCD_Init      stm32f4xx_hal_pcd.o
    0x08006e6a   0x08006e6a   0x00000002   PAD
    0x08006e6c   0x08006e6c   0x000000a8   Code   RO          980    i.HAL_PCD_MspInit   usbd_conf.o
    0x08006f14   0x08006f14   0x00000030   Code   RO          981    i.HAL_PCD_ResetCallback  usbd_conf.o
    0x08006f44   0x08006f44   0x0000000e   Code   RO          982    i.HAL_PCD_ResumeCallback  usbd_conf.o
    0x08006f52   0x08006f52   0x0000000e   Code   RO          983    i.HAL_PCD_SOFCallback  usbd_conf.o
    0x08006f60   0x08006f60   0x00000036   Code   RO         1492    i.HAL_PCD_SetAddress  stm32f4xx_hal_pcd.o
    0x08006f96   0x08006f96   0x00000012   Code   RO          984    i.HAL_PCD_SetupStageCallback  usbd_conf.o
    0x08006fa8   0x08006fa8   0x0000004a   Code   RO         1494    i.HAL_PCD_Start     stm32f4xx_hal_pcd.o
    0x08006ff2   0x08006ff2   0x00000002   PAD
    0x08006ff4   0x08006ff4   0x00000034   Code   RO          985    i.HAL_PCD_SuspendCallback  usbd_conf.o
    0x08007028   0x08007028   0x000001a0   Code   RO         5378    i.HAL_RCCEx_PeriphCLKConfig  stm32f4xx_hal_rcc_ex.o
    0x080071c8   0x080071c8   0x00000180   Code   RO         5273    i.HAL_RCC_ClockConfig  stm32f4xx_hal_rcc.o
    0x08007348   0x08007348   0x0000000c   Code   RO         5278    i.HAL_RCC_GetHCLKFreq  stm32f4xx_hal_rcc.o
    0x08007354   0x08007354   0x00000020   Code   RO         5280    i.HAL_RCC_GetPCLK1Freq  stm32f4xx_hal_rcc.o
    0x08007374   0x08007374   0x00000020   Code   RO         5281    i.HAL_RCC_GetPCLK2Freq  stm32f4xx_hal_rcc.o
    0x08007394   0x08007394   0x000000b0   Code   RO         5282    i.HAL_RCC_GetSysClockFreq  stm32f4xx_hal_rcc.o
    0x08007444   0x08007444   0x00000448   Code   RO         5285    i.HAL_RCC_OscConfig  stm32f4xx_hal_rcc.o
    0x0800788c   0x0800788c   0x00000034   Code   RO         3221    i.HAL_RNG_Init      stm32f4xx_hal_rng.o
    0x080078c0   0x080078c0   0x00000034   Code   RO          740    i.HAL_RNG_MspInit   rng.o
    0x080078f4   0x080078f4   0x000000d8   Code   RO         3322    i.HAL_RTC_Init      stm32f4xx_hal_rtc.o
    0x080079cc   0x080079cc   0x00000018   Code   RO          782    i.HAL_RTC_MspInit   rtc.o
    0x080079e4   0x080079e4   0x0000003a   Code   RO         3330    i.HAL_RTC_WaitForSynchro  stm32f4xx_hal_rtc.o
    0x08007a1e   0x08007a1e   0x0000008c   Code   RO         3691    i.HAL_SPI_Init      stm32f4xx_hal_spi.o
    0x08007aaa   0x08007aaa   0x00000002   PAD
    0x08007aac   0x08007aac   0x000001cc   Code   RO          824    i.HAL_SPI_MspInit   spi.o
    0x08007c78   0x08007c78   0x0000022a   Code   RO         3700    i.HAL_SPI_TransmitReceive  stm32f4xx_hal_spi.o
    0x08007ea2   0x08007ea2   0x00000034   Code   RO         6072    i.HAL_SYSTICK_Config  stm32f4xx_hal_cortex.o
    0x08007ed6   0x08007ed6   0x00000074   Code   RO         4693    i.HAL_TIMEx_ConfigBreakDeadTime  stm32f4xx_hal_tim_ex.o
    0x08007f4a   0x08007f4a   0x00000054   Code   RO         4708    i.HAL_TIMEx_MasterConfigSynchronization  stm32f4xx_hal_tim_ex.o
    0x08007f9e   0x08007f9e   0x00000034   Code   RO         4004    i.HAL_TIM_Base_Init  stm32f4xx_hal_tim.o
    0x08007fd2   0x08007fd2   0x00000002   PAD
    0x08007fd4   0x08007fd4   0x000000ec   Code   RO          364    i.HAL_TIM_Base_MspInit  tim.o
    0x080080c0   0x080080c0   0x0000002a   Code   RO         4007    i.HAL_TIM_Base_Start  stm32f4xx_hal_tim.o
    0x080080ea   0x080080ea   0x00000108   Code   RO         4013    i.HAL_TIM_ConfigClockSource  stm32f4xx_hal_tim.o
    0x080081f2   0x080081f2   0x00000002   PAD
    0x080081f4   0x080081f4   0x00000248   Code   RO          365    i.HAL_TIM_MspPostInit  tim.o
    0x0800843c   0x0800843c   0x00000108   Code   RO         4071    i.HAL_TIM_PWM_ConfigChannel  stm32f4xx_hal_tim.o
    0x08008544   0x08008544   0x00000034   Code   RO         4074    i.HAL_TIM_PWM_Init  stm32f4xx_hal_tim.o
    0x08008578   0x08008578   0x00000002   Code   RO         4076    i.HAL_TIM_PWM_MspInit  stm32f4xx_hal_tim.o
    0x0800857a   0x0800857a   0x00000002   PAD
    0x0800857c   0x0800857c   0x00000058   Code   RO         4079    i.HAL_TIM_PWM_Start  stm32f4xx_hal_tim.o
    0x080085d4   0x080085d4   0x00000002   Code   RO         4962    i.HAL_UART_ErrorCallback  stm32f4xx_hal_uart.o
    0x080085d6   0x080085d6   0x00000002   PAD
    0x080085d8   0x080085d8   0x0000014c   Code   RO         4965    i.HAL_UART_IRQHandler  stm32f4xx_hal_uart.o
    0x08008724   0x08008724   0x00000072   Code   RO         4966    i.HAL_UART_Init     stm32f4xx_hal_uart.o
    0x08008796   0x08008796   0x00000002   PAD
    0x08008798   0x08008798   0x0000034c   Code   RO          872    i.HAL_UART_MspInit  usart.o
    0x08008ae4   0x08008ae4   0x00000002   Code   RO         4972    i.HAL_UART_RxCpltCallback  stm32f4xx_hal_uart.o
    0x08008ae6   0x08008ae6   0x000000d6   Code   RO         4974    i.HAL_UART_Transmit  stm32f4xx_hal_uart.o
    0x08008bbc   0x08008bbc   0x00000002   Code   RO         4977    i.HAL_UART_TxCpltCallback  stm32f4xx_hal_uart.o
    0x08008bbe   0x08008bbe   0x00000004   Code   RO         1321    i.HardFault_Handler  stm32f4xx_it.o
    0x08008bc2   0x08008bc2   0x0000003e   Code   RO         2786    i.I2C_IsAcknowledgeFailed  stm32f4xx_hal_i2c.o
    0x08008c00   0x08008c00   0x00000138   Code   RO         2796    i.I2C_RequestMemoryRead  stm32f4xx_hal_i2c.o
    0x08008d38   0x08008d38   0x000000cc   Code   RO         2797    i.I2C_RequestMemoryWrite  stm32f4xx_hal_i2c.o
    0x08008e04   0x08008e04   0x0000005c   Code   RO         2805    i.I2C_WaitOnBTFFlagUntilTimeout  stm32f4xx_hal_i2c.o
    0x08008e60   0x08008e60   0x00000086   Code   RO         2806    i.I2C_WaitOnFlagUntilTimeout  stm32f4xx_hal_i2c.o
    0x08008ee6   0x08008ee6   0x000000c4   Code   RO         2807    i.I2C_WaitOnMasterAddressFlagUntilTimeout  stm32f4xx_hal_i2c.o
    0x08008faa   0x08008faa   0x00000080   Code   RO         2808    i.I2C_WaitOnRXNEFlagUntilTimeout  stm32f4xx_hal_i2c.o
    0x0800902a   0x0800902a   0x0000005c   Code   RO         2810    i.I2C_WaitOnTXEFlagUntilTimeout  stm32f4xx_hal_i2c.o
    0x08009086   0x08009086   0x00000002   PAD
    0x08009088   0x08009088   0x0000007c   Code   RO         9871    i.INS_cali_gyro     ins_task.o
    0x08009104   0x08009104   0x00000048   Code   RO         9872    i.INS_set_cali_gyro  ins_task.o
    0x0800914c   0x0800914c   0x00000304   Code   RO         9873    i.INS_task          ins_task.o
    0x08009450   0x08009450   0x0000003e   Code   RO         1169    i.IntToUnicode      usbd_desc.o
    0x0800948e   0x0800948e   0x000000a0   Code   RO        10322    i.Line_Draw         rm_cilent_ui.o
    0x0800952e   0x0800952e   0x00000002   PAD
    0x08009530   0x08009530   0x00000070   Code   RO          462    i.MX_ADC1_Init      adc.o
    0x080095a0   0x080095a0   0x00000070   Code   RO          463    i.MX_ADC3_Init      adc.o
    0x08009610   0x08009610   0x00000044   Code   RO          510    i.MX_CAN1_Init      can.o
    0x08009654   0x08009654   0x00000044   Code   RO          511    i.MX_CAN2_Init      can.o
    0x08009698   0x08009698   0x00000020   Code   RO          559    i.MX_CRC_Init       crc.o
    0x080096b8   0x080096b8   0x000000c8   Code   RO          599    i.MX_DMA_Init       dma.o
    0x08009780   0x08009780   0x0000013c   Code   RO          623    i.MX_FREERTOS_Init  freertos.o
    0x080098bc   0x080098bc   0x00000288   Code   RO          436    i.MX_GPIO_Init      gpio.o
    0x08009b44   0x08009b44   0x0000003c   Code   RO          687    i.MX_I2C1_Init      i2c.o
    0x08009b80   0x08009b80   0x0000003c   Code   RO          688    i.MX_I2C2_Init      i2c.o
    0x08009bbc   0x08009bbc   0x0000003c   Code   RO          689    i.MX_I2C3_Init      i2c.o
    0x08009bf8   0x08009bf8   0x00000020   Code   RO          741    i.MX_RNG_Init       rng.o
    0x08009c18   0x08009c18   0x00000034   Code   RO          783    i.MX_RTC_Init       rtc.o
    0x08009c4c   0x08009c4c   0x00000048   Code   RO          825    i.MX_SPI1_Init      spi.o
    0x08009c94   0x08009c94   0x00000048   Code   RO          826    i.MX_SPI2_Init      spi.o
    0x08009cdc   0x08009cdc   0x0000006c   Code   RO          366    i.MX_TIM10_Init     tim.o
    0x08009d48   0x08009d48   0x000000a4   Code   RO          367    i.MX_TIM3_Init      tim.o
    0x08009dec   0x08009dec   0x000000a4   Code   RO          368    i.MX_TIM4_Init      tim.o
    0x08009e90   0x08009e90   0x000000c4   Code   RO          369    i.MX_TIM5_Init      tim.o
    0x08009f54   0x08009f54   0x000000ec   Code   RO          370    i.MX_TIM8_Init      tim.o
    0x0800a040   0x0800a040   0x00000038   Code   RO          873    i.MX_USART1_UART_Init  usart.o
    0x0800a078   0x0800a078   0x0000003c   Code   RO          874    i.MX_USART3_UART_Init  usart.o
    0x0800a0b4   0x0800a0b4   0x00000038   Code   RO          875    i.MX_USART6_UART_Init  usart.o
    0x0800a0ec   0x0800a0ec   0x0000004c   Code   RO          925    i.MX_USB_DEVICE_Init  usb_device.o
    0x0800a138   0x0800a138   0x00000004   Code   RO         1322    i.MemManage_Handler  stm32f4xx_it.o
    0x0800a13c   0x0800a13c   0x00000002   Code   RO         1323    i.NMI_Handler       stm32f4xx_it.o
    0x0800a13e   0x0800a13e   0x00000002   PAD
    0x0800a140   0x0800a140   0x0000002c   Code   RO        10446    i.OLED_com_reset    oled.o
    0x0800a16c   0x0800a16c   0x00000010   Code   RO         1324    i.OTG_FS_IRQHandler  stm32f4xx_it.o
    0x0800a17c   0x0800a17c   0x0000008c   Code   RO         1497    i.PCD_EP_OutSetupPacket_int  stm32f4xx_hal_pcd.o
    0x0800a208   0x0800a208   0x00000180   Code   RO         1498    i.PCD_EP_OutXfrComplete_int  stm32f4xx_hal_pcd.o
    0x0800a388   0x0800a388   0x000000b6   Code   RO         1499    i.PCD_WriteEmptyTxFifo  stm32f4xx_hal_pcd.o
    0x0800a43e   0x0800a43e   0x00000002   PAD
    0x0800a440   0x0800a440   0x000001f0   Code   RO        11516    i.PID_calc          pid.o
    0x0800a630   0x0800a630   0x00000060   Code   RO        11518    i.PID_init          pid.o
    0x0800a690   0x0800a690   0x0000009c   Code   RO         8921    i.RC_Init           bsp_rc.o
    0x0800a72c   0x0800a72c   0x00000374   Code   RO         9562    i.RC_cmd_to_calibrate  calibrate_task.o
    0x0800aaa0   0x0800aaa0   0x00000050   Code   RO         8922    i.RC_restart        bsp_rc.o
    0x0800aaf0   0x0800aaf0   0x00000018   Code   RO         8923    i.RC_unable         bsp_rc.o
    0x0800ab08   0x0800ab08   0x0000003e   Code   RO         3333    i.RTC_EnterInitMode  stm32f4xx_hal_rtc.o
    0x0800ab46   0x0800ab46   0x00000002   PAD
    0x0800ab48   0x0800ab48   0x0000273c   Code   RO         8993    i.SPI1_DMA_enable   bsp_spi.o
    0x0800d284   0x0800d284   0x00000180   Code   RO         8994    i.SPI1_DMA_init     bsp_spi.o
    0x0800d404   0x0800d404   0x0000006c   Code   RO         3729    i.SPI_EndRxTxTransaction  stm32f4xx_hal_spi.o
    0x0800d470   0x0800d470   0x000000a8   Code   RO         3734    i.SPI_WaitFlagStateUntilTimeout  stm32f4xx_hal_spi.o
    0x0800d518   0x0800d518   0x0000000c   Code   RO         1325    i.SysTick_Handler   stm32f4xx_it.o
    0x0800d524   0x0800d524   0x000000d4   Code   RO           14    i.SystemClock_Config  main.o
    0x0800d5f8   0x0800d5f8   0x00000064   Code   RO         6452    i.SystemInit        system_stm32f4xx.o
    0x0800d65c   0x0800d65c   0x000000d8   Code   RO         4092    i.TIM_Base_SetConfig  stm32f4xx_hal_tim.o
    0x0800d734   0x0800d734   0x00000022   Code   RO         4093    i.TIM_CCxChannelCmd  stm32f4xx_hal_tim.o
    0x0800d756   0x0800d756   0x00000016   Code   RO         4103    i.TIM_ETR_SetConfig  stm32f4xx_hal_tim.o
    0x0800d76c   0x0800d76c   0x00000012   Code   RO         4104    i.TIM_ITRx_SetConfig  stm32f4xx_hal_tim.o
    0x0800d77e   0x0800d77e   0x00000002   PAD
    0x0800d780   0x0800d780   0x00000070   Code   RO         4105    i.TIM_OC1_SetConfig  stm32f4xx_hal_tim.o
    0x0800d7f0   0x0800d7f0   0x0000007c   Code   RO         4106    i.TIM_OC2_SetConfig  stm32f4xx_hal_tim.o
    0x0800d86c   0x0800d86c   0x00000078   Code   RO         4107    i.TIM_OC3_SetConfig  stm32f4xx_hal_tim.o
    0x0800d8e4   0x0800d8e4   0x00000054   Code   RO         4108    i.TIM_OC4_SetConfig  stm32f4xx_hal_tim.o
    0x0800d938   0x0800d938   0x00000026   Code   RO         4110    i.TIM_TI1_ConfigInputStage  stm32f4xx_hal_tim.o
    0x0800d95e   0x0800d95e   0x00000028   Code   RO         4112    i.TIM_TI2_ConfigInputStage  stm32f4xx_hal_tim.o
    0x0800d986   0x0800d986   0x00000014   Code   RO         4979    i.UART_DMAAbortOnError  stm32f4xx_hal_uart.o
    0x0800d99a   0x0800d99a   0x00000020   Code   RO         4989    i.UART_EndRxTransfer  stm32f4xx_hal_uart.o
    0x0800d9ba   0x0800d9ba   0x00000020   Code   RO         4990    i.UART_EndTransmit_IT  stm32f4xx_hal_uart.o
    0x0800d9da   0x0800d9da   0x000000a6   Code   RO         4992    i.UART_Receive_IT   stm32f4xx_hal_uart.o
    0x0800da80   0x0800da80   0x00000368   Code   RO         4993    i.UART_SetConfig    stm32f4xx_hal_uart.o
    0x0800dde8   0x0800dde8   0x00000068   Code   RO         4994    i.UART_Transmit_IT  stm32f4xx_hal_uart.o
    0x0800de50   0x0800de50   0x0000006c   Code   RO         4995    i.UART_WaitOnFlagUntilTimeout  stm32f4xx_hal_uart.o
    0x0800debc   0x0800debc   0x0000015c   Code   RO        10325    i.UI_ReFresh        rm_cilent_ui.o
    0x0800e018   0x0800e018   0x00000014   Code   RO        10326    i.UI_SendByte       rm_cilent_ui.o
    0x0800e02c   0x0800e02c   0x00000614   Code   RO        10270    i.UI_task           ui_task.o
    0x0800e640   0x0800e640   0x00000124   Code   RO         1326    i.USART1_IRQHandler  stm32f4xx_it.o
    0x0800e764   0x0800e764   0x00000140   Code   RO         9124    i.USART3_IRQHandler  remote_control.o
    0x0800e8a4   0x0800e8a4   0x00000128   Code   RO        10196    i.USART6_IRQHandler  referee_usart_task.o
    0x0800e9cc   0x0800e9cc   0x0000007c   Code   RO         8313    i.USBD_CDC_DataIn   usbd_cdc.o
    0x0800ea48   0x0800ea48   0x00000034   Code   RO         8314    i.USBD_CDC_DataOut  usbd_cdc.o
    0x0800ea7c   0x0800ea7c   0x0000004e   Code   RO         8315    i.USBD_CDC_DeInit   usbd_cdc.o
    0x0800eaca   0x0800eaca   0x00000032   Code   RO         8316    i.USBD_CDC_EP0_RxReady  usbd_cdc.o
    0x0800eafc   0x0800eafc   0x00000010   Code   RO         8317    i.USBD_CDC_GetDeviceQualifierDescriptor  usbd_cdc.o
    0x0800eb0c   0x0800eb0c   0x00000010   Code   RO         8318    i.USBD_CDC_GetFSCfgDesc  usbd_cdc.o
    0x0800eb1c   0x0800eb1c   0x00000010   Code   RO         8319    i.USBD_CDC_GetHSCfgDesc  usbd_cdc.o
    0x0800eb2c   0x0800eb2c   0x00000010   Code   RO         8320    i.USBD_CDC_GetOtherSpeedCfgDesc  usbd_cdc.o
    0x0800eb3c   0x0800eb3c   0x000000b8   Code   RO         8321    i.USBD_CDC_Init     usbd_cdc.o
    0x0800ebf4   0x0800ebf4   0x0000003a   Code   RO         8322    i.USBD_CDC_ReceivePacket  usbd_cdc.o
    0x0800ec2e   0x0800ec2e   0x0000000e   Code   RO         8323    i.USBD_CDC_RegisterInterface  usbd_cdc.o
    0x0800ec3c   0x0800ec3c   0x0000000e   Code   RO         8324    i.USBD_CDC_SetRxBuffer  usbd_cdc.o
    0x0800ec4a   0x0800ec4a   0x00000014   Code   RO         8325    i.USBD_CDC_SetTxBuffer  usbd_cdc.o
    0x0800ec5e   0x0800ec5e   0x000000f4   Code   RO         8326    i.USBD_CDC_Setup    usbd_cdc.o
    0x0800ed52   0x0800ed52   0x0000003e   Code   RO         8327    i.USBD_CDC_TransmitPacket  usbd_cdc.o
    0x0800ed90   0x0800ed90   0x00000016   Code   RO         8020    i.USBD_ClrClassConfig  usbd_core.o
    0x0800eda6   0x0800eda6   0x0000003e   Code   RO         8158    i.USBD_ClrFeature   usbd_ctlreq.o
    0x0800ede4   0x0800ede4   0x00000018   Code   RO         8253    i.USBD_CtlContinueRx  usbd_ioreq.o
    0x0800edfc   0x0800edfc   0x00000018   Code   RO         8254    i.USBD_CtlContinueSendData  usbd_ioreq.o
    0x0800ee14   0x0800ee14   0x00000018   Code   RO         8159    i.USBD_CtlError     usbd_ctlreq.o
    0x0800ee2c   0x0800ee2c   0x00000028   Code   RO         8255    i.USBD_CtlPrepareRx  usbd_ioreq.o
    0x0800ee54   0x0800ee54   0x0000001a   Code   RO         8256    i.USBD_CtlReceiveStatus  usbd_ioreq.o
    0x0800ee6e   0x0800ee6e   0x00000022   Code   RO         8257    i.USBD_CtlSendData  usbd_ioreq.o
    0x0800ee90   0x0800ee90   0x0000001a   Code   RO         8258    i.USBD_CtlSendStatus  usbd_ioreq.o
    0x0800eeaa   0x0800eeaa   0x00000002   PAD
    0x0800eeac   0x0800eeac   0x00000034   Code   RO         1170    i.USBD_FS_ConfigStrDescriptor  usbd_desc.o
    0x0800eee0   0x0800eee0   0x00000010   Code   RO         1171    i.USBD_FS_DeviceDescriptor  usbd_desc.o
    0x0800eef0   0x0800eef0   0x00000038   Code   RO         1172    i.USBD_FS_InterfaceStrDescriptor  usbd_desc.o
    0x0800ef28   0x0800ef28   0x00000010   Code   RO         1173    i.USBD_FS_LangIDStrDescriptor  usbd_desc.o
    0x0800ef38   0x0800ef38   0x0000002c   Code   RO         1174    i.USBD_FS_ManufacturerStrDescriptor  usbd_desc.o
    0x0800ef64   0x0800ef64   0x00000040   Code   RO         1175    i.USBD_FS_ProductStrDescriptor  usbd_desc.o
    0x0800efa4   0x0800efa4   0x00000018   Code   RO         1176    i.USBD_FS_SerialStrDescriptor  usbd_desc.o
    0x0800efbc   0x0800efbc   0x00000056   Code   RO         8160    i.USBD_GetConfig    usbd_ctlreq.o
    0x0800f012   0x0800f012   0x00000152   Code   RO         8161    i.USBD_GetDescriptor  usbd_ctlreq.o
    0x0800f164   0x0800f164   0x00000014   Code   RO         8162    i.USBD_GetLen       usbd_ctlreq.o
    0x0800f178   0x0800f178   0x0000005a   Code   RO         8163    i.USBD_GetStatus    usbd_ctlreq.o
    0x0800f1d2   0x0800f1d2   0x00000052   Code   RO         8164    i.USBD_GetString    usbd_ctlreq.o
    0x0800f224   0x0800f224   0x0000002c   Code   RO          986    i.USBD_Get_USB_Status  usbd_conf.o
    0x0800f250   0x0800f250   0x00000032   Code   RO         8022    i.USBD_Init         usbd_core.o
    0x0800f282   0x0800f282   0x00000026   Code   RO          987    i.USBD_LL_ClearStallEP  usbd_conf.o
    0x0800f2a8   0x0800f2a8   0x00000026   Code   RO          988    i.USBD_LL_CloseEP   usbd_conf.o
    0x0800f2ce   0x0800f2ce   0x00000100   Code   RO         8023    i.USBD_LL_DataInStage  usbd_core.o
    0x0800f3ce   0x0800f3ce   0x000000a6   Code   RO         8024    i.USBD_LL_DataOutStage  usbd_core.o
    0x0800f474   0x0800f474   0x00000006   Code   RO         8025    i.USBD_LL_DevConnected  usbd_core.o
    0x0800f47a   0x0800f47a   0x0000001a   Code   RO         8026    i.USBD_LL_DevDisconnected  usbd_core.o
    0x0800f494   0x0800f494   0x00000012   Code   RO          992    i.USBD_LL_GetRxDataSize  usbd_conf.o
    0x0800f4a6   0x0800f4a6   0x00000002   PAD
    0x0800f4a8   0x0800f4a8   0x00000068   Code   RO          993    i.USBD_LL_Init      usbd_conf.o
    0x0800f510   0x0800f510   0x00000038   Code   RO          994    i.USBD_LL_IsStallEP  usbd_conf.o
    0x0800f548   0x0800f548   0x00000006   Code   RO         8027    i.USBD_LL_IsoINIncomplete  usbd_core.o
    0x0800f54e   0x0800f54e   0x00000006   Code   RO         8028    i.USBD_LL_IsoOUTIncomplete  usbd_core.o
    0x0800f554   0x0800f554   0x00000030   Code   RO          995    i.USBD_LL_OpenEP    usbd_conf.o
    0x0800f584   0x0800f584   0x00000030   Code   RO          996    i.USBD_LL_PrepareReceive  usbd_conf.o
    0x0800f5b4   0x0800f5b4   0x0000005c   Code   RO         8029    i.USBD_LL_Reset     usbd_core.o
    0x0800f610   0x0800f610   0x0000000e   Code   RO         8030    i.USBD_LL_Resume    usbd_core.o
    0x0800f61e   0x0800f61e   0x00000022   Code   RO         8031    i.USBD_LL_SOF       usbd_core.o
    0x0800f640   0x0800f640   0x00000008   Code   RO         8032    i.USBD_LL_SetSpeed  usbd_core.o
    0x0800f648   0x0800f648   0x00000026   Code   RO          997    i.USBD_LL_SetUSBAddress  usbd_conf.o
    0x0800f66e   0x0800f66e   0x0000006e   Code   RO         8033    i.USBD_LL_SetupStage  usbd_core.o
    0x0800f6dc   0x0800f6dc   0x00000026   Code   RO          998    i.USBD_LL_StallEP   usbd_conf.o
    0x0800f702   0x0800f702   0x0000001e   Code   RO          999    i.USBD_LL_Start     usbd_conf.o
    0x0800f720   0x0800f720   0x00000014   Code   RO         8034    i.USBD_LL_Suspend   usbd_core.o
    0x0800f734   0x0800f734   0x00000030   Code   RO         1001    i.USBD_LL_Transmit  usbd_conf.o
    0x0800f764   0x0800f764   0x00000028   Code   RO         8165    i.USBD_ParseSetupRequest  usbd_ctlreq.o
    0x0800f78c   0x0800f78c   0x00000010   Code   RO         8035    i.USBD_RegisterClass  usbd_core.o
    0x0800f79c   0x0800f79c   0x00000006   Code   RO         8036    i.USBD_RunTestMode  usbd_core.o
    0x0800f7a2   0x0800f7a2   0x0000005a   Code   RO         8166    i.USBD_SetAddress   usbd_ctlreq.o
    0x0800f7fc   0x0800f7fc   0x00000022   Code   RO         8037    i.USBD_SetClassConfig  usbd_core.o
    0x0800f81e   0x0800f81e   0x00000002   PAD
    0x0800f820   0x0800f820   0x000000e8   Code   RO         8167    i.USBD_SetConfig    usbd_ctlreq.o
    0x0800f908   0x0800f908   0x00000018   Code   RO         8168    i.USBD_SetFeature   usbd_ctlreq.o
    0x0800f920   0x0800f920   0x0000000e   Code   RO         8038    i.USBD_Start        usbd_core.o
    0x0800f92e   0x0800f92e   0x000000a2   Code   RO         8169    i.USBD_StdDevReq    usbd_ctlreq.o
    0x0800f9d0   0x0800f9d0   0x00000238   Code   RO         8170    i.USBD_StdEPReq     usbd_ctlreq.o
    0x0800fc08   0x0800fc08   0x0000007e   Code   RO         8171    i.USBD_StdItfReq    usbd_ctlreq.o
    0x0800fc86   0x0800fc86   0x00000002   PAD
    0x0800fc88   0x0800fc88   0x000000d0   Code   RO         1858    i.USB_ActivateEndpoint  stm32f4xx_ll_usb.o
    0x0800fd58   0x0800fd58   0x00000046   Code   RO         1860    i.USB_ActivateSetup  stm32f4xx_ll_usb.o
    0x0800fd9e   0x0800fd9e   0x00000002   PAD
    0x0800fda0   0x0800fda0   0x00000084   Code   RO         1862    i.USB_CoreInit      stm32f4xx_ll_usb.o
    0x0800fe24   0x0800fe24   0x0000004c   Code   RO         1863    i.USB_CoreReset     stm32f4xx_ll_usb.o
    0x0800fe70   0x0800fe70   0x000000c4   Code   RO         1866    i.USB_DeactivateEndpoint  stm32f4xx_ll_usb.o
    0x0800ff34   0x0800ff34   0x00000020   Code   RO         1867    i.USB_DevConnect    stm32f4xx_ll_usb.o
    0x0800ff54   0x0800ff54   0x00000020   Code   RO         1868    i.USB_DevDisconnect  stm32f4xx_ll_usb.o
    0x0800ff74   0x0800ff74   0x000001f4   Code   RO         1869    i.USB_DevInit       stm32f4xx_ll_usb.o
    0x08010168   0x08010168   0x0000000e   Code   RO         1870    i.USB_DisableGlobalInt  stm32f4xx_ll_usb.o
    0x08010176   0x08010176   0x00000002   PAD
    0x08010178   0x08010178   0x000001d8   Code   RO         1873    i.USB_EP0StartXfer  stm32f4xx_ll_usb.o
    0x08010350   0x08010350   0x00000070   Code   RO         1874    i.USB_EP0_OutStart  stm32f4xx_ll_usb.o
    0x080103c0   0x080103c0   0x0000008e   Code   RO         1875    i.USB_EPClearStall  stm32f4xx_ll_usb.o
    0x0801044e   0x0801044e   0x0000009a   Code   RO         1876    i.USB_EPSetStall    stm32f4xx_ll_usb.o
    0x080104e8   0x080104e8   0x00000344   Code   RO         1877    i.USB_EPStartXfer   stm32f4xx_ll_usb.o
    0x0801082c   0x0801082c   0x0000000e   Code   RO         1878    i.USB_EnableGlobalInt  stm32f4xx_ll_usb.o
    0x0801083a   0x0801083a   0x00000002   PAD
    0x0801083c   0x0801083c   0x0000002c   Code   RO         1879    i.USB_FlushRxFifo   stm32f4xx_ll_usb.o
    0x08010868   0x08010868   0x00000030   Code   RO         1880    i.USB_FlushTxFifo   stm32f4xx_ll_usb.o
    0x08010898   0x08010898   0x00000026   Code   RO         1882    i.USB_GetDevSpeed   stm32f4xx_ll_usb.o
    0x080108be   0x080108be   0x0000000a   Code   RO         1884    i.USB_GetMode       stm32f4xx_ll_usb.o
    0x080108c8   0x080108c8   0x00000014   Code   RO         1891    i.USB_ReadDevAllInEpInterrupt  stm32f4xx_ll_usb.o
    0x080108dc   0x080108dc   0x00000014   Code   RO         1892    i.USB_ReadDevAllOutEpInterrupt  stm32f4xx_ll_usb.o
    0x080108f0   0x080108f0   0x00000032   Code   RO         1893    i.USB_ReadDevInEPInterrupt  stm32f4xx_ll_usb.o
    0x08010922   0x08010922   0x0000001a   Code   RO         1894    i.USB_ReadDevOutEPInterrupt  stm32f4xx_ll_usb.o
    0x0801093c   0x0801093c   0x0000000a   Code   RO         1895    i.USB_ReadInterrupts  stm32f4xx_ll_usb.o
    0x08010946   0x08010946   0x00000022   Code   RO         1896    i.USB_ReadPacket    stm32f4xx_ll_usb.o
    0x08010968   0x08010968   0x00000036   Code   RO         1898    i.USB_SetCurrentMode  stm32f4xx_ll_usb.o
    0x0801099e   0x0801099e   0x0000002a   Code   RO         1899    i.USB_SetDevAddress  stm32f4xx_ll_usb.o
    0x080109c8   0x080109c8   0x00000012   Code   RO         1900    i.USB_SetDevSpeed   stm32f4xx_ll_usb.o
    0x080109da   0x080109da   0x00000002   PAD
    0x080109dc   0x080109dc   0x000000e8   Code   RO         1901    i.USB_SetTurnaroundTime  stm32f4xx_ll_usb.o
    0x08010ac4   0x08010ac4   0x0000003c   Code   RO         1904    i.USB_WritePacket   stm32f4xx_ll_usb.o
    0x08010b00   0x08010b00   0x00000004   Code   RO         1327    i.UsageFault_Handler  stm32f4xx_it.o
    0x08010b04   0x08010b04   0x00000030   Code   RO        12319    i.__ARM_fpclassify  m_wm.l(fpclassify.o)
    0x08010b34   0x08010b34   0x00000026   Code   RO        12321    i.__ARM_fpclassifyf  m_wm.l(fpclassifyf.o)
    0x08010b5a   0x08010b5a   0x00000002   PAD
    0x08010b5c   0x08010b5c   0x00000010   Code   RO         6074    i.__NVIC_GetPriorityGrouping  stm32f4xx_hal_cortex.o
    0x08010b6c   0x08010b6c   0x00000028   Code   RO         6075    i.__NVIC_SetPriority  stm32f4xx_hal_cortex.o
    0x08010b94   0x08010b94   0x00000006   Code   RO        11234    i.__get_PRIMASK     fifo.o
    0x08010b9a   0x08010b9a   0x00000002   PAD
    0x08010b9c   0x08010b9c   0x0000012c   Code   RO        12029    i.__hardfp_asinf    m_wm.l(asinf.o)
    0x08010cc8   0x08010cc8   0x000002d8   Code   RO        12041    i.__hardfp_atan     m_wm.l(atan.o)
    0x08010fa0   0x08010fa0   0x000002ac   Code   RO        12055    i.__hardfp_atan2f   m_wm.l(atan2f.o)
    0x0801124c   0x0801124c   0x00000014   Code   RO        12067    i.__hardfp_fabs     m_wm.l(fabs.o)
    0x08011260   0x08011260   0x00000c50   Code   RO        12073    i.__hardfp_pow      m_wm.l(pow.o)
    0x08011eb0   0x08011eb0   0x0000007a   Code   RO        12099    i.__hardfp_sqrt     m_wm.l(sqrt_full.o)
    0x08011f2a   0x08011f2a   0x0000003a   Code   RO        12105    i.__hardfp_sqrtf    m_wm.l(sqrtf_full.o)
    0x08011f64   0x08011f64   0x000000f8   Code   RO        12337    i.__kernel_poly     m_wm.l(poly.o)
    0x0801205c   0x0801205c   0x00000004   PAD
    0x08012060   0x08012060   0x00000030   Code   RO        12305    i.__mathlib_dbl_divzero  m_wm.l(dunder.o)
    0x08012090   0x08012090   0x00000014   Code   RO        12306    i.__mathlib_dbl_infnan  m_wm.l(dunder.o)
    0x080120a4   0x080120a4   0x00000014   Code   RO        12307    i.__mathlib_dbl_infnan2  m_wm.l(dunder.o)
    0x080120b8   0x080120b8   0x00000020   Code   RO        12308    i.__mathlib_dbl_invalid  m_wm.l(dunder.o)
    0x080120d8   0x080120d8   0x00000020   Code   RO        12309    i.__mathlib_dbl_overflow  m_wm.l(dunder.o)
    0x080120f8   0x080120f8   0x00000020   Code   RO        12311    i.__mathlib_dbl_underflow  m_wm.l(dunder.o)
    0x08012118   0x08012118   0x00000006   Code   RO        12324    i.__mathlib_flt_infnan  m_wm.l(funder.o)
    0x0801211e   0x0801211e   0x00000006   Code   RO        12325    i.__mathlib_flt_infnan2  m_wm.l(funder.o)
    0x08012124   0x08012124   0x00000010   Code   RO        12326    i.__mathlib_flt_invalid  m_wm.l(funder.o)
    0x08012134   0x08012134   0x00000010   Code   RO        12329    i.__mathlib_flt_underflow  m_wm.l(funder.o)
    0x08012144   0x08012144   0x00000006   Code   RO        11235    i.__set_PRIMASK     fifo.o
    0x0801214a   0x0801214a   0x0000000e   Code   RO        11953    i._is_digit         c_w.l(__printf_wp.o)
    0x08012158   0x08012158   0x00000068   Code   RO         8892    i.aRGB_led_show     bsp_led.o
    0x080121c0   0x080121c0   0x000001d0   Code   RO        11626    i.accel_comple_filter  AHRS.lib(ahrs.o)
    0x08012390   0x08012390   0x0000018c   Code   RO        11627    i.accel_update_kp_ki  AHRS.lib(ahrs.o)
    0x0801251c   0x0801251c   0x0000003c   Code   RO         8418    i.adcx_get_chx_value  bsp_adc.o
    0x08012558   0x08012558   0x0000016c   Code   RO        11628    i.angle_to_quat     AHRS.lib(ahrs.o)
    0x080126c4   0x080126c4   0x00000044   Code   RO        10105    i.battery_voltage_task  voltage_task.o
    0x08012708   0x08012708   0x00000134   Code   RO        10579    i.bmi088_accel_init  bmi088driver.o
    0x0801283c   0x0801283c   0x000002fc   Code   RO        10580    i.bmi088_accel_self_test  bmi088driver.o
    0x08012b38   0x08012b38   0x000000f4   Code   RO        10581    i.bmi088_gyro_init  bmi088driver.o
    0x08012c2c   0x08012c2c   0x000000d0   Code   RO        10582    i.bmi088_gyro_self_test  bmi088driver.o
    0x08012cfc   0x08012cfc   0x0000004c   Code   RO         8795    i.bsp_I2C_reset     bsp_i2c.o
    0x08012d48   0x08012d48   0x00000010   Code   RO         8565    i.buzzer_off        bsp_buzzer.o
    0x08012d58   0x08012d58   0x00000014   Code   RO         8566    i.buzzer_on         bsp_buzzer.o
    0x08012d6c   0x08012d6c   0x000000e8   Code   RO        10106    i.calc_battery_percentage  voltage_task.o
    0x08012e54   0x08012e54   0x00000008   Code   RO         9754    i.calc_gimbal_cali  gimbal_task.o
    0x08012e5c   0x08012e5c   0x000000ec   Code   RO         9563    i.cali_data_read    calibrate_task.o
    0x08012f48   0x08012f48   0x0000008c   Code   RO         9564    i.cali_data_write   calibrate_task.o
    0x08012fd4   0x08012fd4   0x0000006c   Code   RO         9565    i.cali_gimbal_hook  calibrate_task.o
    0x08013040   0x08013040   0x00000064   Code   RO         9566    i.cali_gyro_hook    calibrate_task.o
    0x080130a4   0x080130a4   0x00000046   Code   RO         9567    i.cali_head_hook    calibrate_task.o
    0x080130ea   0x080130ea   0x00000002   PAD
    0x080130ec   0x080130ec   0x000000b8   Code   RO         9568    i.cali_param_init   calibrate_task.o
    0x080131a4   0x080131a4   0x00000148   Code   RO         9569    i.calibrate_task    calibrate_task.o
    0x080132ec   0x080132ec   0x0000005c   Code   RO         8599    i.can_filter_init   bsp_can.o
    0x08013348   0x08013348   0x000000b8   Code   RO         9491    i.chassis_behaviour_control_set  chassis_behaviour.o
    0x08013400   0x08013400   0x00000104   Code   RO         9492    i.chassis_behaviour_mode_set  chassis_behaviour.o
    0x08013504   0x08013504   0x0000017c   Code   RO         9493    i.chassis_bpin_yaw_control  chassis_behaviour.o
    0x08013680   0x08013680   0x00000620   Code   RO         9275    i.chassis_control_loop  chassis_task.o
    0x08013ca0   0x08013ca0   0x00000060   Code   RO         9494    i.chassis_engineer_follow_chassis_yaw_control  chassis_behaviour.o
    0x08013d00   0x08013d00   0x00000164   Code   RO         9276    i.chassis_feedback_update  chassis_task.o
    0x08013e64   0x08013e64   0x00000060   Code   RO         9495    i.chassis_infantry_follow_gimbal_yaw_control  chassis_behaviour.o
    0x08013ec4   0x08013ec4   0x000000d8   Code   RO         9277    i.chassis_init      chassis_task.o
    0x08013f9c   0x08013f9c   0x00000058   Code   RO         9278    i.chassis_mode_change_control_transit  chassis_task.o
    0x08013ff4   0x08013ff4   0x00000080   Code   RO         9496    i.chassis_no_follow_yaw_control  chassis_behaviour.o
    0x08014074   0x08014074   0x0000002c   Code   RO         9497    i.chassis_no_move_control  chassis_behaviour.o
    0x080140a0   0x080140a0   0x0000005c   Code   RO         9498    i.chassis_open_set_control  chassis_behaviour.o
    0x080140fc   0x080140fc   0x0000016c   Code   RO         9279    i.chassis_rc_to_control_vector  chassis_task.o
    0x08014268   0x08014268   0x00000308   Code   RO         9280    i.chassis_set_contorl  chassis_task.o
    0x08014570   0x08014570   0x00000012   Code   RO         9281    i.chassis_set_mode  chassis_task.o
    0x08014582   0x08014582   0x00000002   PAD
    0x08014584   0x08014584   0x000000cc   Code   RO         9282    i.chassis_task      chassis_task.o
    0x08014650   0x08014650   0x00000054   Code   RO         9283    i.chassis_vector_to_mecanum_wheel_speed  chassis_task.o
    0x080146a4   0x080146a4   0x0000002c   Code   RO         9499    i.chassis_zero_force_control  chassis_behaviour.o
    0x080146d0   0x080146d0   0x00000118   Code   RO         9755    i.cmd_cali_gimbal_hook  gimbal_task.o
    0x080147e8   0x080147e8   0x00000030   Code   RO         8665    i.delay_init        bsp_delay.o
    0x08014818   0x08014818   0x00000050   Code   RO         8667    i.delay_us          bsp_delay.o
    0x08014868   0x08014868   0x00000124   Code   RO         9204    i.detect_hook       detect_task.o
    0x0801498c   0x0801498c   0x00000180   Code   RO         9205    i.detect_init       detect_task.o
    0x08014b0c   0x08014b0c   0x00000288   Code   RO         9206    i.detect_task       detect_task.o
    0x08014d94   0x08014d94   0x00000018   Code   RO        12069    i.fabs              m_wm.l(fabs.o)
    0x08014dac   0x08014dac   0x0000003a   Code   RO        11253    i.fifo_s_get        fifo.o
    0x08014de6   0x08014de6   0x00000016   Code   RO        11256    i.fifo_s_init       fifo.o
    0x08014dfc   0x08014dfc   0x000000a0   Code   RO        11262    i.fifo_s_puts       fifo.o
    0x08014e9c   0x08014e9c   0x00000006   Code   RO        11264    i.fifo_s_used       fifo.o
    0x08014ea2   0x08014ea2   0x00000054   Code   RO        11066    i.first_order_filter_cali  user_lib.o
    0x08014ef6   0x08014ef6   0x00000002   PAD
    0x08014ef8   0x08014ef8   0x00000024   Code   RO        11067    i.first_order_filter_init  user_lib.o
    0x08014f1c   0x08014f1c   0x0000002e   Code   RO         8703    i.flash_erase_address  bsp_flash.o
    0x08014f4a   0x08014f4a   0x00000014   Code   RO         8704    i.flash_read        bsp_flash.o
    0x08014f5e   0x08014f5e   0x00000002   PAD
    0x08014f60   0x08014f60   0x00000098   Code   RO         8706    i.flash_write_single_address  bsp_flash.o
    0x08014ff8   0x08014ff8   0x0000002a   Code   RO        11068    i.fp32_constrain    user_lib.o
    0x08015022   0x08015022   0x00000002   PAD
    0x08015024   0x08015024   0x000000f4   Code   RO         8707    i.ger_sector        bsp_flash.o
    0x08015118   0x08015118   0x00000034   Code   RO        11175    i.get_CRC16_check_sum  crc8_crc16.o
    0x0801514c   0x0801514c   0x00000024   Code   RO        11176    i.get_CRC8_check_sum  crc8_crc16.o
    0x08015170   0x08015170   0x00000008   Code   RO         9874    i.get_INS_angle_point  ins_task.o
    0x08015178   0x08015178   0x000000e8   Code   RO        11629    i.get_angle         AHRS.lib(ahrs.o)
    0x08015260   0x08015260   0x00000024   Code   RO        10107    i.get_battery_percentage  voltage_task.o
    0x08015284   0x08015284   0x00000048   Code   RO         8419    i.get_battery_voltage  bsp_adc.o
    0x080152cc   0x080152cc   0x00000008   Code   RO         9389    i.get_can_2006_measure_point  can_receive.o
    0x080152d4   0x080152d4   0x00000008   Code   RO         9390    i.get_can_3508_left_measure_point  can_receive.o
    0x080152dc   0x080152dc   0x00000008   Code   RO         9391    i.get_can_3508_right_measure_point  can_receive.o
    0x080152e4   0x080152e4   0x00000018   Code   RO         9392    i.get_chassis_motor_measure_point  can_receive.o
    0x080152fc   0x080152fc   0x0000000c   Code   RO         9570    i.get_control_temperature  calibrate_task.o
    0x08015308   0x08015308   0x00000008   Code   RO         9207    i.get_error_list_point  detect_task.o
    0x08015310   0x08015310   0x00000008   Code   RO         9877    i.get_gyro_data_point  ins_task.o
    0x08015318   0x08015318   0x000000e8   Code   RO         8708    i.get_next_flash_address  bsp_flash.o
    0x08015400   0x08015400   0x00000008   Code   RO         9393    i.get_pitch_gimbal_motor_measure_point  can_receive.o
    0x08015408   0x08015408   0x00000008   Code   RO         9756    i.get_pitch_motor_point  gimbal_task.o
    0x08015410   0x08015410   0x00000008   Code   RO         9125    i.get_remote_control_point  remote_control.o
    0x08015418   0x08015418   0x0000005c   Code   RO         8421    i.get_temprate      bsp_adc.o
    0x08015474   0x08015474   0x00000008   Code   RO         9394    i.get_trigger_motor_measure_point  can_receive.o
    0x0801547c   0x0801547c   0x00000008   Code   RO         9027    i.get_vision_fifo   bsp_usart.o
    0x08015484   0x08015484   0x00000008   Code   RO         9395    i.get_yaw_gimbal_motor_measure_point  can_receive.o
    0x0801548c   0x0801548c   0x00000008   Code   RO         9757    i.get_yaw_motor_point  gimbal_task.o
    0x08015494   0x08015494   0x000000d0   Code   RO         9658    i.gimbal_absolute_angle_control  gimbal_behaviour.o
    0x08015564   0x08015564   0x000000d0   Code   RO         9659    i.gimbal_absolute_spin_angle_control  gimbal_behaviour.o
    0x08015634   0x08015634   0x000000f8   Code   RO         9660    i.gimbal_behaviour_control_set  gimbal_behaviour.o
    0x0801572c   0x0801572c   0x000000a4   Code   RO         9661    i.gimbal_behaviour_mode_set  gimbal_behaviour.o
    0x080157d0   0x080157d0   0x00000260   Code   RO         9662    i.gimbal_behavour_set  gimbal_behaviour.o
    0x08015a30   0x08015a30   0x000001d0   Code   RO         9663    i.gimbal_cali_control  gimbal_behaviour.o
    0x08015c00   0x08015c00   0x0000002c   Code   RO         9664    i.gimbal_cmd_to_chassis_stop  gimbal_behaviour.o
    0x08015c2c   0x08015c2c   0x00000248   Code   RO         9758    i.gimbal_control_loop  gimbal_task.o
    0x08015e74   0x08015e74   0x00000084   Code   RO         9759    i.gimbal_feedback_update  gimbal_task.o
    0x08015ef8   0x08015ef8   0x000000c8   Code   RO         9760    i.gimbal_init       gimbal_task.o
    0x08015fc0   0x08015fc0   0x000000c4   Code   RO         9666    i.gimbal_init_control  gimbal_behaviour.o
    0x08016084   0x08016084   0x000000c0   Code   RO         9761    i.gimbal_mode_change_control_transit  gimbal_task.o
    0x08016144   0x08016144   0x00000020   Code   RO         9667    i.gimbal_motionless_control  gimbal_behaviour.o
    0x08016164   0x08016164   0x00000100   Code   RO         9762    i.gimbal_pitch_absolute_angle_limit  gimbal_task.o
    0x08016264   0x08016264   0x00000054   Code   RO         9763    i.gimbal_pitch_relative_angle_limit  gimbal_task.o
    0x080162b8   0x080162b8   0x000000d0   Code   RO         9668    i.gimbal_relative_angle_control  gimbal_behaviour.o
    0x08016388   0x08016388   0x000000b4   Code   RO         9764    i.gimbal_set_control  gimbal_task.o
    0x0801643c   0x0801643c   0x00000012   Code   RO         9765    i.gimbal_set_mode   gimbal_task.o
    0x0801644e   0x0801644e   0x00000002   PAD
    0x08016450   0x08016450   0x000000a0   Code   RO         9766    i.gimbal_task       gimbal_task.o
    0x080164f0   0x080164f0   0x00000044   Code   RO         9767    i.gimbal_yaw_absolute_angle_limit  gimbal_task.o
    0x08016534   0x08016534   0x00000014   Code   RO         9768    i.gimbal_yaw_relative_angle_limit  gimbal_task.o
    0x08016548   0x08016548   0x00000020   Code   RO         9669    i.gimbal_zero_force_control  gimbal_behaviour.o
    0x08016568   0x08016568   0x00000054   Code   RO         9879    i.gyro_offset_calc  ins_task.o
    0x080165bc   0x080165bc   0x0000012c   Code   RO         9880    i.imu_cali_slove    ins_task.o
    0x080166e8   0x080166e8   0x00000168   Code   RO         9881    i.imu_cmd_spi_dma   ins_task.o
    0x08016850   0x08016850   0x0000000c   Code   RO         8760    i.imu_pwm_set       bsp_imu_pwm.o
    0x0801685c   0x0801685c   0x000000b8   Code   RO         9882    i.imu_temp_control  ins_task.o
    0x08016914   0x08016914   0x000000c0   Code   RO         9989    i.init_referee_struct_data  referee.o
    0x080169d4   0x080169d4   0x00000040   Code   RO         8422    i.init_vrefint_reciprocal  bsp_adc.o
    0x08016a14   0x08016a14   0x00000002   Code   RO        10813    i.ist8310_GPIO_init  ist8310driver_middleware.o
    0x08016a16   0x08016a16   0x00000002   PAD
    0x08016a18   0x08016a18   0x00000028   Code   RO        10815    i.ist8310_IIC_read_single_reg  ist8310driver_middleware.o
    0x08016a40   0x08016a40   0x00000028   Code   RO        10817    i.ist8310_IIC_write_single_reg  ist8310driver_middleware.o
    0x08016a68   0x08016a68   0x00000014   Code   RO        10818    i.ist8310_RST_H     ist8310driver_middleware.o
    0x08016a7c   0x08016a7c   0x00000014   Code   RO        10819    i.ist8310_RST_L     ist8310driver_middleware.o
    0x08016a90   0x08016a90   0x00000002   Code   RO        10820    i.ist8310_com_init  ist8310driver_middleware.o
    0x08016a92   0x08016a92   0x0000000c   Code   RO        10821    i.ist8310_delay_ms  ist8310driver_middleware.o
    0x08016a9e   0x08016a9e   0x00000002   PAD
    0x08016aa0   0x08016aa0   0x00000094   Code   RO        10775    i.ist8310_init      ist8310driver.o
    0x08016b34   0x08016b34   0x00000010   Code   RO         8858    i.laser_off         bsp_laser.o
    0x08016b44   0x08016b44   0x00000010   Code   RO         8859    i.laser_on          bsp_laser.o
    0x08016b54   0x08016b54   0x000001b0   Code   RO        10243    i.led_RGB_flow_task  led_flow_task.o
    0x08016d04   0x08016d04   0x00000060   Code   RO        11073    i.loop_fp32_constrain  user_lib.o
    0x08016d64   0x08016d64   0x00000084   Code   RO           15    i.main              main.o
    0x08016de8   0x08016de8   0x0000000e   Code   RO         7509    i.makeFreeRtosPriority  cmsis_os.o
    0x08016df6   0x08016df6   0x00000002   PAD
    0x08016df8   0x08016df8   0x00000034   Code   RO         9769    i.motor_ecd_to_angle_change  gimbal_task.o
    0x08016e2c   0x08016e2c   0x00000018   Code   RO         7511    i.osDelay           cmsis_os.o
    0x08016e44   0x08016e44   0x0000000a   Code   RO         7514    i.osKernelStart     cmsis_os.o
    0x08016e4e   0x08016e4e   0x00000010   Code   RO         7547    i.osSystickHandler  cmsis_os.o
    0x08016e5e   0x08016e5e   0x0000005e   Code   RO         7548    i.osThreadCreate    cmsis_os.o
    0x08016ebc   0x08016ebc   0x00000030   Code   RO         7006    i.pcTaskGetName     tasks.o
    0x08016eec   0x08016eec   0x000000a4   Code   RO         7007    i.prvAddCurrentTaskToDelayedList  tasks.o
    0x08016f90   0x08016f90   0x000000b4   Code   RO         7008    i.prvAddNewTaskToReadyList  tasks.o
    0x08017044   0x08017044   0x00000074   Code   RO         7356    i.prvCheckForValidListAndQueue  timers.o
    0x080170b8   0x080170b8   0x00000048   Code   RO         7009    i.prvCheckTasksWaitingTermination  tasks.o
    0x08017100   0x08017100   0x0000002a   Code   RO         6660    i.prvCopyDataFromQueue  queue.o
    0x0801712a   0x0801712a   0x0000007c   Code   RO         6661    i.prvCopyDataToQueue  queue.o
    0x080171a6   0x080171a6   0x00000050   Code   RO         7010    i.prvDeleteTCB      tasks.o
    0x080171f6   0x080171f6   0x00000002   PAD
    0x080171f8   0x080171f8   0x00000028   Code   RO         7357    i.prvGetNextExpireTime  timers.o
    0x08017220   0x08017220   0x0000007c   Code   RO         7891    i.prvHeapInit       heap_4.o
    0x0801729c   0x0801729c   0x00000028   Code   RO         7011    i.prvIdleTask       tasks.o
    0x080172c4   0x080172c4   0x00000026   Code   RO         6664    i.prvInitialiseNewQueue  queue.o
    0x080172ea   0x080172ea   0x000000b8   Code   RO         7012    i.prvInitialiseNewTask  tasks.o
    0x080173a2   0x080173a2   0x00000002   PAD
    0x080173a4   0x080173a4   0x00000068   Code   RO         7013    i.prvInitialiseTaskLists  tasks.o
    0x0801740c   0x0801740c   0x00000068   Code   RO         7892    i.prvInsertBlockIntoFreeList  heap_4.o
    0x08017474   0x08017474   0x00000058   Code   RO         7359    i.prvInsertTimerInActiveList  timers.o
    0x080174cc   0x080174cc   0x0000001a   Code   RO         6665    i.prvIsQueueEmpty   queue.o
    0x080174e6   0x080174e6   0x0000001e   Code   RO         6666    i.prvIsQueueFull    queue.o
    0x08017504   0x08017504   0x00000064   Code   RO         7360    i.prvProcessExpiredTimer  timers.o
    0x08017568   0x08017568   0x00000128   Code   RO         7361    i.prvProcessReceivedCommands  timers.o
    0x08017690   0x08017690   0x00000074   Code   RO         7362    i.prvProcessTimerOrBlockTask  timers.o
    0x08017704   0x08017704   0x00000034   Code   RO         7014    i.prvResetNextTaskUnblockTime  tasks.o
    0x08017738   0x08017738   0x0000002c   Code   RO         7363    i.prvSampleTimeNow  timers.o
    0x08017764   0x08017764   0x0000009e   Code   RO         7015    i.prvSearchForNameWithinSingleList  tasks.o
    0x08017802   0x08017802   0x00000002   PAD
    0x08017804   0x08017804   0x000000a0   Code   RO         7364    i.prvSwitchTimerLists  timers.o
    0x080178a4   0x080178a4   0x00000016   Code   RO         7016    i.prvTaskCheckFreeStackSpace  tasks.o
    0x080178ba   0x080178ba   0x00000002   PAD
    0x080178bc   0x080178bc   0x00000040   Code   RO         7941    i.prvTaskExitError  port.o
    0x080178fc   0x080178fc   0x0000001a   Code   RO         7365    i.prvTimerTask      timers.o
    0x08017916   0x08017916   0x0000007e   Code   RO         6667    i.prvUnlockQueue    queue.o
    0x08017994   0x08017994   0x0000013c   Code   RO         7893    i.pvPortMalloc      heap_4.o
    0x08017ad0   0x08017ad0   0x0000002c   Code   RO         7942    i.pxPortInitialiseStack  port.o
    0x08017afc   0x08017afc   0x00000084   Code   RO        11634    i.quat_normalization  AHRS.lib(ahrs.o)
    0x08017b80   0x08017b80   0x000001a4   Code   RO         9990    i.referee_data_solve  referee.o
    0x08017d24   0x08017d24   0x0000014c   Code   RO        10197    i.referee_unpack_fifo_data  referee_usart_task.o
    0x08017e70   0x08017e70   0x00000038   Code   RO        10198    i.referee_usart_task  referee_usart_task.o
    0x08017ea8   0x08017ea8   0x00000014   Code   RO         9126    i.remote_control_init  remote_control.o
    0x08017ebc   0x08017ebc   0x000000da   Code   RO         9127    i.sbus_to_rc        remote_control.o
    0x08017f96   0x08017f96   0x00000002   PAD
    0x08017f98   0x08017f98   0x00000058   Code   RO         9128    i.sbus_to_usart1    remote_control.o
    0x08017ff0   0x08017ff0   0x00000020   Code   RO         9770    i.set_cali_gimbal_hook  gimbal_task.o
    0x08018010   0x08018010   0x000000c8   Code   RO        10047    i.shoot_control_loop  shoot_task.o
    0x080180d8   0x080180d8   0x000000e8   Code   RO        10048    i.shoot_feedback_update  shoot_task.o
    0x080181c0   0x080181c0   0x00000120   Code   RO        10049    i.shoot_init        shoot_task.o
    0x080182e0   0x080182e0   0x000001fc   Code   RO        10050    i.shoot_set_mode    shoot_task.o
    0x080184dc   0x080184dc   0x0000007c   Code   RO        10051    i.shoot_task        shoot_task.o
    0x08018558   0x08018558   0x0000006e   Code   RO        12101    i.sqrt              m_wm.l(sqrt_full.o)
    0x080185c6   0x080185c6   0x0000003e   Code   RO        12107    i.sqrtf             m_wm.l(sqrtf_full.o)
    0x08018604   0x08018604   0x00000078   Code   RO        11553    i.stm32_pid_pitch_init  stm32.o
    0x0801867c   0x0801867c   0x00000070   Code   RO        11555    i.stm32_pid_yaw_init  stm32.o
    0x080186ec   0x080186ec   0x0000062c   Code   RO        11556    i.stm32_step_pitch  stm32.o
    0x08018d18   0x08018d18   0x000006cc   Code   RO        11558    i.stm32_step_yaw    stm32.o
    0x080193e4   0x080193e4   0x00000018   Code   RO         9208    i.toe_is_error      detect_task.o
    0x080193fc   0x080193fc   0x00000088   Code   RO        10052    i.trigger_motor_turn_back  shoot_task.o
    0x08019484   0x08019484   0x00000074   Code   RO         7019    i.ulTaskNotifyTake  tasks.o
    0x080194f8   0x080194f8   0x0000007a   Code   RO        11635    i.update_w          AHRS.lib(ahrs.o)
    0x08019572   0x08019572   0x00000002   PAD
    0x08019574   0x08019574   0x000000a8   Code   RO         9028    i.usart1_tx_dma_enable  bsp_usart.o
    0x0801961c   0x0801961c   0x00000074   Code   RO         9029    i.usart1_tx_dma_init  bsp_usart.o
    0x08019690   0x08019690   0x00000138   Code   RO         9030    i.usart6_init       bsp_usart.o
    0x080197c8   0x080197c8   0x00000038   Code   RO        10143    i.usb_printf        usb_task.o
    0x08019800   0x08019800   0x00000134   Code   RO        10144    i.usb_task          usb_task.o
    0x08019934   0x08019934   0x00000028   Code   RO         6620    i.uxListRemove      list.o
    0x0801995c   0x0801995c   0x00000028   Code   RO         7021    i.uxTaskGetStackHighWaterMark  tasks.o
    0x08019984   0x08019984   0x00000018   Code   RO          625    i.vApplicationGetIdleTaskMemory  freertos.o
    0x0801999c   0x0801999c   0x00000018   Code   RO          626    i.vApplicationGetTimerTaskMemory  freertos.o
    0x080199b4   0x080199b4   0x0000001a   Code   RO         6621    i.vListInitialise   list.o
    0x080199ce   0x080199ce   0x00000006   Code   RO         6622    i.vListInitialiseItem  list.o
    0x080199d4   0x080199d4   0x00000034   Code   RO         6623    i.vListInsert       list.o
    0x08019a08   0x08019a08   0x00000018   Code   RO         6624    i.vListInsertEnd    list.o
    0x08019a20   0x08019a20   0x00000054   Code   RO         7944    i.vPortEnterCritical  port.o
    0x08019a74   0x08019a74   0x0000003c   Code   RO         7945    i.vPortExitCritical  port.o
    0x08019ab0   0x08019ab0   0x00000094   Code   RO         7894    i.vPortFree         heap_4.o
    0x08019b44   0x08019b44   0x00000028   Code   RO         7946    i.vPortSetupTimerInterrupt  port.o
    0x08019b6c   0x08019b6c   0x00000078   Code   RO         7947    i.vPortValidateInterruptPriority  port.o
    0x08019be4   0x08019be4   0x0000002c   Code   RO         6671    i.vQueueAddToRegistry  queue.o
    0x08019c10   0x08019c10   0x0000004a   Code   RO         6674    i.vQueueWaitForMessageRestricted  queue.o
    0x08019c5a   0x08019c5a   0x00000002   PAD
    0x08019c5c   0x08019c5c   0x0000005c   Code   RO         7025    i.vTaskDelay        tasks.o
    0x08019cb8   0x08019cb8   0x00000018   Code   RO         7029    i.vTaskInternalSetTimeOutState  tasks.o
    0x08019cd0   0x08019cd0   0x0000000c   Code   RO         7030    i.vTaskMissedYield  tasks.o
    0x08019cdc   0x08019cdc   0x000000f0   Code   RO         7031    i.vTaskNotifyGiveFromISR  tasks.o
    0x08019dcc   0x08019dcc   0x00000038   Code   RO         7032    i.vTaskPlaceOnEventList  tasks.o
    0x08019e04   0x08019e04   0x00000040   Code   RO         7033    i.vTaskPlaceOnEventListRestricted  tasks.o
    0x08019e44   0x08019e44   0x000000b8   Code   RO         7040    i.vTaskStartScheduler  tasks.o
    0x08019efc   0x08019efc   0x00000010   Code   RO         7042    i.vTaskSuspendAll   tasks.o
    0x08019f0c   0x08019f0c   0x0000008c   Code   RO         7043    i.vTaskSwitchContext  tasks.o
    0x08019f98   0x08019f98   0x00000040   Code   RO        11177    i.verify_CRC16_check_sum  crc8_crc16.o
    0x08019fd8   0x08019fd8   0x0000002e   Code   RO        11178    i.verify_CRC8_check_sum  crc8_crc16.o
    0x0801a006   0x0801a006   0x00000002   PAD
    0x0801a008   0x0801a008   0x000000a4   Code   RO         9032    i.vision_init       bsp_usart.o
    0x0801a0ac   0x0801a0ac   0x000006e8   Code   RO        10410    i.vision_loop       vision.o
    0x0801a794   0x0801a794   0x00000150   Code   RO         9033    i.vision_rx_decode  bsp_usart.o
    0x0801a8e4   0x0801a8e4   0x00000168   Code   RO         7948    i.xPortStartScheduler  port.o
    0x0801aa4c   0x0801aa4c   0x00000034   Code   RO         7949    i.xPortSysTickHandler  port.o
    0x0801aa80   0x0801aa80   0x000000de   Code   RO         6678    i.xQueueGenericCreateStatic  queue.o
    0x0801ab5e   0x0801ab5e   0x00000002   PAD
    0x0801ab60   0x0801ab60   0x00000098   Code   RO         6679    i.xQueueGenericReset  queue.o
    0x0801abf8   0x0801abf8   0x000001a8   Code   RO         6680    i.xQueueGenericSend  queue.o
    0x0801ada0   0x0801ada0   0x000000f8   Code   RO         6681    i.xQueueGenericSendFromISR  queue.o
    0x0801ae98   0x0801ae98   0x00000168   Code   RO         6689    i.xQueueReceive     queue.o
    0x0801b000   0x0801b000   0x000000a8   Code   RO         7045    i.xTaskCheckForTimeOut  tasks.o
    0x0801b0a8   0x0801b0a8   0x00000064   Code   RO         7046    i.xTaskCreate       tasks.o
    0x0801b10c   0x0801b10c   0x000000b8   Code   RO         7047    i.xTaskCreateStatic  tasks.o
    0x0801b1c4   0x0801b1c4   0x000000a4   Code   RO         7051    i.xTaskGetHandle    tasks.o
    0x0801b268   0x0801b268   0x00000020   Code   RO         7052    i.xTaskGetSchedulerState  tasks.o
    0x0801b288   0x0801b288   0x0000000c   Code   RO         7053    i.xTaskGetTickCount  tasks.o
    0x0801b294   0x0801b294   0x00000148   Code   RO         7055    i.xTaskIncrementTick  tasks.o
    0x0801b3dc   0x0801b3dc   0x000000c8   Code   RO         7058    i.xTaskPriorityDisinherit  tasks.o
    0x0801b4a4   0x0801b4a4   0x00000098   Code   RO         7060    i.xTaskRemoveFromEventList  tasks.o
    0x0801b53c   0x0801b53c   0x00000104   Code   RO         7061    i.xTaskResumeAll    tasks.o
    0x0801b640   0x0801b640   0x00000078   Code   RO         7370    i.xTimerCreateTimerTask  timers.o
    0x0801b6b8   0x0801b6b8   0x00000084   Code   RO         7371    i.xTimerGenericCommand  timers.o
    0x0801b73c   0x0801b73c   0x0000002c   Code   RO        12428    locale$$code        c_w.l(lc_numeric_c.o)
    0x0801b768   0x0801b768   0x0000002c   Code   RO        12489    locale$$code        c_w.l(lc_ctype_c.o)
    0x0801b794   0x0801b794   0x00000018   Code   RO        11983    x$fpl$basic         g_wm.l(basic.o)
    0x0801b7ac   0x0801b7ac   0x000002c4   Code   RO        11985    x$fpl$d2f           g_wm.l(d2f_clz.o)
    0x0801ba70   0x0801ba70   0x0000024c   Code   RO        11987    x$fpl$dadd          g_wm.l(daddsub_clz.o)
    0x0801bcbc   0x0801bcbc   0x0000001c   Code   RO        12439    x$fpl$dcheck1       g_wm.l(dcheck1.o)
    0x0801bcd8   0x0801bcd8   0x00000018   Code   RO        12274    x$fpl$dcmpinf       g_wm.l(dcmpi.o)
    0x0801bcf0   0x0801bcf0   0x0000037c   Code   RO        11994    x$fpl$ddiv          g_wm.l(ddiv_clz.o)
    0x0801c06c   0x0801c06c   0x000000c8   Code   RO        11997    x$fpl$dfix          g_wm.l(dfix.o)
    0x0801c134   0x0801c134   0x0000002e   Code   RO        12002    x$fpl$dflt          g_wm.l(dflt_clz.o)
    0x0801c162   0x0801c162   0x0000001a   Code   RO        12003    x$fpl$dfltn         g_wm.l(dflt_clz.o)
    0x0801c17c   0x0801c17c   0x00000026   Code   RO        12001    x$fpl$dfltu         g_wm.l(dflt_clz.o)
    0x0801c1a2   0x0801c1a2   0x00000002   PAD
    0x0801c1a4   0x0801c1a4   0x00000078   Code   RO        12007    x$fpl$dleqf         g_wm.l(dleqf.o)
    0x0801c21c   0x0801c21c   0x000001c0   Code   RO        12009    x$fpl$dmul          g_wm.l(dmul_clz.o)
    0x0801c3dc   0x0801c3dc   0x00000102   Code   RO        12276    x$fpl$dnaninf       g_wm.l(dnaninf.o)
    0x0801c4de   0x0801c4de   0x00000070   Code   RO        12278    x$fpl$drenorm       g_wm.l(drenorm_clz.o)
    0x0801c54e   0x0801c54e   0x0000000c   Code   RO        12280    x$fpl$dretinf       g_wm.l(dretinf.o)
    0x0801c55a   0x0801c55a   0x00000062   Code   RO        12011    x$fpl$drleqf        g_wm.l(drleqf.o)
    0x0801c5bc   0x0801c5bc   0x00000050   Code   RO        11988    x$fpl$drsb          g_wm.l(daddsub_clz.o)
    0x0801c60c   0x0801c60c   0x00000208   Code   RO        12282    x$fpl$dsqrt         g_wm.l(dsqrt_umaalclz.o)
    0x0801c814   0x0801c814   0x0000029c   Code   RO        11989    x$fpl$dsub          g_wm.l(daddsub_clz.o)
    0x0801cab0   0x0801cab0   0x0000017a   Code   RO        12284    x$fpl$dunder        g_wm.l(dunder_clz.o)
    0x0801cc2a   0x0801cc2a   0x00000002   PAD
    0x0801cc2c   0x0801cc2c   0x000001ec   Code   RO        12286    x$fpl$exception     g_wm.l(except.o)
    0x0801ce18   0x0801ce18   0x0000007a   Code   RO        12013    x$fpl$f2d           g_wm.l(f2d.o)
    0x0801ce92   0x0801ce92   0x000000f2   Code   RO        12288    x$fpl$fnaninf       g_wm.l(fnaninf.o)
    0x0801cf84   0x0801cf84   0x0000000a   Code   RO        12441    x$fpl$fpinit        g_wm.l(fpinit.o)
    0x0801cf8e   0x0801cf8e   0x0000000a   Code   RO        12290    x$fpl$fretinf       g_wm.l(fretinf.o)
    0x0801cf98   0x0801cf98   0x0000013c   Code   RO        12292    x$fpl$funder        g_wm.l(funder_clz.o)
    0x0801d0d4   0x0801d0d4   0x00000020   Code   RO        12443    x$fpl$ieeestatus    g_wm.l(istatus.o)
    0x0801d0f4   0x0801d0f4   0x00000004   Code   RO        12015    x$fpl$printf1       g_wm.l(printf1.o)
    0x0801d0f8   0x0801d0f8   0x00000004   Code   RO        12294    x$fpl$printf2       g_wm.l(printf2.o)
    0x0801d0fc   0x0801d0fc   0x000000b2   Code   RO        12445    x$fpl$retnan        g_wm.l(retnan.o)
    0x0801d1ae   0x0801d1ae   0x00000002   PAD
    0x0801d1b0   0x0801d1b0   0x00000114   Code   RO        12300    x$fpl$scalbn        g_wm.l(scalbn_clz.o)
    0x0801d2c4   0x0801d2c4   0x0000007e   Code   RO        12302    x$fpl$trapveneer    g_wm.l(trapv.o)
    0x0801d342   0x0801d342   0x00000000   Code   RO        12304    x$fpl$usenofp       g_wm.l(usenofp.o)
    0x0801d342   0x0801d342   0x00000002   PAD
    0x0801d344   0x0801d344   0x00000134   Data   RO          628    .constdata          freertos.o
    0x0801d478   0x0801d478   0x00000008   Data   RO         5791    .constdata          stm32f4xx_hal_dma.o
    0x0801d480   0x0801d480   0x00000018   Data   RO         6453    .constdata          system_stm32f4xx.o
    0x0801d498   0x0801d498   0x00000066   Data   RO         9210    .constdata          detect_task.o
    0x0801d4fe   0x0801d4fe   0x00000002   PAD
    0x0801d500   0x0801d500   0x00000020   Data   RO         9285    .constdata          chassis_task.o
    0x0801d520   0x0801d520   0x0000000f   Data   RO         9573    .constdata          calibrate_task.o
    0x0801d52f   0x0801d52f   0x00000001   PAD
    0x0801d530   0x0801d530   0x00000018   Data   RO         9884    .constdata          ins_task.o
    0x0801d548   0x0801d548   0x0000003c   Data   RO        10054    .constdata          shoot_task.o
    0x0801d584   0x0801d584   0x0000000e   Data   RO        10146    .constdata          usb_task.o
    0x0801d592   0x0801d592   0x00000302   Data   RO        10327    .constdata          rm_cilent_ui.o
    0x0801d894   0x0801d894   0x00000012   Data   RO        10587    .constdata          bmi088driver.o
    0x0801d8a6   0x0801d8a6   0x0000000c   Data   RO        10778    .constdata          ist8310driver.o
    0x0801d8b2   0x0801d8b2   0x00000302   Data   RO        11179    .constdata          crc8_crc16.o
    0x0801dbb4   0x0801dbb4   0x0000000c   Data   RO        11636    .constdata          AHRS.lib(ahrs.o)
    0x0801dbc0   0x0801dbc0   0x00000804   Data   RO        11846    .constdata          arm_cortexM4lf_math.lib(arm_common_tables.o)
    0x0801e3c4   0x0801e3c4   0x00000011   Data   RO        11961    .constdata          c_w.l(__printf_flags_ss_wp.o)
    0x0801e3d5   0x0801e3d5   0x00000003   PAD
    0x0801e3d8   0x0801e3d8   0x00000098   Data   RO        12044    .constdata          m_wm.l(atan.o)
    0x0801e470   0x0801e470   0x00000088   Data   RO        12076    .constdata          m_wm.l(pow.o)
    0x0801e4f8   0x0801e4f8   0x00000008   Data   RO        12174    .constdata          c_w.l(_printf_wctomb.o)
    0x0801e500   0x0801e500   0x00000028   Data   RO        12203    .constdata          c_w.l(_printf_hex_int_ll_ptr.o)
    0x0801e528   0x0801e528   0x00000008   Data   RO        12339    .constdata          m_wm.l(qnan.o)
    0x0801e530   0x0801e530   0x00000026   Data   RO        12390    .constdata          c_w.l(_printf_fp_hex.o)
    0x0801e556   0x0801e556   0x00000002   PAD
    0x0801e558   0x0801e558   0x00000094   Data   RO        12401    .constdata          c_w.l(bigflt0.o)
    0x0801e5ec   0x0801e5ec   0x00000064   Data   RO          629    .conststring        freertos.o
    0x0801e650   0x0801e650   0x00000122   Data   RO        10147    .conststring        usb_task.o
    0x0801e772   0x0801e772   0x00000002   PAD
    0x0801e774   0x0801e774   0x00000020   Data   RO        12543    Region$$Table       anon$$obj.o
    0x0801e794   0x0801e794   0x0000001c   Data   RO        12427    locale$$data        c_w.l(lc_numeric_c.o)
    0x0801e7b0   0x0801e7b0   0x00000110   Data   RO        12488    locale$$data        c_w.l(lc_ctype_c.o)


    Execution Region RW_IRAM1 (Exec base: 0x20000000, Load base: 0x0801e8c0, Size: 0x0000eab8, Max: 0x00020000, ABSOLUTE, COMPRESSED[0x00000188])

    Exec Addr    Load Addr    Size         Type   Attr      Idx    E Section Name        Object

    0x20000000   COMPRESSED   0x00000004   Data   RW          513    .data               can.o
    0x20000004   COMPRESSED   0x00000008   Data   RW          560    .data               crc.o
    0x2000000c   COMPRESSED   0x00000038   Data   RW          630    .data               freertos.o
    0x20000044   COMPRESSED   0x0000004e   Data   RW         1178    .data               usbd_desc.o
    0x20000092   COMPRESSED   0x00000002   PAD
    0x20000094   COMPRESSED   0x00000010   Data   RW         1264    .data               usbd_cdc_if.o
    0x200000a4   COMPRESSED   0x00000002   Data   RW         1328    .data               stm32f4xx_it.o
    0x200000a6   COMPRESSED   0x00000002   PAD
    0x200000a8   COMPRESSED   0x00000009   Data   RW         6223    .data               stm32f4xx_hal.o
    0x200000b1   COMPRESSED   0x00000003   PAD
    0x200000b4   COMPRESSED   0x00000004   Data   RW         6454    .data               system_stm32f4xx.o
    0x200000b8   COMPRESSED   0x0000003c   Data   RW         7064    .data               tasks.o
    0x200000f4   COMPRESSED   0x00000014   Data   RW         7379    .data               timers.o
    0x20000108   COMPRESSED   0x00000018   Data   RW         7899    .data               heap_4.o
    0x20000120   COMPRESSED   0x0000000c   Data   RW         7950    .data               port.o
    0x2000012c   COMPRESSED   0x00000001   Data   RW         8172    .data               usbd_ctlreq.o
    0x2000012d   COMPRESSED   0x00000003   PAD
    0x20000130   COMPRESSED   0x0000010f   Data   RW         8328    .data               usbd_cdc.o
    0x2000023f   COMPRESSED   0x00000001   PAD
    0x20000240   COMPRESSED   0x00000004   Data   RW         8424    .data               bsp_adc.o
    0x20000244   COMPRESSED   0x00000008   Data   RW         8668    .data               bsp_delay.o
    0x2000024c   COMPRESSED   0x00000010   Data   RW         8709    .data               bsp_flash.o
    0x2000025c   COMPRESSED   0x00000008   Data   RW         8893    .data               bsp_led.o
    0x20000264   COMPRESSED   0x00000003   Data   RW         9132    .data               remote_control.o
    0x20000267   COMPRESSED   0x00000001   PAD
    0x20000268   COMPRESSED   0x00000009   Data   RW         9211    .data               detect_task.o
    0x20000271   COMPRESSED   0x00000003   PAD
    0x20000274   COMPRESSED   0x00000009   Data   RW         9286    .data               chassis_task.o
    0x2000027d   COMPRESSED   0x00000003   PAD
    0x20000280   COMPRESSED   0x0000002d   Data   RW         9397    .data               can_receive.o
    0x200002ad   COMPRESSED   0x00000003   PAD
    0x200002b0   COMPRESSED   0x00000008   Data   RW         9500    .data               chassis_behaviour.o
    0x200002b8   COMPRESSED   0x00000054   Data   RW         9574    .data               calibrate_task.o
    0x2000030c   COMPRESSED   0x00000020   Data   RW         9670    .data               gimbal_behaviour.o
    0x2000032c   COMPRESSED   0x00000014   Data   RW         9772    .data               gimbal_task.o
    0x20000340   COMPRESSED   0x000000a0   Data   RW         9885    .data               ins_task.o
    0x200003e0   COMPRESSED   0x0000002c   Data   RW         9992    .data               referee.o
    0x2000040c   COMPRESSED   0x00000024   Data   RW        10055    .data               shoot_task.o
    0x20000430   COMPRESSED   0x00000008   Data   RW        10108    .data               voltage_task.o
    0x20000438   COMPRESSED   0x00000008   Data   RW        10148    .data               usb_task.o
    0x20000440   COMPRESSED   0x00000002   Data   RW        10200    .data               referee_usart_task.o
    0x20000442   COMPRESSED   0x00000002   PAD
    0x20000444   COMPRESSED   0x0000001c   Data   RW        10244    .data               led_flow_task.o
    0x20000460   COMPRESSED   0x00000004   Data   RW        10328    .data               rm_cilent_ui.o
    0x20000464   COMPRESSED   0x00000050   Data   RW        10412    .data               vision.o
    0x200004b4   COMPRESSED   0x00000008   Data   RW        10462    .data               oled.o
    0x200004bc   COMPRESSED   0x0000002c   Data   RW        10588    .data               bmi088driver.o
    0x200004e8   COMPRESSED   0x00000002   Data   RW        11180    .data               crc8_crc16.o
    0x200004ea   COMPRESSED   0x00000002   PAD
    0x200004ec   COMPRESSED   0x00000010   Data   RW        11637    .data               AHRS.lib(ahrs.o)
    0x200004fc        -       0x00000140   Zero   RW          371    .bss                tim.o
    0x2000063c        -       0x00000090   Zero   RW          464    .bss                adc.o
    0x200006cc        -       0x00000050   Zero   RW          512    .bss                can.o
    0x2000071c        -       0x000006a8   Zero   RW          627    .bss                freertos.o
    0x20000dc4        -       0x0000015c   Zero   RW          690    .bss                i2c.o
    0x20000f20        -       0x00000010   Zero   RW          742    .bss                rng.o
    0x20000f30        -       0x00000020   Zero   RW          784    .bss                rtc.o
    0x20000f50        -       0x00000170   Zero   RW          827    .bss                spi.o
    0x200010c0        -       0x000002a0   Zero   RW          876    .bss                usart.o
    0x20001360        -       0x0000029c   Zero   RW          926    .bss                usb_device.o
    0x200015fc        -       0x00000408   Zero   RW         1002    .bss                usbd_conf.o
    0x20001a04        -       0x00000200   Zero   RW         1177    .bss                usbd_desc.o
    0x20001c04        -       0x00001000   Zero   RW         1263    .bss                usbd_cdc_if.o
    0x20002c04        -       0x00000020   Zero   RW         5445    .bss                stm32f4xx_hal_flash.o
    0x20002c24        -       0x00000040   Zero   RW         6692    .bss                queue.o
    0x20002c64        -       0x000000f0   Zero   RW         7063    .bss                tasks.o
    0x20002d54        -       0x00000110   Zero   RW         7378    .bss                timers.o
    0x20002e64        -       0x00006000   Zero   RW         7898    .bss                heap_4.o
    0x20008e64        -       0x00000010   Zero   RW         8423    .bss                bsp_adc.o
    0x20008e74        -       0x000000c0   Zero   RW         9034    .bss                bsp_usart.o
    0x20008f34        -       0x00000072   Zero   RW         9131    .bss                remote_control.o
    0x20008fa6        -       0x00000288   Zero   RW         9209    .bss                detect_task.o
    0x2000922e   COMPRESSED   0x00000002   PAD
    0x20009230        -       0x00000258   Zero   RW         9284    .bss                chassis_task.o
    0x20009488        -       0x000000c4   Zero   RW         9396    .bss                can_receive.o
    0x2000954c        -       0x00000115   Zero   RW         9572    .bss                calibrate_task.o
    0x20009661   COMPRESSED   0x00000007   PAD
    0x20009668        -       0x00000410   Zero   RW         9771    .bss                gimbal_task.o
    0x20009a78        -       0x00000134   Zero   RW         9883    .bss                ins_task.o
    0x20009bac        -       0x00000072   Zero   RW         9991    .bss                referee.o
    0x20009c1e   COMPRESSED   0x00000002   PAD
    0x20009c20        -       0x00000178   Zero   RW        10053    .bss                shoot_task.o
    0x20009d98        -       0x00000100   Zero   RW        10145    .bss                usb_task.o
    0x20009e98        -       0x000008a1   Zero   RW        10199    .bss                referee_usart_task.o
    0x2000a739   COMPRESSED   0x00000003   PAD
    0x2000a73c        -       0x00000034   Zero   RW        10411    .bss                vision.o
    0x2000a770        -       0x000002e8   Zero   RW        11559    .bss                stm32.o
    0x2000aa58        -       0x00000060   Zero   RW        12346    .bss                c_w.l(libspace.o)
    0x2000aab8        -       0x00002000   Zero   RW            2    HEAP                startup_stm32f407xx.o
    0x2000cab8        -       0x00002000   Zero   RW            1    STACK               startup_stm32f407xx.o


==============================================================================

Image component sizes


      Code (inc. data)   RO Data    RW Data    ZI Data      Debug   Object Name

       396         42          0          0        144       2302   adc.o
       168          4          0          0          0       5444   ahrs_middleware.o
      2338         40         18         44          0      10579   bmi088driver.o
       140         28          0          0          0       4816   bmi088middleware.o
       288         44          0          4         16     629352   bsp_adc.o
        36         12          0          0          0        985   bsp_buzzer.o
        92          8          0          0          0        586   bsp_can.o
       128         20          0          8          0       1324   bsp_delay.o
       694        108          0         16          0       4061   bsp_flash.o
       200         30          0          0          0       1496   bsp_i2c.o
        12          4          0          0          0        498   bsp_imu_pwm.o
        32         10          0          0          0        903   bsp_laser.o
       104         22          0          8          0        588   bsp_led.o
       260         28          0          0          0       1963   bsp_rc.o
     10428        170          0          0          0       5654   bsp_spi.o
      1104         94          0          0        192       5267   bsp_usart.o
      2062        108         15         84        277       9910   calibrate_task.o
       488         44          0          4         80       2378   can.o
      1300        118          0         45        196      10386   can_receive.o
      1324         64          0          8          0       8214   chassis_behaviour.o
      3674        192         32          9        600      19993   chassis_task.o
       158          0          0          0          0      25010   cmsis_os.o
        84         18          0          8          0       1455   crc.o
       198         16        770          2          0       3721   crc8_crc16.o
         0          0          0          0          0       7392   croutine.o
      1356         48        102          9        648       9249   detect_task.o
       200          6          0          0          0        838   dma.o
         0          0          0          0          0      20320   event_groups.o
       258          0          0          0          0      10131   fifo.o
       364         66        408         56       1704       4020   freertos.o
      2412        188          0         32          0       9327   gimbal_behaviour.o
      2282        140          0         20       1040      15039   gimbal_task.o
       648         28          0          0          0       1343   gpio.o
       692         62          0         24      24576       4783   heap_4.o
       700         80          0          0        348       3044   i2c.o
      4296        328         24        160        308      13172   ins_task.o
       148          6         12          0          0       2503   ist8310driver.o
       136         22          0          0          0       3979   ist8310driver_middleware.o
       432         10          0         28          0       1653   led_flow_task.o
       148          0          0          0          0       3574   list.o
       346         14          0          0          0     782995   main.o
        44         10          0          8          0       1625   oled.o
       592          8          0          0          0       1906   pid.o
      1014         92          0         12          0      12041   port.o
      1910         20          0          0         64      17096   queue.o
       612        146          0         44        114       8005   referee.o
       684         50          0          2       2209       3968   referee_usart_task.o
       654         44          0          3        114       7634   remote_control.o
      1268         24        770          4          0       8190   rm_cilent_ui.o
        84         18          0          0         16       1455   rng.o
        76         16          0          0         32       1403   rtc.o
      1488        166         60         36        376       5135   shoot_task.o
       604         54          0          0        368       2544   spi.o
        64         26        392          0      16384        844   startup_stm32f407xx.o
      3552        242          0          0        744       5760   stm32.o
       212         36          0          9          0       4557   stm32f4xx_hal.o
      1370         54          0          0          0       5114   stm32f4xx_hal_adc.o
      2136          6          0          0          0      14299   stm32f4xx_hal_can.o
       304         22          0          0          0      34463   stm32f4xx_hal_cortex.o
        36          0          0          0          0       1039   stm32f4xx_hal_crc.o
      1074         16          8          0          0       4539   stm32f4xx_hal_dma.o
       636         64          0          0         32       5958   stm32f4xx_hal_flash.o
       432         26          0          0          0       3254   stm32f4xx_hal_flash_ex.o
       568         50          0          0          0       3618   stm32f4xx_hal_gpio.o
      2772         46          0          0          0      11598   stm32f4xx_hal_i2c.o
        84          6          0          0          0        834   stm32f4xx_hal_msp.o
      3242         18          0          0          0     765873   stm32f4xx_hal_pcd.o
        90          0          0          0          0       2433   stm32f4xx_hal_pcd_ex.o
      1732         84          0          0          0       5528   stm32f4xx_hal_rcc.o
       416         20          0          0          0       1408   stm32f4xx_hal_rcc_ex.o
        52          0          0          0          0       1067   stm32f4xx_hal_rng.o
       336          4          0          0          0       2612   stm32f4xx_hal_rtc.o
       970          8          0          0          0       4501   stm32f4xx_hal_spi.o
      1572         90          0          0          0      12799   stm32f4xx_hal_tim.o
       200          0          0          0          0       2104   stm32f4xx_hal_tim_ex.o
      2000         12          0          0          0       9683   stm32f4xx_hal_uart.o
       460         62          0          2          0       9500   stm32f4xx_it.o
      3696        112          0          0          0      22622   stm32f4xx_ll_usb.o
         0          0          0          0          0        416   stream_buffer.o
       100         18         24          4          0       1155   system_stm32f4xx.o
      3688        418          0         60        240      30581   tasks.o
      1688        138          0          0        320       5794   tim.o
      1238        124          0         20        272      27071   timers.o
      1556        134          0          0          0       3906   ui_task.o
      1016         94          0          0        672       3523   usart.o
        76         16          0          0        668       2479   usb_device.o
       364         24        304          8        256       2574   usb_task.o
       964         24          0        271          0      13470   usbd_cdc.o
       192         22          0         16       4096       3512   usbd_cdc_if.o
       990         18          0          0       1032      15676   usbd_conf.o
       886          0          0          0          0      12969   usbd_core.o
      1944         28          0          1          0      11060   usbd_ctlreq.o
       386        122          0         78        512       6613   usbd_desc.o
       174          0          0          0          0       4712   usbd_ioreq.o
       258          4          0          0          0       3775   user_lib.o
      1884        144          0         80         52       2430   vision.o
       336         72          0          8          0       2053   voltage_task.o

    ----------------------------------------------------------------------
     95000       5274       2976       1260      58716    2811025   Object Totals
         0          0         32          0          0          0   (incl. Generated)
        98          0          5         25         14          0   (incl. Padding)

    ----------------------------------------------------------------------

      Code (inc. data)   RO Data    RW Data    ZI Data      Debug   Library Member Name

      2718         84         12         16          0       9922   ahrs.o
         0          0       2052          0          0       4636   arm_common_tables.o
       120         12          0          0          0      16970   arm_cos_f32.o
       116         12          0          0          0        658   arm_sin_f32.o
        44          6          0          0          0         84   __2sprintf.o
        90          0          0          0          0          0   __dczerorl2.o
         8          0          0          0          0         68   __main.o
       392          4         17          0          0         92   __printf_flags_ss_wp.o
        14          0          0          0          0         68   __printf_wp.o
         0          0          0          0          0          0   __rtentry.o
        12          0          0          0          0          0   __rtentry2.o
         6          0          0          0          0          0   __rtentry4.o
        52          8          0          0          0          0   __scatter.o
        28          0          0          0          0          0   __scatter_zi.o
        48          4          0          0          0         84   _fptrap.o
         6          0          0          0          0          0   _printf_a.o
         6          0          0          0          0          0   _printf_c.o
        44          0          0          0          0        108   _printf_char.o
        48          6          0          0          0         96   _printf_char_common.o
        40          0          0          0          0         68   _printf_charcount.o
         6          0          0          0          0          0   _printf_d.o
       120         16          0          0          0         92   _printf_dec.o
         6          0          0          0          0          0   _printf_e.o
         6          0          0          0          0          0   _printf_f.o
      1054          0          0          0          0        216   _printf_fp_dec.o
       764          8         38          0          0        100   _printf_fp_hex.o
       128         16          0          0          0         84   _printf_fp_infnan.o
         6          0          0          0          0          0   _printf_g.o
       148          4         40          0          0        160   _printf_hex_int_ll_ptr.o
         6          0          0          0          0          0   _printf_i.o
       178          0          0          0          0         88   _printf_intcommon.o
        10          0          0          0          0          0   _printf_l.o
         6          0          0          0          0          0   _printf_lc.o
        10          0          0          0          0          0   _printf_ll.o
         6          0          0          0          0          0   _printf_lld.o
         6          0          0          0          0          0   _printf_lli.o
         6          0          0          0          0          0   _printf_llo.o
         6          0          0          0          0          0   _printf_llu.o
         6          0          0          0          0          0   _printf_llx.o
       124         16          0          0          0         92   _printf_longlong_dec.o
         6          0          0          0          0          0   _printf_ls.o
         6          0          0          0          0          0   _printf_n.o
         6          0          0          0          0          0   _printf_o.o
       112         10          0          0          0        124   _printf_oct_int_ll.o
         6          0          0          0          0          0   _printf_p.o
        78          0          0          0          0        108   _printf_pad.o
         0          0          0          0          0          0   _printf_percent.o
         4          0          0          0          0          0   _printf_percent_end.o
         6          0          0          0          0          0   _printf_s.o
        82          0          0          0          0         80   _printf_str.o
        36          0          0          0          0         84   _printf_truncate.o
         6          0          0          0          0          0   _printf_u.o
        44          0          0          0          0        108   _printf_wchar.o
       188          6          8          0          0         92   _printf_wctomb.o
         6          0          0          0          0          0   _printf_x.o
        22          0          0          0          0        100   _rserrno.o
        10          0          0          0          0         68   _sputc.o
        64          0          0          0          0         92   _wcrtomb.o
        16          0          0          0          0         68   aeabi_memset.o
       228          4        148          0          0         96   bigflt0.o
      1936        128          0          0          0        672   btod.o
        10          0          0          0          0         68   defsig_exit.o
       172        110          0          0          0         76   defsig_fpe_inner.o
        14          0          0          0          0         80   defsig_fpe_outer.o
        50          0          0          0          0         88   defsig_general.o
        80         58          0          0          0         76   defsig_rtmem_inner.o
        14          0          0          0          0         80   defsig_rtmem_outer.o
        18          0          0          0          0         80   exit.o
        94          0          0          0          0         80   h1_alloc.o
        52          0          0          0          0         68   h1_extend.o
        78          0          0          0          0         80   h1_free.o
        14          0          0          0          0         84   h1_init.o
         6          0          0          0          0        152   heapauxi.o
         4          0          0          0          0        136   hguard.o
         0          0          0          0          0          0   indicate_semi.o
       138          0          0          0          0        168   init_alloc.o
        44         10        272          0          0         76   lc_ctype_c.o
        44         10         28          0          0         76   lc_numeric_c.o
         2          0          0          0          0          0   libinit.o
        42          0          0          0          0          0   libinit2.o
         2          0          0          0          0          0   libshutdown.o
         2          0          0          0          0          0   libshutdown2.o
         8          4          0          0         96         68   libspace.o
       138          0          0          0          0         80   lludiv10.o
       238          0          0          0          0        100   lludivv7m.o
         0          0          0          0          0          0   maybetermalloc1.o
        16          4          0          0          0         76   rt_ctype_table.o
         8          4          0          0          0         68   rt_errno_addr_intlibspace.o
         8          4          0          0          0         68   rt_heap_descriptor_intlibspace.o
         8          4          0          0          0         68   rt_locale_intlibspace.o
        68          0          0          0          0         68   rt_memclr.o
        78          0          0          0          0         80   rt_memclr_w.o
       138          0          0          0          0         68   rt_memcpy_v6.o
       100          0          0          0          0         80   rt_memcpy_w.o
         2          0          0          0          0          0   rtexit.o
        10          0          0          0          0          0   rtexit2.o
       128          0          0          0          0         68   strcmpv7m.o
        62          0          0          0          0         76   strlen.o
        12          4          0          0          0         68   sys_exit.o
        74          0          0          0          0         80   sys_stackheap_outer.o
        14          0          0          0          0         76   sys_wrch.o
         2          0          0          0          0         68   use_no_semi.o
        36          4          0          0          0         76   vsprintf.o
        24          0          0          0          0        164   basic.o
       708         16          0          0          0        140   d2f_clz.o
      1336         32          0          0          0        532   daddsub_clz.o
        28          0          0          0          0        116   dcheck1.o
        24          0          0          0          0        116   dcmpi.o
       892        152          0          0          0        292   ddiv_clz.o
       200         16          0          0          0        184   dfix.o
       110          0          0          0          0        348   dflt_clz.o
       120          8          0          0          0        140   dleqf.o
       448         16          0          0          0        164   dmul_clz.o
       258          4          0          0          0        156   dnaninf.o
       112          0          0          0          0        160   drenorm_clz.o
        12          0          0          0          0        116   dretinf.o
        98          0          0          0          0        128   drleqf.o
       520         56          0          0          0        180   dsqrt_umaalclz.o
       378          0          0          0          0        168   dunder_clz.o
       492         36          0          0          0        148   except.o
       122          8          0          0          0        132   f2d.o
       242          4          0          0          0        144   fnaninf.o
        10          0          0          0          0        116   fpinit.o
        10          0          0          0          0        116   fretinf.o
       316          0          0          0          0        132   funder_clz.o
        32          4          0          0          0        116   istatus.o
         4          0          0          0          0        116   printf1.o
         4          0          0          0          0        116   printf2.o
       178          0          0          0          0        116   retnan.o
       276          4          0          0          0        124   scalbn_clz.o
       126          0          0          0          0        148   trapv.o
         0          0          0          0          0          0   usenofp.o
       300         42          0          0          0        176   asinf.o
       728        106        152          0          0        228   atan.o
       684         90          0          0          0        208   atan2f.o
       184         44          0          0          0        744   dunder.o
        44          0          0          0          0        248   fabs.o
        48          0          0          0          0        124   fpclassify.o
        38          0          0          0          0        116   fpclassifyf.o
        44         12          0          0          0        464   funder.o
       248          0          0          0          0        152   poly.o
      3152        296        136          0          0        352   pow.o
         0          0          8          0          0          0   qnan.o
       232          0          0          0          0        296   sqrt_full.o
       120          0          0          0          0        272   sqrtf_full.o

    ----------------------------------------------------------------------
     24228       1506       2916         16         96      46190   Library Totals
        42          0          5          0          0          0   (incl. Padding)

    ----------------------------------------------------------------------

      Code (inc. data)   RO Data    RW Data    ZI Data      Debug   Library Name

      2718         84         12         16          0       9922   AHRS.lib
       236         24       2052          0          0      22264   arm_cortexM4lf_math.lib
      8330        452        551          0         96       5996   c_w.l
      7080        356          0          0          0       4628   g_wm.l
      5822        590        296          0          0       3380   m_wm.l

    ----------------------------------------------------------------------
     24228       1506       2916         16         96      46190   Library Totals

    ----------------------------------------------------------------------

==============================================================================


      Code (inc. data)   RO Data    RW Data    ZI Data      Debug   

    119228       6780       5892       1276      58812    2788983   Grand Totals
    119228       6780       5892        392      58812    2788983   ELF Image Totals (compressed)
    119228       6780       5892        392          0          0   ROM Totals

==============================================================================

    Total RO  Size (Code + RO Data)               125120 ( 122.19kB)
    Total RW  Size (RW Data + ZI Data)             60088 (  58.68kB)
    Total ROM Size (Code + RO Data + RW Data)     125512 ( 122.57kB)

==============================================================================

